Component: Arm Compiler for Embedded 6.19 Tool: armlink [5e73cb00]

==============================================================================

Section Cross References

    stm32f072b_discovery.o(.ARM.exidx.text.BSP_GetVersion) refers to stm32f072b_discovery.o(.text.BSP_GetVersion) for [Anonymous Symbol]
    stm32f072b_discovery.o(.text.BSP_LED_Init) refers to stm32f0xx_hal_gpio.o(.text.HAL_GPIO_Init) for HAL_GPIO_Init
    stm32f072b_discovery.o(.text.BSP_LED_Init) refers to stm32f0xx_hal_gpio.o(.text.HAL_GPIO_WritePin) for HAL_GPIO_WritePin
    stm32f072b_discovery.o(.text.BSP_LED_Init) refers to stm32f072b_discovery.o(.rodata.LED_PIN) for LED_PIN
    stm32f072b_discovery.o(.text.BSP_LED_Init) refers to stm32f072b_discovery.o(.data.LED_PORT) for LED_PORT
    stm32f072b_discovery.o(.ARM.exidx.text.BSP_LED_Init) refers to stm32f072b_discovery.o(.text.BSP_LED_Init) for [Anonymous Symbol]
    stm32f072b_discovery.o(.text.BSP_LED_On) refers to stm32f0xx_hal_gpio.o(.text.HAL_GPIO_WritePin) for HAL_GPIO_WritePin
    stm32f072b_discovery.o(.text.BSP_LED_On) refers to stm32f072b_discovery.o(.data.LED_PORT) for LED_PORT
    stm32f072b_discovery.o(.text.BSP_LED_On) refers to stm32f072b_discovery.o(.rodata.LED_PIN) for LED_PIN
    stm32f072b_discovery.o(.ARM.exidx.text.BSP_LED_On) refers to stm32f072b_discovery.o(.text.BSP_LED_On) for [Anonymous Symbol]
    stm32f072b_discovery.o(.text.BSP_LED_Off) refers to stm32f0xx_hal_gpio.o(.text.HAL_GPIO_WritePin) for HAL_GPIO_WritePin
    stm32f072b_discovery.o(.text.BSP_LED_Off) refers to stm32f072b_discovery.o(.data.LED_PORT) for LED_PORT
    stm32f072b_discovery.o(.text.BSP_LED_Off) refers to stm32f072b_discovery.o(.rodata.LED_PIN) for LED_PIN
    stm32f072b_discovery.o(.ARM.exidx.text.BSP_LED_Off) refers to stm32f072b_discovery.o(.text.BSP_LED_Off) for [Anonymous Symbol]
    stm32f072b_discovery.o(.text.BSP_LED_Toggle) refers to stm32f0xx_hal_gpio.o(.text.HAL_GPIO_TogglePin) for HAL_GPIO_TogglePin
    stm32f072b_discovery.o(.text.BSP_LED_Toggle) refers to stm32f072b_discovery.o(.data.LED_PORT) for LED_PORT
    stm32f072b_discovery.o(.text.BSP_LED_Toggle) refers to stm32f072b_discovery.o(.rodata.LED_PIN) for LED_PIN
    stm32f072b_discovery.o(.ARM.exidx.text.BSP_LED_Toggle) refers to stm32f072b_discovery.o(.text.BSP_LED_Toggle) for [Anonymous Symbol]
    stm32f072b_discovery.o(.text.BSP_PB_Init) refers to stm32f0xx_hal_gpio.o(.text.HAL_GPIO_Init) for HAL_GPIO_Init
    stm32f072b_discovery.o(.text.BSP_PB_Init) refers to stm32f0xx_hal_cortex.o(.text.HAL_NVIC_SetPriority) for HAL_NVIC_SetPriority
    stm32f072b_discovery.o(.text.BSP_PB_Init) refers to stm32f0xx_hal_cortex.o(.text.HAL_NVIC_EnableIRQ) for HAL_NVIC_EnableIRQ
    stm32f072b_discovery.o(.text.BSP_PB_Init) refers to stm32f072b_discovery.o(.data.BUTTON_PORT) for BUTTON_PORT
    stm32f072b_discovery.o(.ARM.exidx.text.BSP_PB_Init) refers to stm32f072b_discovery.o(.text.BSP_PB_Init) for [Anonymous Symbol]
    stm32f072b_discovery.o(.text.BSP_PB_GetState) refers to stm32f0xx_hal_gpio.o(.text.HAL_GPIO_ReadPin) for HAL_GPIO_ReadPin
    stm32f072b_discovery.o(.text.BSP_PB_GetState) refers to stm32f072b_discovery.o(.data.BUTTON_PORT) for BUTTON_PORT
    stm32f072b_discovery.o(.ARM.exidx.text.BSP_PB_GetState) refers to stm32f072b_discovery.o(.text.BSP_PB_GetState) for [Anonymous Symbol]
    stm32f072b_discovery.o(.text.EEPROM_IO_Init) refers to stm32f072b_discovery.o(.text.I2Cx_Init) for I2Cx_Init
    stm32f072b_discovery.o(.ARM.exidx.text.EEPROM_IO_Init) refers to stm32f072b_discovery.o(.text.EEPROM_IO_Init) for [Anonymous Symbol]
    stm32f072b_discovery.o(.text.I2Cx_Init) refers to stm32f0xx_hal_i2c.o(.text.HAL_I2C_GetState) for HAL_I2C_GetState
    stm32f072b_discovery.o(.text.I2Cx_Init) refers to stm32f0xx_hal_gpio.o(.text.HAL_GPIO_Init) for HAL_GPIO_Init
    stm32f072b_discovery.o(.text.I2Cx_Init) refers to stm32f0xx_hal_dma.o(.text.HAL_DMA_Init) for HAL_DMA_Init
    stm32f072b_discovery.o(.text.I2Cx_Init) refers to stm32f0xx_hal_cortex.o(.text.HAL_NVIC_SetPriority) for HAL_NVIC_SetPriority
    stm32f072b_discovery.o(.text.I2Cx_Init) refers to stm32f0xx_hal_cortex.o(.text.HAL_NVIC_EnableIRQ) for HAL_NVIC_EnableIRQ
    stm32f072b_discovery.o(.text.I2Cx_Init) refers to stm32f0xx_hal_i2c.o(.text.HAL_I2C_Init) for HAL_I2C_Init
    stm32f072b_discovery.o(.text.I2Cx_Init) refers to stm32f072b_discovery.o(.bss.I2cHandle) for I2cHandle
    stm32f072b_discovery.o(.text.I2Cx_Init) refers to stm32f072b_discovery.o(.bss.I2Cx_MspInit.hdma_tx) for [Anonymous Symbol]
    stm32f072b_discovery.o(.text.I2Cx_Init) refers to stm32f072b_discovery.o(.bss.I2Cx_MspInit.hdma_rx) for [Anonymous Symbol]
    stm32f072b_discovery.o(.ARM.exidx.text.I2Cx_Init) refers to stm32f072b_discovery.o(.text.I2Cx_Init) for [Anonymous Symbol]
    stm32f072b_discovery.o(.text.EEPROM_IO_WriteData) refers to stm32f0xx_hal_i2c.o(.text.HAL_I2C_Mem_Write) for HAL_I2C_Mem_Write
[...]
    start_task                               0x080050c5   Thumb Code    92  freertos_semphr_counting.o(.text.start_task)
    [Anonymous Symbol]                       0x080050c4   Section        0  freertos_semphr_counting.o(.text.start_task)
    __arm_cp.1_0                             0x08005120   Number         4  freertos_semphr_counting.o(.text.start_task)
    __arm_cp.1_2                             0x08005138   Number         4  freertos_semphr_counting.o(.text.start_task)
    __arm_cp.1_3                             0x0800513c   Number         4  freertos_semphr_counting.o(.text.start_task)
    __arm_cp.1_5                             0x08005148   Number         4  freertos_semphr_counting.o(.text.start_task)
    task1                                    0x08005169   Thumb Code   188  freertos_semphr_counting.o(.text.task1)
    [Anonymous Symbol]                       0x08005168   Section        0  freertos_semphr_counting.o(.text.task1)
    __arm_cp.2_0                             0x08005224   Number         4  freertos_semphr_counting.o(.text.task1)
    __arm_cp.2_2                             0x08005238   Number         4  freertos_semphr_counting.o(.text.task1)
    __arm_cp.2_3                             0x0800523c   Number         4  freertos_semphr_counting.o(.text.task1)
    __arm_cp.2_5                             0x08005260   Number         4  freertos_semphr_counting.o(.text.task1)
    task2                                    0x080052c5   Thumb Code    68  freertos_semphr_counting.o(.text.task2)
    [Anonymous Symbol]                       0x080052c4   Section        0  freertos_semphr_counting.o(.text.task2)
    __arm_cp.3_0                             0x08005308   Number         4  freertos_semphr_counting.o(.text.task2)
    __arm_cp.3_2                             0x0800531c   Number         4  freertos_semphr_counting.o(.text.task2)
    [Anonymous Symbol]                       0x0800535c   Section        0  portasm.o(.text.ulSetInterruptMask)
    [Anonymous Symbol]                       0x08005364   Section        0  list.o(.text.uxListRemove)
    [Anonymous Symbol]                       0x08005384   Section        0  queue.o(.text.uxQueueMessagesWaiting)
    [Anonymous Symbol]                       0x080053a0   Section        0  tasks.o(.text.uxTaskGetNumberOfTasks)
    [Anonymous Symbol]                       0x080053a8   Section        0  main.o(.text.vApplicationMallocFailedHook)
    __arm_cp.6_0                             0x080053b8   Number         4  main.o(.text.vApplicationMallocFailedHook)
    [Anonymous Symbol]                       0x080053e8   Section        0  main.o(.text.vApplicationStackOverflowHook)
    __arm_cp.4_0                             0x080053f8   Number         4  main.o(.text.vApplicationStackOverflowHook)
    [Anonymous Symbol]                       0x08005428   Section        0  main.o(.text.vApplicationTickHook)
    [Anonymous Symbol]                       0x0800542a   Section        0  portasm.o(.text.vClearInterruptMask)
    [Anonymous Symbol]                       0x08005430   Section        0  list.o(.text.vListInitialise)
    [Anonymous Symbol]                       0x08005440   Section        0  list.o(.text.vListInitialiseItem)
    [Anonymous Symbol]                       0x08005446   Section        0  list.o(.text.vListInsert)
    [Anonymous Symbol]                       0x08005482   Section        0  list.o(.text.vListInsertEnd)
    [Anonymous Symbol]                       0x0800549c   Section        0  port.o(.text.vPortEnterCritical)
    [Anonymous Symbol]                       0x080054b0   Section        0  port.o(.text.vPortExitCritical)
    __arm_cp.3_0                             0x080054d0   Number         4  port.o(.text.vPortExitCritical)
    [Anonymous Symbol]                       0x080054d4   Section        0  heap_4.o(.text.vPortFree)
    __arm_cp.1_0                             0x080055c4   Number         4  heap_4.o(.text.vPortFree)
    __arm_cp.1_1                             0x080055c8   Number         4  heap_4.o(.text.vPortFree)
    __arm_cp.1_2                             0x080055cc   Number         4  heap_4.o(.text.vPortFree)
    __tagsym$$used.0                         0x080055d0   Number         0  port.o(.text.vPortSVCHandler_C)
    [Anonymous Symbol]                       0x080055d0   Section        0  port.o(.text.vPortSVCHandler_C)
    [Anonymous Symbol]                       0x080055e8   Section        0  port.o(.text.vPortSetupTimerInterrupt)
    __arm_cp.0_0                             0x0800560c   Number         4  port.o(.text.vPortSetupTimerInterrupt)
    __arm_cp.0_1                             0x08005610   Number         4  port.o(.text.vPortSetupTimerInterrupt)
    [Anonymous Symbol]                       0x08005614   Section        0  port.o(.text.vPortYield)
    __arm_cp.1_0                             0x08005628   Number         4  port.o(.text.vPortYield)
    [Anonymous Symbol]                       0x08005630   Section        0  portasm.o(.text.vRestoreContextOfFirstTask)
    [Anonymous Symbol]                       0x08005660   Section        0  portasm.o(.text.vStartFirstTask)
    [Anonymous Symbol]                       0x08005670   Section        0  tasks.o(.text.vTaskDelay)
    __arm_cp.5_0                             0x080056e8   Number         4  tasks.o(.text.vTaskDelay)
    [Anonymous Symbol]                       0x080056ec   Section        0  tasks.o(.text.vTaskDelete)
    [Anonymous Symbol]                       0x08005794   Section        0  tasks.o(.text.vTaskInternalSetTimeOutState)
    [Anonymous Symbol]                       0x080057a0   Section        0  tasks.o(.text.vTaskMissedYield)
    [Anonymous Symbol]                       0x080057a8   Section        0  tasks.o(.text.vTaskPlaceOnEventList)
    [Anonymous Symbol]                       0x0800582c   Section        0  tasks.o(.text.vTaskStartScheduler)
    __arm_cp.16_0                            0x08005874   Number         4  tasks.o(.text.vTaskStartScheduler)
    __arm_cp.16_2                            0x08005878   Number         4  tasks.o(.text.vTaskStartScheduler)
    __arm_cp.16_3                            0x0800587c   Number         4  tasks.o(.text.vTaskStartScheduler)
    [Anonymous Symbol]                       0x08005880   Section        0  tasks.o(.text.vTaskSuspendAll)
    __tagsym$$used.0                         0x0800588c   Number         0  tasks.o(.text.vTaskSwitchContext)
    [Anonymous Symbol]                       0x0800588c   Section        0  tasks.o(.text.vTaskSwitchContext)
    __arm_cp.13_0                            0x08005940   Number         4  tasks.o(.text.vTaskSwitchContext)
    __arm_cp.13_1                            0x08005944   Number         4  tasks.o(.text.vTaskSwitchContext)
    __arm_cp.13_2                            0x08005948   Number         4  tasks.o(.text.vTaskSwitchContext)
    __arm_cp.13_3                            0x0800594c   Number         4  tasks.o(.text.vTaskSwitchContext)
    [Anonymous Symbol]                       0x08005950   Section        0  port.o(.text.xPortStartScheduler)
    __arm_cp.8_0                             0x080059a8   Number         4  port.o(.text.xPortStartScheduler)
    __arm_cp.8_1                             0x080059ac   Number         4  port.o(.text.xPortStartScheduler)
    [Anonymous Symbol]                       0x080059b0   Section        0  queue.o(.text.xQueueCreateCountingSemaphore)
    [Anonymous Symbol]                       0x080059d0   Section        0  queue.o(.text.xQueueGenericCreate)
    [Anonymous Symbol]                       0x08005a68   Section        0  queue.o(.text.xQueueGenericSend)
    [Anonymous Symbol]                       0x08005c24   Section        0  tasks.o(.text.xTaskCheckForTimeOut)
    [Anonymous Symbol]                       0x08005c98   Section        0  tasks.o(.text.xTaskCreate)
    __arm_cp.0_3                             0x08005e68   Number         4  tasks.o(.text.xTaskCreate)
    [Anonymous Symbol]                       0x08005e6c   Section        0  tasks.o(.text.xTaskGetSchedulerState)
    [Anonymous Symbol]                       0x08005e84   Section        0  tasks.o(.text.xTaskIncrementTick)
    __arm_cp.18_0                            0x08005fcc   Number         4  tasks.o(.text.xTaskIncrementTick)
    [Anonymous Symbol]                       0x08005fd0   Section        0  tasks.o(.text.xTaskPriorityDisinherit)
    __arm_cp.40_1                            0x08006040   Number         4  tasks.o(.text.xTaskPriorityDisinherit)
    [Anonymous Symbol]                       0x08006044   Section        0  tasks.o(.text.xTaskRemoveFromEventList)
    __arm_cp.27_0                            0x080060f0   Number         4  tasks.o(.text.xTaskRemoveFromEventList)
    __arm_cp.27_1                            0x080060f4   Number         4  tasks.o(.text.xTaskRemoveFromEventList)
    __arm_cp.27_2                            0x080060f8   Number         4  tasks.o(.text.xTaskRemoveFromEventList)
    [Anonymous Symbol]                       0x080060fc   Section        0  tasks.o(.text.xTaskResumeAll)
    __arm_cp.4_0                             0x08006208   Number         4  tasks.o(.text.xTaskResumeAll)
    __arm_cp.4_1                             0x0800620c   Number         4  tasks.o(.text.xTaskResumeAll)
    __arm_cp.4_2                             0x08006210   Number         4  tasks.o(.text.xTaskResumeAll)
    i.__0snprintf                            0x08006214   Section        0  printfa.o(i.__0snprintf)
    i.__0vsnprintf                           0x0800624c   Section        0  printfa.o(i.__0vsnprintf)
    i.__ARM_clz                              0x0800627c   Section        0  depilogue.o(i.__ARM_clz)
    i.__scatterload_copy                     0x080062aa   Section       14  handlers.o(i.__scatterload_copy)
    i.__scatterload_null                     0x080062b8   Section        2  handlers.o(i.__scatterload_null)
    i.__scatterload_zeroinit                 0x080062ba   Section       14  handlers.o(i.__scatterload_zeroinit)
    _fp_digits                               0x080062c9   Thumb Code   344  printfa.o(i._fp_digits)
    i._fp_digits                             0x080062c8   Section        0  printfa.o(i._fp_digits)
    _printf_core                             0x0800643d   Thumb Code  1754  printfa.o(i._printf_core)
    i._printf_core                           0x0800643c   Section        0  printfa.o(i._printf_core)
    _printf_post_padding                     0x08006b29   Thumb Code    32  printfa.o(i._printf_post_padding)
    i._printf_post_padding                   0x08006b28   Section        0  printfa.o(i._printf_post_padding)
    _printf_pre_padding                      0x08006b49   Thumb Code    44  printfa.o(i._printf_pre_padding)
    i._printf_pre_padding                    0x08006b48   Section        0  printfa.o(i._printf_pre_padding)
    _snputc                                  0x08006b75   Thumb Code    22  printfa.o(i._snputc)
    i._snputc                                0x08006b74   Section        0  printfa.o(i._snputc)
    HAL_RCC_GetSysClockFreq.aPLLMULFactorTable 0x08006ba2   Data          16  stm32f0xx_hal_rcc.o(.rodata.cst16)
    [Anonymous Symbol]                       0x08006ba2   Section        0  stm32f0xx_hal_rcc.o(.rodata.cst16)
    HAL_RCC_GetSysClockFreq.aPredivFactorTable 0x08006bb2   Data          16  stm32f0xx_hal_rcc.o(.rodata.cst16)
    level_strings                            0x08006bc4   Data          24  logger.o(.rodata.level_strings)
    [Anonymous Symbol]                       0x08006bc4   Section        0  logger.o(.rodata.level_strings)
    [Anonymous Symbol]                       0x08006bdc   Section        0  stm32f0xx_hal_cortex.o(.rodata.str1.1)
    [Anonymous Symbol]                       0x08006c20   Section        0  stm32f0xx_hal_gpio.o(.rodata.str1.1)
    [Anonymous Symbol]                       0x08006c62   Section        0  stm32f0xx_hal_pcd.o(.rodata.str1.1)
    [Anonymous Symbol]                       0x08006ca3   Section        0  stm32f0xx_hal_rcc.o(.rodata.str1.1)
    [Anonymous Symbol]                       0x08006ce4   Section        0  stm32f0xx_hal_rcc_ex.o(.rodata.str1.1)
    [Anonymous Symbol]                       0x08006d28   Section        0  stm32f0xx_hal_tim.o(.rodata.str1.1)
    [Anonymous Symbol]                       0x08006d69   Section        0  main.o(.rodata.str1.1)
    [Anonymous Symbol]                       0x08006d94   Section        0  logger.o(.rodata.str1.1)
    [Anonymous Symbol]                       0x08006dc8   Section        0  freertos_semphr_counting.o(.rodata.str1.1)
    uxTopUsedPriority                        0x08006e0c   Data           4  tasks.o(.rodata.uxTopUsedPriority)
    [Anonymous Symbol]                       0x08006e0c   Section        0  tasks.o(.rodata.uxTopUsedPriority)
    [Anonymous Symbol]                       0x20000000   Section        0  stm32f0xx_hal.o(.data..L_MergedGlobals)
    USBD_CDC_DeviceQualifierDesc             0x200000e8   Data          10  usbd_cdc.o(.data.USBD_CDC_DeviceQualifierDesc)
    [Anonymous Symbol]                       0x200000e8   Section        0  usbd_cdc.o(.data.USBD_CDC_DeviceQualifierDesc)
    ulCriticalNesting                        0x2000017c   Data           4  port.o(.data.ulCriticalNesting)
    [Anonymous Symbol]                       0x2000017c   Section        0  port.o(.data.ulCriticalNesting)
    uxTaskNumber                             0x20000180   Data           4  tasks.o(.bss..L_MergedGlobals)
    [Anonymous Symbol]                       0x20000180   Section        0  tasks.o(.bss..L_MergedGlobals)
    xSchedulerRunning                        0x20000184   Data           4  tasks.o(.bss..L_MergedGlobals)
    uxDeletedTasksWaitingCleanUp             0x20000188   Data           4  tasks.o(.bss..L_MergedGlobals)
    uxCurrentNumberOfTasks                   0x2000018c   Data           4  tasks.o(.bss..L_MergedGlobals)
    uxSchedulerSuspended                     0x20000190   Data           4  tasks.o(.bss..L_MergedGlobals)
    xTickCount                               0x20000194   Data           4  tasks.o(.bss..L_MergedGlobals)
    pxDelayedTaskList                        0x20000198   Data           4  tasks.o(.bss..L_MergedGlobals)
    pxOverflowDelayedTaskList                0x2000019c   Data           4  tasks.o(.bss..L_MergedGlobals)
    uxTopReadyPriority                       0x200001a0   Data           4  tasks.o(.bss..L_MergedGlobals)
    xYieldPendings                           0x200001a4   Data           4  tasks.o(.bss..L_MergedGlobals)
    xNextTaskUnblockTime                     0x200001a8   Data           4  tasks.o(.bss..L_MergedGlobals)
    xIdleTaskHandles                         0x200001ac   Data           4  tasks.o(.bss..L_MergedGlobals)
    xPendedTicks                             0x200001b0   Data           4  tasks.o(.bss..L_MergedGlobals)
    xNumOfOverflows                          0x200001b4   Data           4  tasks.o(.bss..L_MergedGlobals)
    xTasksWaitingTermination                 0x200001b8   Data          20  tasks.o(.bss..L_MergedGlobals)
    xPendingReadyList                        0x200001cc   Data          20  tasks.o(.bss..L_MergedGlobals)
    xSuspendedTaskList                       0x200001e0   Data          20  tasks.o(.bss..L_MergedGlobals)
    pxEnd                                    0x200001f4   Data           4  heap_4.o(.bss..L_MergedGlobals)
    [Anonymous Symbol]                       0x200001f4   Section        0  heap_4.o(.bss..L_MergedGlobals)
    xFreeBytesRemaining                      0x200001f8   Data           4  heap_4.o(.bss..L_MergedGlobals)
    xMinimumEverFreeBytesRemaining           0x200001fc   Data           4  heap_4.o(.bss..L_MergedGlobals)
    xNumberOfSuccessfulAllocations           0x20000200   Data           4  heap_4.o(.bss..L_MergedGlobals)
    xNumberOfSuccessfulFrees                 0x20000204   Data           4  heap_4.o(.bss..L_MergedGlobals)
    xStart                                   0x20000208   Data           8  heap_4.o(.bss..L_MergedGlobals)
    [Anonymous Symbol]                       0x20000210   Section        0  freertos_semphr_counting.o(.bss..L_MergedGlobals)
    start_task_handle                        0x20000214   Data           4  freertos_semphr_counting.o(.bss..L_MergedGlobals)
    task1_handle                             0x20000218   Data           4  freertos_semphr_counting.o(.bss..L_MergedGlobals)
    task2_handle                             0x2000021c   Data           4  freertos_semphr_counting.o(.bss..L_MergedGlobals)
    xDelayedTaskList1                        0x20000220   Data          20  tasks.o(.bss..L_MergedGlobals.1)
    [Anonymous Symbol]                       0x20000220   Section        0  tasks.o(.bss..L_MergedGlobals.1)
    xDelayedTaskList2                        0x20000234   Data          20  tasks.o(.bss..L_MergedGlobals.1)
    USBD_SetConfig.cfgidx                    0x20000248   Data           1  usbd_ctlreq.o(.bss.USBD_SetConfig.cfgidx)
    [Anonymous Symbol]                       0x20000248   Section        0  usbd_ctlreq.o(.bss.USBD_SetConfig.cfgidx)
    USBD_static_malloc.mem                   0x2000044c   Data         544  usbd_conf.o(.bss.USBD_static_malloc.mem)
    [Anonymous Symbol]                       0x2000044c   Section        0  usbd_conf.o(.bss.USBD_static_malloc.mem)
    logger                                   0x20000e54   Data         258  logger.o(.bss.logger)
    [Anonymous Symbol]                       0x20000e54   Section        0  logger.o(.bss.logger)
    __tagsym$$used.1                         0x20000f58   Number         0  tasks.o(.bss.pxCurrentTCB)
    pxReadyTasksLists                        0x20000f5c   Data         100  tasks.o(.bss.pxReadyTasksLists)
    [Anonymous Symbol]                       0x20000f5c   Section        0  tasks.o(.bss.pxReadyTasksLists)
    ucHeap                                   0x20000fc0   Data        9216  heap_4.o(.bss.ucHeap)
    [Anonymous Symbol]                       0x20000fc0   Section        0  heap_4.o(.bss.ucHeap)
    STACK                                    0x200033d0   Section     1024  startup_stm32f072xb.o(STACK)

    Global Symbols

    Symbol Name                              Value     Ov Type        Size  Object(Section)

    BuildAttributes$$THM_ISAv3M$S$PE$A:L22$X:L11$S22$IEEE1$IW$~IW$USESV6$~STKCKD$USESV7$~SHL$OTIME$ROPI$EBA8$MICROLIB$REQ8$PRES8$EABIv2 0x00000000   Number         0  anon$$obj.o ABSOLUTE
    _printf_a                                0x00000000   Number         0  printfstubs.o ABSOLUTE
    _printf_c                                0x00000000   Number         0  printfstubs.o ABSOLUTE
    _printf_charcount                        0x00000000   Number         0  printfstubs.o ABSOLUTE
    _printf_d                                0x00000000   Number         0  printfstubs.o ABSOLUTE
    _printf_e                                0x00000000   Number         0  printfstubs.o ABSOLUTE
    _printf_f                                0x00000000   Number         0  printfstubs.o ABSOLUTE
    _printf_flags                            0x00000000   Number         0  printfstubs.o ABSOLUTE
    _printf_fp_dec                           0x00000000   Number         0  printfstubs.o ABSOLUTE
    _printf_fp_hex                           0x00000000   Number         0  printfstubs.o ABSOLUTE
    _printf_g                                0x00000000   Number         0  printfstubs.o ABSOLUTE
    _printf_i                                0x00000000   Number         0  printfstubs.o ABSOLUTE
    _printf_int_dec                          0x00000000   Number         0  printfstubs.o ABSOLUTE
    _printf_l                                0x00000000   Number         0  printfstubs.o ABSOLUTE
    _printf_lc                               0x00000000   Number         0  printfstubs.o ABSOLUTE
    _printf_ll                               0x00000000   Number         0  printfstubs.o ABSOLUTE
    _printf_lld                              0x00000000   Number         0  printfstubs.o ABSOLUTE
    _printf_lli                              0x00000000   Number         0  printfstubs.o ABSOLUTE
    _printf_llo                              0x00000000   Number         0  printfstubs.o ABSOLUTE
    _printf_llu                              0x00000000   Number         0  printfstubs.o ABSOLUTE
    _printf_llx                              0x00000000   Number         0  printfstubs.o ABSOLUTE
    _printf_longlong_dec                     0x00000000   Number         0  printfstubs.o ABSOLUTE
    _printf_longlong_hex                     0x00000000   Number         0  printfstubs.o ABSOLUTE
    _printf_longlong_oct                     0x00000000   Number         0  printfstubs.o ABSOLUTE
    _printf_ls                               0x00000000   Number         0  printfstubs.o ABSOLUTE
    _printf_mbtowc                           0x00000000   Number         0  printfstubs.o ABSOLUTE
    _printf_n                                0x00000000   Number         0  printfstubs.o ABSOLUTE
    _printf_o                                0x00000000   Number         0  printfstubs.o ABSOLUTE
    _printf_p                                0x00000000   Number         0  printfstubs.o ABSOLUTE
    _printf_percent                          0x00000000   Number         0  printfstubs.o ABSOLUTE
    _printf_pre_padding                      0x00000000   Number         0  printfstubs.o ABSOLUTE
    _printf_return_value                     0x00000000   Number         0  printfstubs.o ABSOLUTE
    _printf_s                                0x00000000   Number         0  printfstubs.o ABSOLUTE
    _printf_sizespec                         0x00000000   Number         0  printfstubs.o ABSOLUTE
    _printf_str                              0x00000000   Number         0  printfstubs.o ABSOLUTE
    _printf_truncate_signed                  0x00000000   Number         0  printfstubs.o ABSOLUTE
    _printf_truncate_unsigned                0x00000000   Number         0  printfstubs.o ABSOLUTE
    _printf_u                                0x00000000   Number         0  printfstubs.o ABSOLUTE
    _printf_wc                               0x00000000   Number         0  printfstubs.o ABSOLUTE
    _printf_wctomb                           0x00000000   Number         0  printfstubs.o ABSOLUTE
    _printf_widthprec                        0x00000000   Number         0  printfstubs.o ABSOLUTE
    _printf_x                                0x00000000   Number         0  printfstubs.o ABSOLUTE
    __cpp_initialize__aeabi_                  - Undefined Weak Reference
    __cxa_finalize                            - Undefined Weak Reference
    _clock_init                               - Undefined Weak Reference
    _microlib_exit                            - Undefined Weak Reference
    __Vectors_Size                           0x000000c0   Number         0  startup_stm32f072xb.o ABSOLUTE
    __Vectors                                0x08000000   Data           4  startup_stm32f072xb.o(RESET)
    __Vectors_End                            0x080000c0   Data           0  startup_stm32f072xb.o(RESET)
    __main                                   0x080000c1   Thumb Code     0  entry.o(.ARM.Collect$$$$00000000)
    _main_stk                                0x080000c1   Thumb Code     0  entry2.o(.ARM.Collect$$$$00000001)
    _main_scatterload                        0x080000c5   Thumb Code     0  entry5.o(.ARM.Collect$$$$00000004)
    __main_after_scatterload                 0x080000c9   Thumb Code     0  entry5.o(.ARM.Collect$$$$00000004)
    _main_clock                              0x080000c9   Thumb Code     0  entry7b.o(.ARM.Collect$$$$00000008)
    _main_cpp_init                           0x080000c9   Thumb Code     0  entry8b.o(.ARM.Collect$$$$0000000A)
    _main_init                               0x080000c9   Thumb Code     0  entry9a.o(.ARM.Collect$$$$0000000B)
    __rt_final_cpp                           0x080000d1   Thumb Code     0  entry10a.o(.ARM.Collect$$$$0000000D)
    __rt_final_exit                          0x080000d1   Thumb Code     0  entry11a.o(.ARM.Collect$$$$0000000F)
    Reset_Handler                            0x080000d5   Thumb Code     8  startup_stm32f072xb.o(.text)
    ADC1_COMP_IRQHandler                     0x080000e7   Thumb Code     0  startup_stm32f072xb.o(.text)
    CEC_CAN_IRQHandler                       0x080000e7   Thumb Code     0  startup_stm32f072xb.o(.text)
    DMA1_Channel1_IRQHandler                 0x080000e7   Thumb Code     0  startup_stm32f072xb.o(.text)
    DMA1_Channel2_3_IRQHandler               0x080000e7   Thumb Code     0  startup_stm32f072xb.o(.text)
    DMA1_Channel4_5_6_7_IRQHandler           0x080000e7   Thumb Code     0  startup_stm32f072xb.o(.text)
    EXTI0_1_IRQHandler                       0x080000e7   Thumb Code     0  startup_stm32f072xb.o(.text)
    EXTI2_3_IRQHandler                       0x080000e7   Thumb Code     0  startup_stm32f072xb.o(.text)
    EXTI4_15_IRQHandler                      0x080000e7   Thumb Code     0  startup_stm32f072xb.o(.text)
    FLASH_IRQHandler                         0x080000e7   Thumb Code     0  startup_stm32f072xb.o(.text)
    I2C1_IRQHandler                          0x080000e7   Thumb Code     0  startup_stm32f072xb.o(.text)
    I2C2_IRQHandler                          0x080000e7   Thumb Code     0  startup_stm32f072xb.o(.text)
    PVD_VDDIO2_IRQHandler                    0x080000e7   Thumb Code     0  startup_stm32f072xb.o(.text)
    RCC_CRS_IRQHandler                       0x080000e7   Thumb Code     0  startup_stm32f072xb.o(.text)
    RTC_IRQHandler                           0x080000e7   Thumb Code     0  startup_stm32f072xb.o(.text)
    SPI1_IRQHandler                          0x080000e7   Thumb Code     0  startup_stm32f072xb.o(.text)
    SPI2_IRQHandler                          0x080000e7   Thumb Code     0  startup_stm32f072xb.o(.text)
    TIM14_IRQHandler                         0x080000e7   Thumb Code     0  startup_stm32f072xb.o(.text)
    TIM15_IRQHandler                         0x080000e7   Thumb Code     0  startup_stm32f072xb.o(.text)
    TIM16_IRQHandler                         0x080000e7   Thumb Code     0  startup_stm32f072xb.o(.text)
    TIM17_IRQHandler                         0x080000e7   Thumb Code     0  startup_stm32f072xb.o(.text)
    TIM1_BRK_UP_TRG_COM_IRQHandler           0x080000e7   Thumb Code     0  startup_stm32f072xb.o(.text)
    TIM1_CC_IRQHandler                       0x080000e7   Thumb Code     0  startup_stm32f072xb.o(.text)
    TIM3_IRQHandler                          0x080000e7   Thumb Code     0  startup_stm32f072xb.o(.text)
    TIM6_DAC_IRQHandler                      0x080000e7   Thumb Code     0  startup_stm32f072xb.o(.text)
    TIM7_IRQHandler                          0x080000e7   Thumb Code     0  startup_stm32f072xb.o(.text)
    TSC_IRQHandler                           0x080000e7   Thumb Code     0  startup_stm32f072xb.o(.text)
    USART1_IRQHandler                        0x080000e7   Thumb Code     0  startup_stm32f072xb.o(.text)
    USART2_IRQHandler                        0x080000e7   Thumb Code     0  startup_stm32f072xb.o(.text)
    USART3_4_IRQHandler                      0x080000e7   Thumb Code     0  startup_stm32f072xb.o(.text)
    WWDG_IRQHandler                          0x080000e7   Thumb Code     0  startup_stm32f072xb.o(.text)
    __aeabi_lmul                             0x080000f1   Thumb Code    48  llmul.o(.text)
    _ll_mul                                  0x080000f1   Thumb Code     0  llmul.o(.text)
    __aeabi_llsr                             0x08000121   Thumb Code    34  llushr.o(.text)
    _ll_ushift_r                             0x08000121   Thumb Code     0  llushr.o(.text)
    __aeabi_memcpy                           0x08000143   Thumb Code    36  memcpya.o(.text)
    __aeabi_memcpy4                          0x08000143   Thumb Code     0  memcpya.o(.text)
    __aeabi_memcpy8                          0x08000143   Thumb Code     0  memcpya.o(.text)
    __aeabi_memset                           0x08000167   Thumb Code    14  memseta.o(.text)
    __aeabi_memset4                          0x08000167   Thumb Code     0  memseta.o(.text)
    __aeabi_memset8                          0x08000167   Thumb Code     0  memseta.o(.text)
    __aeabi_memclr                           0x08000175   Thumb Code     4  memseta.o(.text)
    __aeabi_memclr4                          0x08000175   Thumb Code     0  memseta.o(.text)
    __aeabi_memclr8                          0x08000175   Thumb Code     0  memseta.o(.text)
    _memset$wrapper                          0x08000179   Thumb Code    18  memseta.o(.text)
    strlen                                   0x0800018b   Thumb Code    14  strlen.o(.text)
    __aeabi_uidiv                            0x08000199   Thumb Code     0  uidiv_div0.o(.text)
    __aeabi_uidivmod                         0x08000199   Thumb Code    62  uidiv_div0.o(.text)
    __aeabi_uldivmod                         0x080001d7   Thumb Code    96  uldiv.o(.text)
    __I$use$fp                               0x08000237   Thumb Code     0  iusefp.o(.text)
    __aeabi_dadd                             0x08000239   Thumb Code   328  dadd.o(.text)
    __aeabi_dsub                             0x08000381   Thumb Code    12  dadd.o(.text)
    __aeabi_drsub                            0x0800038d   Thumb Code    12  dadd.o(.text)
    __aeabi_dmul                             0x0800039d   Thumb Code   202  dmul.o(.text)
    __aeabi_ddiv                             0x0800046d   Thumb Code   234  ddiv.o(.text)
    __aeabi_d2ulz                            0x0800055d   Thumb Code    54  dfixul.o(.text)
    __aeabi_cdrcmple                         0x0800059d   Thumb Code    38  cdrcmple.o(.text)
    __scatterload                            0x080005c5   Thumb Code    28  init.o(.text)
    __scatterload_rt2                        0x080005c5   Thumb Code     0  init.o(.text)
    __aeabi_llsl                             0x080005e9   Thumb Code    32  llshl.o(.text)
    _ll_shift_l                              0x080005e9   Thumb Code     0  llshl.o(.text)
    __aeabi_lasr                             0x08000609   Thumb Code    38  llsshr.o(.text)
    _ll_sshift_r                             0x08000609   Thumb Code     0  llsshr.o(.text)
    _double_round                            0x0800062f   Thumb Code    26  depilogue.o(.text)
    _double_epilogue                         0x08000649   Thumb Code   164  depilogue.o(.text)
    __decompress                             0x080006ed   Thumb Code     0  __dczerorl2.o(.text)
    __decompress1                            0x080006ed   Thumb Code    86  __dczerorl2.o(.text)
    CDC_Transmit_FS                          0x080007b1   Thumb Code   104  usbd_cdc_if.o(.text.CDC_Transmit_FS)
    Error_Handler                            0x0800081d   Thumb Code    16  main.o(.text.Error_Handler)
    HAL_Delay                                0x08000835   Thumb Code    32  stm32f0xx_hal.o(.text.HAL_Delay)
    HAL_GPIO_Init                            0x08000855   Thumb Code   612  stm32f0xx_hal_gpio.o(.text.HAL_GPIO_Init)
    HAL_GPIO_WritePin                        0x08000ad1   Thumb Code    64  stm32f0xx_hal_gpio.o(.text.HAL_GPIO_WritePin)
    HAL_GetTick                              0x08000b15   Thumb Code     8  stm32f0xx_hal.o(.text.HAL_GetTick)
    HAL_IncTick                              0x08000b1d   Thumb Code    16  stm32f0xx_hal.o(.text.HAL_IncTick)
    HAL_Init                                 0x08000b35   Thumb Code    28  stm32f0xx_hal.o(.text.HAL_Init)
    HAL_InitTick                             0x08000b55   Thumb Code   132  stm32f0xx_hal_timebase_tim.o(.text.HAL_InitTick)
    HAL_MspInit                              0x08000bed   Thumb Code    40  stm32f0xx_hal_msp.o(.text.HAL_MspInit)
    HAL_NVIC_EnableIRQ                       0x08000c19   Thumb Code    32  stm32f0xx_hal_cortex.o(.text.HAL_NVIC_EnableIRQ)
    HAL_NVIC_SetPriority                     0x08000c3d   Thumb Code    68  stm32f0xx_hal_cortex.o(.text.HAL_NVIC_SetPriority)
    HAL_PCDEx_ActivateLPM                    0x08000c8d   Thumb Code    38  stm32f0xx_hal_pcd_ex.o(.text.HAL_PCDEx_ActivateLPM)
    HAL_PCDEx_LPM_Callback                   0x08000cb3   Thumb Code     2  stm32f0xx_hal_pcd_ex.o(.text.HAL_PCDEx_LPM_Callback)
    HAL_PCDEx_PMAConfig                      0x08000cb5   Thumb Code    56  stm32f0xx_hal_pcd_ex.o(.text.HAL_PCDEx_PMAConfig)
    HAL_PCD_DataInStageCallback              0x08000ced   Thumb Code    24  usbd_conf.o(.text.HAL_PCD_DataInStageCallback)
    HAL_PCD_DataOutStageCallback             0x08000d05   Thumb Code    28  usbd_conf.o(.text.HAL_PCD_DataOutStageCallback)
    HAL_PCD_EP_Close                         0x08000d21   Thumb Code    76  stm32f0xx_hal_pcd.o(.text.HAL_PCD_EP_Close)
    HAL_PCD_EP_ClrStall                      0x08000d6d   Thumb Code    94  stm32f0xx_hal_pcd.o(.text.HAL_PCD_EP_ClrStall)
    HAL_PCD_EP_GetRxCount                    0x08000dcb   Thumb Code    18  stm32f0xx_hal_pcd.o(.text.HAL_PCD_EP_GetRxCount)
    HAL_PCD_EP_Open                          0x08000ddd   Thumb Code    88  stm32f0xx_hal_pcd.o(.text.HAL_PCD_EP_Open)
    HAL_PCD_EP_Receive                       0x08000e35   Thumb Code    40  stm32f0xx_hal_pcd.o(.text.HAL_PCD_EP_Receive)
    HAL_PCD_EP_SetStall                      0x08000e5d   Thumb Code    88  stm32f0xx_hal_pcd.o(.text.HAL_PCD_EP_SetStall)
    HAL_PCD_EP_Transmit                      0x08000eb5   Thumb Code    44  stm32f0xx_hal_pcd.o(.text.HAL_PCD_EP_Transmit)
    HAL_PCD_IRQHandler                       0x08000ee1   Thumb Code  2272  stm32f0xx_hal_pcd.o(.text.HAL_PCD_IRQHandler)
    HAL_PCD_Init                             0x080017ed   Thumb Code   636  stm32f0xx_hal_pcd.o(.text.HAL_PCD_Init)
    HAL_PCD_MspInit                          0x08001a6d   Thumb Code    60  usbd_conf.o(.text.HAL_PCD_MspInit)
    HAL_PCD_ResetCallback                    0x08001ab1   Thumb Code    34  usbd_conf.o(.text.HAL_PCD_ResetCallback)
    HAL_PCD_ResumeCallback                   0x08001ad5   Thumb Code    36  usbd_conf.o(.text.HAL_PCD_ResumeCallback)
    HAL_PCD_SOFCallback                      0x08001af9   Thumb Code    14  usbd_conf.o(.text.HAL_PCD_SOFCallback)
    HAL_PCD_SetAddress                       0x08001b07   Thumb Code    36  stm32f0xx_hal_pcd.o(.text.HAL_PCD_SetAddress)
    HAL_PCD_SetupStageCallback               0x08001b2b   Thumb Code    22  usbd_conf.o(.text.HAL_PCD_SetupStageCallback)
    HAL_PCD_Start                            0x08001b41   Thumb Code    42  stm32f0xx_hal_pcd.o(.text.HAL_PCD_Start)
    HAL_PCD_SuspendCallback                  0x08001b6d   Thumb Code    32  usbd_conf.o(.text.HAL_PCD_SuspendCallback)
    HAL_RCCEx_PeriphCLKConfig                0x08001b91   Thumb Code   452  stm32f0xx_hal_rcc_ex.o(.text.HAL_RCCEx_PeriphCLKConfig)
    HAL_RCC_ClockConfig                      0x08001d69   Thumb Code   464  stm32f0xx_hal_rcc.o(.text.HAL_RCC_ClockConfig)
    HAL_RCC_GetClockConfig                   0x08001f51   Thumb Code    80  stm32f0xx_hal_rcc.o(.text.HAL_RCC_GetClockConfig)
    HAL_RCC_GetPCLK1Freq                     0x08001fad   Thumb Code    20  stm32f0xx_hal_rcc.o(.text.HAL_RCC_GetPCLK1Freq)
    HAL_RCC_OscConfig                        0x08001fcd   Thumb Code  1480  stm32f0xx_hal_rcc.o(.text.HAL_RCC_OscConfig)
    HAL_TIMEx_BreakCallback                  0x080025a5   Thumb Code     2  stm32f0xx_hal_tim_ex.o(.text.HAL_TIMEx_BreakCallback)
    HAL_TIMEx_CommutCallback                 0x080025a7   Thumb Code     2  stm32f0xx_hal_tim_ex.o(.text.HAL_TIMEx_CommutCallback)
    HAL_TIM_Base_Init                        0x080025a9   Thumb Code   464  stm32f0xx_hal_tim.o(.text.HAL_TIM_Base_Init)
    HAL_TIM_Base_MspInit                     0x08002785   Thumb Code     2  stm32f0xx_hal_tim.o(.text.HAL_TIM_Base_MspInit)
    HAL_TIM_Base_Start_IT                    0x08002789   Thumb Code   192  stm32f0xx_hal_tim.o(.text.HAL_TIM_Base_Start_IT)
    HAL_TIM_IC_CaptureCallback               0x0800287d   Thumb Code     2  stm32f0xx_hal_tim.o(.text.HAL_TIM_IC_CaptureCallback)
    HAL_TIM_IRQHandler                       0x0800287f   Thumb Code   442  stm32f0xx_hal_tim.o(.text.HAL_TIM_IRQHandler)
    HAL_TIM_OC_DelayElapsedCallback          0x08002a39   Thumb Code     2  stm32f0xx_hal_tim.o(.text.HAL_TIM_OC_DelayElapsedCallback)
    HAL_TIM_PWM_PulseFinishedCallback        0x08002a3b   Thumb Code     2  stm32f0xx_hal_tim.o(.text.HAL_TIM_PWM_PulseFinishedCallback)
    HAL_TIM_PeriodElapsedCallback            0x08002a3d   Thumb Code    20  stm32f0xx_hal_timebase_tim.o(.text.HAL_TIM_PeriodElapsedCallback)
    HAL_TIM_TriggerCallback                  0x08002a51   Thumb Code     2  stm32f0xx_hal_tim.o(.text.HAL_TIM_TriggerCallback)
    HardFault_Handler                        0x08002a53   Thumb Code     2  stm32f0xx_it.o(.text.HardFault_Handler)
    MX_GPIO_Init                             0x08002a55   Thumb Code   176  gpio.o(.text.MX_GPIO_Init)
    MX_USB_DEVICE_Init                       0x08002b0d   Thumb Code    68  usb_device.o(.text.MX_USB_DEVICE_Init)
    NMI_Handler                              0x08002b61   Thumb Code     2  stm32f0xx_it.o(.text.NMI_Handler)
    PendSV_Handler                           0x08002b71   Thumb Code    64  portasm.o(.text.PendSV_Handler)
    SVC_Handler                              0x08002bc1   Thumb Code    32  portasm.o(.text.SVC_Handler)
    SysTick_Handler                          0x08002be5   Thumb Code    32  port.o(.text.SysTick_Handler)
    SystemClock_Config                       0x08002c09   Thumb Code   144  main.o(.text.SystemClock_Config)
    SystemInit                               0x08002ca5   Thumb Code    72  system_stm32f0xx.o(.text.SystemInit)
    TIM2_IRQHandler                          0x08002cfd   Thumb Code    12  stm32f0xx_hal_timebase_tim.o(.text.TIM2_IRQHandler)
    USBD_CDC_GetDeviceQualifierDescriptor    0x08002e11   Thumb Code     8  usbd_cdc.o(.text.USBD_CDC_GetDeviceQualifierDescriptor)
    USBD_CDC_ReceivePacket                   0x08002ec7   Thumb Code    44  usbd_cdc.o(.text.USBD_CDC_ReceivePacket)
    USBD_CDC_RegisterInterface               0x08002ef3   Thumb Code    18  usbd_cdc.o(.text.USBD_CDC_RegisterInterface)
    USBD_CDC_SetRxBuffer                     0x08002f05   Thumb Code    16  usbd_cdc.o(.text.USBD_CDC_SetRxBuffer)
    USBD_CDC_SetTxBuffer                     0x08002f15   Thumb Code    20  usbd_cdc.o(.text.USBD_CDC_SetTxBuffer)
    USBD_CDC_TransmitPacket                  0x08002fe9   Thumb Code    54  usbd_cdc.o(.text.USBD_CDC_TransmitPacket)
    USBD_ClrClassConfig                      0x0800301f   Thumb Code    16  usbd_core.o(.text.USBD_ClrClassConfig)
    USBD_CtlContinueRx                       0x0800302f   Thumb Code    18  usbd_ioreq.o(.text.USBD_CtlContinueRx)
    USBD_CtlContinueSendData                 0x08003041   Thumb Code    18  usbd_ioreq.o(.text.USBD_CtlContinueSendData)
    USBD_CtlError                            0x08003053   Thumb Code    20  usbd_ctlreq.o(.text.USBD_CtlError)
    USBD_CtlPrepareRx                        0x08003067   Thumb Code    36  usbd_ioreq.o(.text.USBD_CtlPrepareRx)
    USBD_CtlReceiveStatus                    0x0800308b   Thumb Code    26  usbd_ioreq.o(.text.USBD_CtlReceiveStatus)
    USBD_CtlSendData                         0x080030a5   Thumb Code    30  usbd_ioreq.o(.text.USBD_CtlSendData)
    USBD_CtlSendStatus                       0x080030c3   Thumb Code    26  usbd_ioreq.o(.text.USBD_CtlSendStatus)
    USBD_FS_ConfigStrDescriptor              0x080030dd   Thumb Code    20  usbd_desc.o(.text.USBD_FS_ConfigStrDescriptor)
    USBD_FS_DeviceDescriptor                 0x080030fd   Thumb Code     8  usbd_desc.o(.text.USBD_FS_DeviceDescriptor)
    USBD_FS_InterfaceStrDescriptor           0x08003109   Thumb Code    20  usbd_desc.o(.text.USBD_FS_InterfaceStrDescriptor)
    USBD_FS_LangIDStrDescriptor              0x0800312d   Thumb Code     8  usbd_desc.o(.text.USBD_FS_LangIDStrDescriptor)
    USBD_FS_ManufacturerStrDescriptor        0x08003139   Thumb Code    20  usbd_desc.o(.text.USBD_FS_ManufacturerStrDescriptor)
    USBD_FS_ProductStrDescriptor             0x08003161   Thumb Code    20  usbd_desc.o(.text.USBD_FS_ProductStrDescriptor)
    USBD_FS_SerialStrDescriptor              0x08003191   Thumb Code   264  usbd_desc.o(.text.USBD_FS_SerialStrDescriptor)
    USBD_GetString                           0x080032a1   Thumb Code   174  usbd_ctlreq.o(.text.USBD_GetString)
    USBD_Init                                0x0800334f   Thumb Code    46  usbd_core.o(.text.USBD_Init)
    USBD_LL_ClearStallEP                     0x0800337d   Thumb Code    32  usbd_conf.o(.text.USBD_LL_ClearStallEP)
    USBD_LL_CloseEP                          0x0800339d   Thumb Code    32  usbd_conf.o(.text.USBD_LL_CloseEP)
    USBD_LL_DataInStage                      0x080033bd   Thumb Code   208  usbd_core.o(.text.USBD_LL_DataInStage)
    USBD_LL_DataOutStage                     0x0800348d   Thumb Code   134  usbd_core.o(.text.USBD_LL_DataOutStage)
    USBD_LL_GetRxDataSize                    0x08003513   Thumb Code    14  usbd_conf.o(.text.USBD_LL_GetRxDataSize)
    USBD_LL_Init                             0x08003521   Thumb Code   124  usbd_conf.o(.text.USBD_LL_Init)
    USBD_LL_IsStallEP                        0x080035a5   Thumb Code    38  usbd_conf.o(.text.USBD_LL_IsStallEP)
    USBD_LL_OpenEP                           0x080035cd   Thumb Code    40  usbd_conf.o(.text.USBD_LL_OpenEP)
    USBD_LL_PrepareReceive                   0x080035f5   Thumb Code    32  usbd_conf.o(.text.USBD_LL_PrepareReceive)
    USBD_LL_Reset                            0x08003615   Thumb Code    84  usbd_core.o(.text.USBD_LL_Reset)
    USBD_LL_Resume                           0x08003669   Thumb Code    20  usbd_core.o(.text.USBD_LL_Resume)
    USBD_LL_SOF                              0x0800367d   Thumb Code    28  usbd_core.o(.text.USBD_LL_SOF)
    USBD_LL_SetSpeed                         0x08003699   Thumb Code     6  usbd_core.o(.text.USBD_LL_SetSpeed)
    USBD_LL_SetUSBAddress                    0x080036a1   Thumb Code    32  usbd_conf.o(.text.USBD_LL_SetUSBAddress)
    USBD_LL_SetupStage                       0x080036c1   Thumb Code   106  usbd_core.o(.text.USBD_LL_SetupStage)
    USBD_LL_StallEP                          0x0800372d   Thumb Code    32  usbd_conf.o(.text.USBD_LL_StallEP)
    USBD_LL_Start                            0x0800374d   Thumb Code    32  usbd_conf.o(.text.USBD_LL_Start)
    USBD_LL_Suspend                          0x08003771   Thumb Code    18  usbd_core.o(.text.USBD_LL_Suspend)
    USBD_LL_Transmit                         0x08003785   Thumb Code    32  usbd_conf.o(.text.USBD_LL_Transmit)
    USBD_ParseSetupRequest                   0x080037a9   Thumb Code    40  usbd_ctlreq.o(.text.USBD_ParseSetupRequest)
    USBD_RegisterClass                       0x080037d1   Thumb Code    18  usbd_core.o(.text.USBD_RegisterClass)
    USBD_SetClassConfig                      0x080037e3   Thumb Code    28  usbd_core.o(.text.USBD_SetClassConfig)
    USBD_Start                               0x080037ff   Thumb Code    10  usbd_core.o(.text.USBD_Start)
    USBD_StdDevReq                           0x08003809   Thumb Code   628  usbd_ctlreq.o(.text.USBD_StdDevReq)
    USBD_StdEPReq                            0x08003a81   Thumb Code   338  usbd_ctlreq.o(.text.USBD_StdEPReq)
    USBD_StdItfReq                           0x08003bd3   Thumb Code   114  usbd_ctlreq.o(.text.USBD_StdItfReq)
    USBD_static_free                         0x08003c45   Thumb Code     2  usbd_conf.o(.text.USBD_static_free)
    USBD_static_malloc                       0x08003c49   Thumb Code     4  usbd_conf.o(.text.USBD_static_malloc)
    USB_ActivateEndpoint                     0x08003c51   Thumb Code   528  stm32f0xx_ll_usb.o(.text.USB_ActivateEndpoint)
    USB_DeactivateEndpoint                   0x08003e81   Thumb Code   168  stm32f0xx_ll_usb.o(.text.USB_DeactivateEndpoint)
    USB_DevConnect                           0x08003f31   Thumb Code    16  stm32f0xx_ll_usb.o(.text.USB_DevConnect)
    USB_DevInit                              0x08003f41   Thumb Code    20  stm32f0xx_ll_usb.o(.text.USB_DevInit)
    USB_DisableGlobalInt                     0x08003f55   Thumb Code    16  stm32f0xx_ll_usb.o(.text.USB_DisableGlobalInt)
    USB_EPClearStall                         0x08003f69   Thumb Code    92  stm32f0xx_ll_usb.o(.text.USB_EPClearStall)
    USB_EPSetStall                           0x08003fd5   Thumb Code    44  stm32f0xx_ll_usb.o(.text.USB_EPSetStall)
    USB_EPStartXfer                          0x08004011   Thumb Code  2356  stm32f0xx_ll_usb.o(.text.USB_EPStartXfer)
    USB_EnableGlobalInt                      0x0800495d   Thumb Code    20  stm32f0xx_ll_usb.o(.text.USB_EnableGlobalInt)
    USB_IRQHandler                           0x08004975   Thumb Code    12  stm32f0xx_it.o(.text.USB_IRQHandler)
    USB_ReadInterrupts                       0x08004985   Thumb Code     6  stm32f0xx_ll_usb.o(.text.USB_ReadInterrupts)
    USB_ReadPMA                              0x0800498b   Thumb Code   144  stm32f0xx_ll_usb.o(.text.USB_ReadPMA)
    USB_SetDevAddress                        0x08004a1b   Thumb Code    18  stm32f0xx_ll_usb.o(.text.USB_SetDevAddress)
    USB_Status_Init                          0x08004a2d   Thumb Code    76  usbd_cdc_if.o(.text.USB_Status_Init)
    USB_WritePMA                             0x08004a7d   Thumb Code   152  stm32f0xx_ll_usb.o(.text.USB_WritePMA)
    assert_failed                            0x08004b15   Thumb Code     2  main.o(.text.assert_failed)
    freertos_start_semaphore_counting        0x08004b19   Thumb Code    44  freertos_semphr_counting.o(.text.freertos_start_semaphore_counting)
    logger_init                              0x08004b59   Thumb Code    32  logger.o(.text.logger_init)
    logger_log                               0x08004bb5   Thumb Code   148  logger.o(.text.logger_log)
    main                                     0x08004c55   Thumb Code    42  main.o(.text.main)
    pvPortMalloc                             0x08004e41   Thumb Code   444  heap_4.o(.text.pvPortMalloc)
    pxPortInitialiseStack                    0x08005009   Thumb Code   136  port.o(.text.pxPortInitialiseStack)
    ulSetInterruptMask                       0x0800535d   Thumb Code     8  portasm.o(.text.ulSetInterruptMask)
    uxListRemove                             0x08005365   Thumb Code    32  list.o(.text.uxListRemove)
    uxQueueMessagesWaiting                   0x08005385   Thumb Code    26  queue.o(.text.uxQueueMessagesWaiting)
    uxTaskGetNumberOfTasks                   0x080053a1   Thumb Code     8  tasks.o(.text.uxTaskGetNumberOfTasks)
    vApplicationMallocFailedHook             0x080053a9   Thumb Code    16  main.o(.text.vApplicationMallocFailedHook)
    vApplicationStackOverflowHook            0x080053e9   Thumb Code    16  main.o(.text.vApplicationStackOverflowHook)
    vApplicationTickHook                     0x08005429   Thumb Code     2  main.o(.text.vApplicationTickHook)
    vClearInterruptMask                      0x0800542b   Thumb Code     6  portasm.o(.text.vClearInterruptMask)
    vListInitialise                          0x08005431   Thumb Code    16  list.o(.text.vListInitialise)
    vListInitialiseItem                      0x08005441   Thumb Code     6  list.o(.text.vListInitialiseItem)
    vListInsert                              0x08005447   Thumb Code    60  list.o(.text.vListInsert)
    vListInsertEnd                           0x08005483   Thumb Code    24  list.o(.text.vListInsertEnd)
    vPortEnterCritical                       0x0800549d   Thumb Code    20  port.o(.text.vPortEnterCritical)
    vPortExitCritical                        0x080054b1   Thumb Code    32  port.o(.text.vPortExitCritical)
    vPortFree                                0x080054d5   Thumb Code   240  heap_4.o(.text.vPortFree)
    vPortSVCHandler_C                        0x080055d1   Thumb Code    22  port.o(.text.vPortSVCHandler_C)
    vPortSetupTimerInterrupt                 0x080055e9   Thumb Code    36  port.o(.text.vPortSetupTimerInterrupt)
    vPortYield                               0x08005615   Thumb Code    20  port.o(.text.vPortYield)
    vRestoreContextOfFirstTask               0x08005631   Thumb Code    32  portasm.o(.text.vRestoreContextOfFirstTask)
    vStartFirstTask                          0x08005661   Thumb Code    16  portasm.o(.text.vStartFirstTask)
    vTaskDelay                               0x08005671   Thumb Code   120  tasks.o(.text.vTaskDelay)
    vTaskDelete                              0x080056ed   Thumb Code   168  tasks.o(.text.vTaskDelete)
    vTaskInternalSetTimeOutState             0x08005795   Thumb Code    12  tasks.o(.text.vTaskInternalSetTimeOutState)
    vTaskMissedYield                         0x080057a1   Thumb Code     8  tasks.o(.text.vTaskMissedYield)
    vTaskPlaceOnEventList                    0x080057a9   Thumb Code   132  tasks.o(.text.vTaskPlaceOnEventList)
    vTaskStartScheduler                      0x0800582d   Thumb Code    72  tasks.o(.text.vTaskStartScheduler)
    vTaskSuspendAll                          0x08005881   Thumb Code    12  tasks.o(.text.vTaskSuspendAll)
    vTaskSwitchContext                       0x0800588d   Thumb Code   180  tasks.o(.text.vTaskSwitchContext)
    xPortStartScheduler                      0x08005951   Thumb Code    88  port.o(.text.xPortStartScheduler)
    xQueueCreateCountingSemaphore            0x080059b1   Thumb Code    32  queue.o(.text.xQueueCreateCountingSemaphore)
    xQueueGenericCreate                      0x080059d1   Thumb Code   152  queue.o(.text.xQueueGenericCreate)
    xQueueGenericSend                        0x08005a69   Thumb Code   442  queue.o(.text.xQueueGenericSend)
    xTaskCheckForTimeOut                     0x08005c25   Thumb Code   116  tasks.o(.text.xTaskCheckForTimeOut)
    xTaskCreate                              0x08005c99   Thumb Code   464  tasks.o(.text.xTaskCreate)
    xTaskGetSchedulerState                   0x08005e6d   Thumb Code    24  tasks.o(.text.xTaskGetSchedulerState)
    xTaskIncrementTick                       0x08005e85   Thumb Code   328  tasks.o(.text.xTaskIncrementTick)
    xTaskPriorityDisinherit                  0x08005fd1   Thumb Code   112  tasks.o(.text.xTaskPriorityDisinherit)
    xTaskRemoveFromEventList                 0x08006045   Thumb Code   172  tasks.o(.text.xTaskRemoveFromEventList)
    xTaskResumeAll                           0x080060fd   Thumb Code   268  tasks.o(.text.xTaskResumeAll)
    __0snprintf                              0x08006215   Thumb Code    50  printfa.o(i.__0snprintf)
    __1snprintf                              0x08006215   Thumb Code     0  printfa.o(i.__0snprintf)
    __2snprintf                              0x08006215   Thumb Code     0  printfa.o(i.__0snprintf)
    __c89snprintf                            0x08006215   Thumb Code     0  printfa.o(i.__0snprintf)
    snprintf                                 0x08006215   Thumb Code     0  printfa.o(i.__0snprintf)
    __0vsnprintf                             0x0800624d   Thumb Code    44  printfa.o(i.__0vsnprintf)
    __1vsnprintf                             0x0800624d   Thumb Code     0  printfa.o(i.__0vsnprintf)
    __2vsnprintf                             0x0800624d   Thumb Code     0  printfa.o(i.__0vsnprintf)
    __c89vsnprintf                           0x0800624d   Thumb Code     0  printfa.o(i.__0vsnprintf)
    vsnprintf                                0x0800624d   Thumb Code     0  printfa.o(i.__0vsnprintf)
    __ARM_clz                                0x0800627d   Thumb Code    46  depilogue.o(i.__ARM_clz)
    __scatterload_copy                       0x080062ab   Thumb Code    14  handlers.o(i.__scatterload_copy)
    __scatterload_null                       0x080062b9   Thumb Code     2  handlers.o(i.__scatterload_null)
    __scatterload_zeroinit                   0x080062bb   Thumb Code    14  handlers.o(i.__scatterload_zeroinit)
    AHBPrescTable                            0x08006b8a   Data          16  system_stm32f0xx.o(.rodata.AHBPrescTable)
    APBPrescTable                            0x08006b9a   Data           8  system_stm32f0xx.o(.rodata.APBPrescTable)
    Region$$Table$$Base                      0x08006e10   Number         0  anon$$obj.o(Region$$Table)
    Region$$Table$$Limit                     0x08006e30   Number         0  anon$$obj.o(Region$$Table)
    uwTickFreq                               0x20000000   Data           1  stm32f0xx_hal.o(.data..L_MergedGlobals)
    uwTickPrio                               0x20000004   Data           4  stm32f0xx_hal.o(.data..L_MergedGlobals)
    FS_Desc                                  0x20000008   Data          28  usbd_desc.o(.data.FS_Desc)
    SystemCoreClock                          0x20000024   Data           4  system_stm32f0xx.o(.data.SystemCoreClock)
    USBD_CDC                                 0x20000028   Data          56  usbd_cdc.o(.data.USBD_CDC)
    USBD_CDC_CfgFSDesc                       0x20000060   Data          67  usbd_cdc.o(.data.USBD_CDC_CfgFSDesc)
    USBD_CDC_CfgHSDesc                       0x200000a4   Data          67  usbd_cdc.o(.data.USBD_CDC_CfgHSDesc)
    USBD_CDC_OtherSpeedCfgDesc               0x200000f4   Data          67  usbd_cdc.o(.data.USBD_CDC_OtherSpeedCfgDesc)
    USBD_FS_DeviceDesc                       0x20000138   Data          18  usbd_desc.o(.data.USBD_FS_DeviceDesc)
    USBD_Interface_fops_FS                   0x2000014c   Data          16  usbd_cdc_if.o(.data.USBD_Interface_fops_FS)
    USBD_LangIDDesc                          0x2000015c   Data           4  usbd_desc.o(.data.USBD_LangIDDesc)
    USBD_StringSerial                        0x20000160   Data          26  usbd_desc.o(.data.USBD_StringSerial)
    semaphor_counting_t                      0x20000210   Data           4  freertos_semphr_counting.o(.bss..L_MergedGlobals)
    USBD_StrDesc                             0x2000024c   Data         512  usbd_desc.o(.bss.USBD_StrDesc)
    UserRxBufferFS                           0x2000066c   Data         255  usbd_cdc_if.o(.bss.UserRxBufferFS)
    UserTxBufferFS                           0x2000076b   Data         255  usbd_cdc_if.o(.bss.UserTxBufferFS)
    hUsbDeviceFS                             0x2000086c   Data         708  usb_device.o(.bss.hUsbDeviceFS)
    hpcd_USB_FS                              0x20000b30   Data         732  usbd_conf.o(.bss.hpcd_USB_FS)
    htim2                                    0x20000e0c   Data          72  stm32f0xx_hal_timebase_tim.o(.bss.htim2)
    pxCurrentTCB                             0x20000f58   Data           4  tasks.o(.bss.pxCurrentTCB)
    user_cdc_buffer                          0x200033c0   Data          10  main.o(.bss.user_cdc_buffer)
    uwTick                                   0x200033cc   Data           4  stm32f0xx_hal.o(.bss.uwTick)
    __initial_sp                             0x200037d0   Data           0  startup_stm32f072xb.o(STACK)



==============================================================================

Memory Map of the image

  Image Entry point : 0x080000c1

  Load Region LR_IROM1 (Base: 0x08000000, Size: 0x00006fb0, Max: 0x00020000, ABSOLUTE, COMPRESSED[0x00006ef8])

    Execution Region ER_IROM1 (Exec base: 0x08000000, Load base: 0x08000000, Size: 0x00006e30, Max: 0x00020000, ABSOLUTE)

    Exec Addr    Load Addr    Size         Type   Attr      Idx    E Section Name        Object

    0x08000000   0x08000000   0x000000c0   Data   RO         1258    RESET               startup_stm32f072xb.o
    0x080000c0   0x080000c0   0x00000000   Code   RO         2035  * .ARM.Collect$$$$00000000  mc_p.l(entry.o)
    0x080000c0   0x080000c0   0x00000004   Code   RO         2323    .ARM.Collect$$$$00000001  mc_p.l(entry2.o)
    0x080000c4   0x080000c4   0x00000004   Code   RO         2326    .ARM.Collect$$$$00000004  mc_p.l(entry5.o)
    0x080000c8   0x080000c8   0x00000000   Code   RO         2328    .ARM.Collect$$$$00000008  mc_p.l(entry7b.o)
    0x080000c8   0x080000c8   0x00000000   Code   RO         2330    .ARM.Collect$$$$0000000A  mc_p.l(entry8b.o)
    0x080000c8   0x080000c8   0x00000008   Code   RO         2331    .ARM.Collect$$$$0000000B  mc_p.l(entry9a.o)
    0x080000d0   0x080000d0   0x00000000   Code   RO         2333    .ARM.Collect$$$$0000000D  mc_p.l(entry10a.o)
    0x080000d0   0x080000d0   0x00000000   Code   RO         2335    .ARM.Collect$$$$0000000F  mc_p.l(entry11a.o)
    0x080000d0   0x080000d0   0x00000004   Code   RO         2324    .ARM.Collect$$$$00002712  mc_p.l(entry2.o)
    0x080000d4   0x080000d4   0x0000001c   Code   RO         1259    .text               startup_stm32f072xb.o
    0x080000f0   0x080000f0   0x00000030   Code   RO         2048    .text               mc_p.l(llmul.o)
    0x08000120   0x08000120   0x00000022   Code   RO         2050    .text               mc_p.l(llushr.o)
    0x08000142   0x08000142   0x00000024   Code   RO         2052    .text               mc_p.l(memcpya.o)
    0x08000166   0x08000166   0x00000024   Code   RO         2054    .text               mc_p.l(memseta.o)
    0x0800018a   0x0800018a   0x0000000e   Code   RO         2056    .text               mc_p.l(strlen.o)
    0x08000198   0x08000198   0x0000003e   Code   RO         2346    .text               mc_p.l(uidiv_div0.o)
    0x080001d6   0x080001d6   0x00000060   Code   RO         2352    .text               mc_p.l(uldiv.o)
    0x08000236   0x08000236   0x00000000   Code   RO         2354    .text               mc_p.l(iusefp.o)
    0x08000236   0x08000236   0x00000002   PAD
    0x08000238   0x08000238   0x00000164   Code   RO         2355    .text               mf_p.l(dadd.o)
    0x0800039c   0x0800039c   0x000000d0   Code   RO         2357    .text               mf_p.l(dmul.o)
    0x0800046c   0x0800046c   0x000000f0   Code   RO         2359    .text               mf_p.l(ddiv.o)
    0x0800055c   0x0800055c   0x00000040   Code   RO         2361    .text               mf_p.l(dfixul.o)
    0x0800059c   0x0800059c   0x00000028   Code   RO         2363    .text               mf_p.l(cdrcmple.o)
    0x080005c4   0x080005c4   0x00000024   Code   RO         2365    .text               mc_p.l(init.o)
    0x080005e8   0x080005e8   0x00000020   Code   RO         2368    .text               mc_p.l(llshl.o)
    0x08000608   0x08000608   0x00000026   Code   RO         2370    .text               mc_p.l(llsshr.o)
    0x0800062e   0x0800062e   0x000000be   Code   RO         2373    .text               mf_p.l(depilogue.o)
    0x080006ec   0x080006ec   0x00000056   Code   RO         2385    .text               mc_p.l(__dczerorl2.o)
    0x08000742   0x08000742   0x00000004   Code   RO         1484    .text.CDC_Control_FS  usbd_cdc_if.o
    0x08000746   0x08000746   0x00000004   Code   RO         1482    .text.CDC_DeInit_FS  usbd_cdc_if.o
    0x0800074a   0x0800074a   0x00000002   PAD
    0x0800074c   0x0800074c   0x00000024   Code   RO         1480    .text.CDC_Init_FS   usbd_cdc_if.o
    0x08000770   0x08000770   0x00000040   Code   RO         1486    .text.CDC_Receive_FS  usbd_cdc_if.o
    0x080007b0   0x080007b0   0x0000006c   Code   RO         1488    .text.CDC_Transmit_FS  usbd_cdc_if.o
    0x0800081c   0x0800081c   0x00000018   Code   RO         1270    .text.Error_Handler  main.o
    0x08000834   0x08000834   0x00000020   Code   RO           77    .text.HAL_Delay     stm32f0xx_hal.o
    0x08000854   0x08000854   0x0000027c   Code   RO          245    .text.HAL_GPIO_Init  stm32f0xx_hal_gpio.o
    0x08000ad0   0x08000ad0   0x00000044   Code   RO          251    .text.HAL_GPIO_WritePin  stm32f0xx_hal_gpio.o
    0x08000b14   0x08000b14   0x00000008   Code   RO           69    .text.HAL_GetTick   stm32f0xx_hal.o
    0x08000b1c   0x08000b1c   0x00000018   Code   RO           67    .text.HAL_IncTick   stm32f0xx_hal.o
    0x08000b34   0x08000b34   0x00000020   Code   RO           57    .text.HAL_Init      stm32f0xx_hal.o
    0x08000b54   0x08000b54   0x00000098   Code   RO         1318    .text.HAL_InitTick  stm32f0xx_hal_timebase_tim.o
    0x08000bec   0x08000bec   0x0000002c   Code   RO         1294    .text.HAL_MspInit   stm32f0xx_hal_msp.o
    0x08000c18   0x08000c18   0x00000024   Code   RO          120    .text.HAL_NVIC_EnableIRQ  stm32f0xx_hal_cortex.o
    0x08000c3c   0x08000c3c   0x00000050   Code   RO          118    .text.HAL_NVIC_SetPriority  stm32f0xx_hal_cortex.o
    0x08000c8c   0x08000c8c   0x00000026   Code   RO          563    .text.HAL_PCDEx_ActivateLPM  stm32f0xx_hal_pcd_ex.o
    0x08000cb2   0x08000cb2   0x00000002   Code   RO          567    .text.HAL_PCDEx_LPM_Callback  stm32f0xx_hal_pcd_ex.o
    0x08000cb4   0x08000cb4   0x00000038   Code   RO          553    .text.HAL_PCDEx_PMAConfig  stm32f0xx_hal_pcd_ex.o
    0x08000cec   0x08000cec   0x00000018   Code   RO         1543    .text.HAL_PCD_DataInStageCallback  usbd_conf.o
    0x08000d04   0x08000d04   0x0000001c   Code   RO         1541    .text.HAL_PCD_DataOutStageCallback  usbd_conf.o
    0x08000d20   0x08000d20   0x0000004c   Code   RO          522    .text.HAL_PCD_EP_Close  stm32f0xx_hal_pcd.o
    0x08000d6c   0x08000d6c   0x0000005e   Code   RO          532    .text.HAL_PCD_EP_ClrStall  stm32f0xx_hal_pcd.o
    0x08000dca   0x08000dca   0x00000012   Code   RO          526    .text.HAL_PCD_EP_GetRxCount  stm32f0xx_hal_pcd.o
    0x08000ddc   0x08000ddc   0x00000058   Code   RO          520    .text.HAL_PCD_EP_Open  stm32f0xx_hal_pcd.o
    0x08000e34   0x08000e34   0x00000028   Code   RO          524    .text.HAL_PCD_EP_Receive  stm32f0xx_hal_pcd.o
    0x08000e5c   0x08000e5c   0x00000058   Code   RO          530    .text.HAL_PCD_EP_SetStall  stm32f0xx_hal_pcd.o
    0x08000eb4   0x08000eb4   0x0000002c   Code   RO          528    .text.HAL_PCD_EP_Transmit  stm32f0xx_hal_pcd.o
    0x08000ee0   0x08000ee0   0x0000090c   Code   RO          490    .text.HAL_PCD_IRQHandler  stm32f0xx_hal_pcd.o
    0x080017ec   0x080017ec   0x00000280   Code   RO          478    .text.HAL_PCD_Init  stm32f0xx_hal_pcd.o
    0x08001a6c   0x08001a6c   0x00000044   Code   RO         1535    .text.HAL_PCD_MspInit  usbd_conf.o
    0x08001ab0   0x08001ab0   0x00000022   Code   RO         1547    .text.HAL_PCD_ResetCallback  usbd_conf.o
    0x08001ad2   0x08001ad2   0x00000002   PAD
    0x08001ad4   0x08001ad4   0x00000024   Code   RO         1551    .text.HAL_PCD_ResumeCallback  usbd_conf.o
    0x08001af8   0x08001af8   0x0000000e   Code   RO         1545    .text.HAL_PCD_SOFCallback  usbd_conf.o
    0x08001b06   0x08001b06   0x00000024   Code   RO          494    .text.HAL_PCD_SetAddress  stm32f0xx_hal_pcd.o
    0x08001b2a   0x08001b2a   0x00000016   Code   RO         1539    .text.HAL_PCD_SetupStageCallback  usbd_conf.o
    0x08001b40   0x08001b40   0x0000002a   Code   RO          486    .text.HAL_PCD_Start  stm32f0xx_hal_pcd.o
    0x08001b6a   0x08001b6a   0x00000002   PAD
    0x08001b6c   0x08001b6c   0x00000024   Code   RO         1549    .text.HAL_PCD_SuspendCallback  usbd_conf.o
    0x08001b90   0x08001b90   0x000001d8   Code   RO          673    .text.HAL_RCCEx_PeriphCLKConfig  stm32f0xx_hal_rcc_ex.o
    0x08001d68   0x08001d68   0x000001e8   Code   RO          641    .text.HAL_RCC_ClockConfig  stm32f0xx_hal_rcc.o
    0x08001f50   0x08001f50   0x0000005c   Code   RO          657    .text.HAL_RCC_GetClockConfig  stm32f0xx_hal_rcc.o
    0x08001fac   0x08001fac   0x00000020   Code   RO          653    .text.HAL_RCC_GetPCLK1Freq  stm32f0xx_hal_rcc.o
    0x08001fcc   0x08001fcc   0x000005d8   Code   RO          639    .text.HAL_RCC_OscConfig  stm32f0xx_hal_rcc.o
    0x080025a4   0x080025a4   0x00000002   Code   RO         1022    .text.HAL_TIMEx_BreakCallback  stm32f0xx_hal_tim_ex.o
    0x080025a6   0x080025a6   0x00000002   Code   RO         1018    .text.HAL_TIMEx_CommutCallback  stm32f0xx_hal_tim_ex.o
    0x080025a8   0x080025a8   0x000001dc   Code   RO          712    .text.HAL_TIM_Base_Init  stm32f0xx_hal_tim.o
    0x08002784   0x08002784   0x00000002   Code   RO          714    .text.HAL_TIM_Base_MspInit  stm32f0xx_hal_tim.o
    0x08002786   0x08002786   0x00000002   PAD
    0x08002788   0x08002788   0x000000f4   Code   RO          726    .text.HAL_TIM_Base_Start_IT  stm32f0xx_hal_tim.o
    0x0800287c   0x0800287c   0x00000002   Code   RO          848    .text.HAL_TIM_IC_CaptureCallback  stm32f0xx_hal_tim.o
    0x0800287e   0x0800287e   0x000001ba   Code   RO          846    .text.HAL_TIM_IRQHandler  stm32f0xx_hal_tim.o
    0x08002a38   0x08002a38   0x00000002   Code   RO          850    .text.HAL_TIM_OC_DelayElapsedCallback  stm32f0xx_hal_tim.o
    0x08002a3a   0x08002a3a   0x00000002   Code   RO          852    .text.HAL_TIM_PWM_PulseFinishedCallback  stm32f0xx_hal_tim.o
    0x08002a3c   0x08002a3c   0x00000014   Code   RO         1326    .text.HAL_TIM_PeriodElapsedCallback  stm32f0xx_hal_timebase_tim.o
    0x08002a50   0x08002a50   0x00000002   Code   RO          856    .text.HAL_TIM_TriggerCallback  stm32f0xx_hal_tim.o
    0x08002a52   0x08002a52   0x00000002   Code   RO         1307    .text.HardFault_Handler  stm32f0xx_it.o
    0x08002a54   0x08002a54   0x000000b8   Code   RO         1605    .text.MX_GPIO_Init  gpio.o
    0x08002b0c   0x08002b0c   0x00000054   Code   RO         1471    .text.MX_USB_DEVICE_Init  usb_device.o
    0x08002b60   0x08002b60   0x00000002   Code   RO         1305    .text.NMI_Handler   stm32f0xx_it.o
    0x08002b62   0x08002b62   0x0000000e   PAD
    0x08002b70   0x08002b70   0x00000044   Code   RO         1981    .text.PendSV_Handler  portasm.o
    0x08002bb4   0x08002bb4   0x0000000c   PAD
    0x08002bc0   0x08002bc0   0x00000024   Code   RO         1983    .text.SVC_Handler   portasm.o
    0x08002be4   0x08002be4   0x00000024   Code   RO         1944    .text.SysTick_Handler  port.o
    0x08002c08   0x08002c08   0x0000009c   Code   RO         1268    .text.SystemClock_Config  main.o
    0x08002ca4   0x08002ca4   0x00000058   Code   RO           42    .text.SystemInit    system_stm32f0xx.o
    0x08002cfc   0x08002cfc   0x00000010   Code   RO         1324    .text.TIM2_IRQHandler  stm32f0xx_hal_timebase_tim.o
    0x08002d0c   0x08002d0c   0x00000062   Code   RO         1345    .text.USBD_CDC_DataIn  usbd_cdc.o
    0x08002d6e   0x08002d6e   0x00000034   Code   RO         1347    .text.USBD_CDC_DataOut  usbd_cdc.o
    0x08002da2   0x08002da2   0x00000044   Code   RO         1339    .text.USBD_CDC_DeInit  usbd_cdc.o
    0x08002de6   0x08002de6   0x0000002a   Code   RO         1343    .text.USBD_CDC_EP0_RxReady  usbd_cdc.o
    0x08002e10   0x08002e10   0x0000000c   Code   RO         1355    .text.USBD_CDC_GetDeviceQualifierDescriptor  usbd_cdc.o
    0x08002e1c   0x08002e1c   0x0000000c   Code   RO         1351    .text.USBD_CDC_GetFSCfgDesc  usbd_cdc.o
    0x08002e28   0x08002e28   0x0000000c   Code   RO         1349    .text.USBD_CDC_GetHSCfgDesc  usbd_cdc.o
    0x08002e34   0x08002e34   0x0000000c   Code   RO         1353    .text.USBD_CDC_GetOtherSpeedCfgDesc  usbd_cdc.o
    0x08002e40   0x08002e40   0x00000086   Code   RO         1337    .text.USBD_CDC_Init  usbd_cdc.o
    0x08002ec6   0x08002ec6   0x0000002c   Code   RO         1365    .text.USBD_CDC_ReceivePacket  usbd_cdc.o
    0x08002ef2   0x08002ef2   0x00000012   Code   RO         1357    .text.USBD_CDC_RegisterInterface  usbd_cdc.o
    0x08002f04   0x08002f04   0x00000010   Code   RO         1361    .text.USBD_CDC_SetRxBuffer  usbd_cdc.o
    0x08002f14   0x08002f14   0x00000014   Code   RO         1359    .text.USBD_CDC_SetTxBuffer  usbd_cdc.o
    0x08002f28   0x08002f28   0x000000c0   Code   RO         1341    .text.USBD_CDC_Setup  usbd_cdc.o
    0x08002fe8   0x08002fe8   0x00000036   Code   RO         1363    .text.USBD_CDC_TransmitPacket  usbd_cdc.o
    0x0800301e   0x0800301e   0x00000010   Code   RO         1394    .text.USBD_ClrClassConfig  usbd_core.o
    0x0800302e   0x0800302e   0x00000012   Code   RO         1455    .text.USBD_CtlContinueRx  usbd_ioreq.o
    0x08003040   0x08003040   0x00000012   Code   RO         1451    .text.USBD_CtlContinueSendData  usbd_ioreq.o
    0x08003052   0x08003052   0x00000014   Code   RO         1430    .text.USBD_CtlError  usbd_ctlreq.o
    0x08003066   0x08003066   0x00000024   Code   RO         1453    .text.USBD_CtlPrepareRx  usbd_ioreq.o
    0x0800308a   0x0800308a   0x0000001a   Code   RO         1459    .text.USBD_CtlReceiveStatus  usbd_ioreq.o
    0x080030a4   0x080030a4   0x0000001e   Code   RO         1449    .text.USBD_CtlSendData  usbd_ioreq.o
    0x080030c2   0x080030c2   0x0000001a   Code   RO         1457    .text.USBD_CtlSendStatus  usbd_ioreq.o
    0x080030dc   0x080030dc   0x00000020   Code   RO         1518    .text.USBD_FS_ConfigStrDescriptor  usbd_desc.o
    0x080030fc   0x080030fc   0x0000000c   Code   RO         1508    .text.USBD_FS_DeviceDescriptor  usbd_desc.o
    0x08003108   0x08003108   0x00000024   Code   RO         1520    .text.USBD_FS_InterfaceStrDescriptor  usbd_desc.o
    0x0800312c   0x0800312c   0x0000000c   Code   RO         1510    .text.USBD_FS_LangIDStrDescriptor  usbd_desc.o
    0x08003138   0x08003138   0x00000028   Code   RO         1512    .text.USBD_FS_ManufacturerStrDescriptor  usbd_desc.o
    0x08003160   0x08003160   0x00000030   Code   RO         1514    .text.USBD_FS_ProductStrDescriptor  usbd_desc.o
    0x08003190   0x08003190   0x00000110   Code   RO         1516    .text.USBD_FS_SerialStrDescriptor  usbd_desc.o
    0x080032a0   0x080032a0   0x000000ae   Code   RO         1438    .text.USBD_GetString  usbd_ctlreq.o
    0x0800334e   0x0800334e   0x0000002e   Code   RO         1380    .text.USBD_Init     usbd_core.o
    0x0800337c   0x0800337c   0x00000020   Code   RO         1577    .text.USBD_LL_ClearStallEP  usbd_conf.o
    0x0800339c   0x0800339c   0x00000020   Code   RO         1571    .text.USBD_LL_CloseEP  usbd_conf.o
    0x080033bc   0x080033bc   0x000000d0   Code   RO         1400    .text.USBD_LL_DataInStage  usbd_core.o
    0x0800348c   0x0800348c   0x00000086   Code   RO         1398    .text.USBD_LL_DataOutStage  usbd_core.o
    0x08003512   0x08003512   0x0000000e   Code   RO         1587    .text.USBD_LL_GetRxDataSize  usbd_conf.o
    0x08003520   0x08003520   0x00000084   Code   RO         1561    .text.USBD_LL_Init  usbd_conf.o
    0x080035a4   0x080035a4   0x00000026   Code   RO         1579    .text.USBD_LL_IsStallEP  usbd_conf.o
    0x080035ca   0x080035ca   0x00000002   PAD
    0x080035cc   0x080035cc   0x00000028   Code   RO         1569    .text.USBD_LL_OpenEP  usbd_conf.o
    0x080035f4   0x080035f4   0x00000020   Code   RO         1585    .text.USBD_LL_PrepareReceive  usbd_conf.o
    0x08003614   0x08003614   0x00000054   Code   RO         1402    .text.USBD_LL_Reset  usbd_core.o
    0x08003668   0x08003668   0x00000014   Code   RO         1408    .text.USBD_LL_Resume  usbd_core.o
    0x0800367c   0x0800367c   0x0000001c   Code   RO         1410    .text.USBD_LL_SOF   usbd_core.o
    0x08003698   0x08003698   0x00000006   Code   RO         1404    .text.USBD_LL_SetSpeed  usbd_core.o
    0x0800369e   0x0800369e   0x00000002   PAD
    0x080036a0   0x080036a0   0x00000020   Code   RO         1581    .text.USBD_LL_SetUSBAddress  usbd_conf.o
    0x080036c0   0x080036c0   0x0000006a   Code   RO         1396    .text.USBD_LL_SetupStage  usbd_core.o
    0x0800372a   0x0800372a   0x00000002   PAD
    0x0800372c   0x0800372c   0x00000020   Code   RO         1575    .text.USBD_LL_StallEP  usbd_conf.o
    0x0800374c   0x0800374c   0x00000024   Code   RO         1565    .text.USBD_LL_Start  usbd_conf.o
    0x08003770   0x08003770   0x00000012   Code   RO         1406    .text.USBD_LL_Suspend  usbd_core.o
    0x08003782   0x08003782   0x00000002   PAD
    0x08003784   0x08003784   0x00000024   Code   RO         1583    .text.USBD_LL_Transmit  usbd_conf.o
    0x080037a8   0x080037a8   0x00000028   Code   RO         1436    .text.USBD_ParseSetupRequest  usbd_ctlreq.o
    0x080037d0   0x080037d0   0x00000012   Code   RO         1384    .text.USBD_RegisterClass  usbd_core.o
    0x080037e2   0x080037e2   0x0000001c   Code   RO         1392    .text.USBD_SetClassConfig  usbd_core.o
    0x080037fe   0x080037fe   0x0000000a   Code   RO         1386    .text.USBD_Start    usbd_core.o
    0x08003808   0x08003808   0x00000278   Code   RO         1428    .text.USBD_StdDevReq  usbd_ctlreq.o
    0x08003a80   0x08003a80   0x00000152   Code   RO         1434    .text.USBD_StdEPReq  usbd_ctlreq.o
    0x08003bd2   0x08003bd2   0x00000072   Code   RO         1432    .text.USBD_StdItfReq  usbd_ctlreq.o
    0x08003c44   0x08003c44   0x00000002   Code   RO         1593    .text.USBD_static_free  usbd_conf.o
    0x08003c46   0x08003c46   0x00000002   PAD
    0x08003c48   0x08003c48   0x00000008   Code   RO         1591    .text.USBD_static_malloc  usbd_conf.o
    0x08003c50   0x08003c50   0x00000230   Code   RO         1219    .text.USB_ActivateEndpoint  stm32f0xx_ll_usb.o
    0x08003e80   0x08003e80   0x000000b0   Code   RO         1221    .text.USB_DeactivateEndpoint  stm32f0xx_ll_usb.o
    0x08003f30   0x08003f30   0x00000010   Code   RO         1237    .text.USB_DevConnect  stm32f0xx_ll_usb.o
    0x08003f40   0x08003f40   0x00000014   Code   RO         1213    .text.USB_DevInit   stm32f0xx_ll_usb.o
    0x08003f54   0x08003f54   0x00000014   Code   RO         1209    .text.USB_DisableGlobalInt  stm32f0xx_ll_usb.o
    0x08003f68   0x08003f68   0x0000006c   Code   RO         1229    .text.USB_EPClearStall  stm32f0xx_ll_usb.o
    0x08003fd4   0x08003fd4   0x0000003c   Code   RO         1227    .text.USB_EPSetStall  stm32f0xx_ll_usb.o
    0x08004010   0x08004010   0x0000094c   Code   RO         1223    .text.USB_EPStartXfer  stm32f0xx_ll_usb.o
    0x0800495c   0x0800495c   0x00000018   Code   RO         1207    .text.USB_EnableGlobalInt  stm32f0xx_ll_usb.o
    0x08004974   0x08004974   0x00000010   Code   RO         1309    .text.USB_IRQHandler  stm32f0xx_it.o
    0x08004984   0x08004984   0x00000006   Code   RO         1241    .text.USB_ReadInterrupts  stm32f0xx_ll_usb.o
    0x0800498a   0x0800498a   0x00000090   Code   RO         1247    .text.USB_ReadPMA   stm32f0xx_ll_usb.o
    0x08004a1a   0x08004a1a   0x00000012   Code   RO         1235    .text.USB_SetDevAddress  stm32f0xx_ll_usb.o
    0x08004a2c   0x08004a2c   0x00000050   Code   RO         1492    .text.USB_Status_Init  usbd_cdc_if.o
    0x08004a7c   0x08004a7c   0x00000098   Code   RO         1225    .text.USB_WritePMA  stm32f0xx_ll_usb.o
    0x08004b14   0x08004b14   0x00000002   Code   RO         1272    .text.assert_failed  main.o
    0x08004b16   0x08004b16   0x00000002   PAD
    0x08004b18   0x08004b18   0x00000040   Code   RO         2018    .text.freertos_start_semaphore_counting  freertos_semphr_counting.o
    0x08004b58   0x08004b58   0x0000005c   Code   RO         1613    .text.logger_init   logger.o
    0x08004bb4   0x08004bb4   0x000000a0   Code   RO         1615    .text.logger_log    logger.o
    0x08004c54   0x08004c54   0x0000002a   Code   RO         1266    .text.main          main.o
    0x08004c7e   0x08004c7e   0x00000002   PAD
    0x08004c80   0x08004c80   0x0000004c   Code   RO         1918    .text.prvIdleTask   tasks.o
    0x08004ccc   0x08004ccc   0x000000ae   Code   RO         1701    .text.prvNotifyQueueSetContainer  queue.o
    0x08004d7a   0x08004d7a   0x00000002   PAD
    0x08004d7c   0x08004d7c   0x00000034   Code   RO         1950    .text.prvTaskExitError  port.o
    0x08004db0   0x08004db0   0x00000090   Code   RO         1703    .text.prvUnlockQueue  queue.o
    0x08004e40   0x08004e40   0x000001c8   Code   RO         1992    .text.pvPortMalloc  heap_4.o
    0x08005008   0x08005008   0x000000bc   Code   RO         1948    .text.pxPortInitialiseStack  port.o
    0x080050c4   0x080050c4   0x000000a4   Code   RO         2020    .text.start_task    freertos_semphr_counting.o
    0x08005168   0x08005168   0x0000015c   Code   RO         2022    .text.task1         freertos_semphr_counting.o
    0x080052c4   0x080052c4   0x00000098   Code   RO         2024    .text.task2         freertos_semphr_counting.o
    0x0800535c   0x0800535c   0x00000008   Code   RO         1977    .text.ulSetInterruptMask  portasm.o
    0x08005364   0x08005364   0x00000020   Code   RO         1675    .text.uxListRemove  list.o
    0x08005384   0x08005384   0x0000001a   Code   RO         1717    .text.uxQueueMessagesWaiting  queue.o
    0x0800539e   0x0800539e   0x00000002   PAD
    0x080053a0   0x080053a0   0x00000008   Code   RO         1856    .text.uxTaskGetNumberOfTasks  tasks.o
    0x080053a8   0x080053a8   0x00000040   Code   RO         1278    .text.vApplicationMallocFailedHook  main.o
    0x080053e8   0x080053e8   0x00000040   Code   RO         1274    .text.vApplicationStackOverflowHook  main.o
    0x08005428   0x08005428   0x00000002   Code   RO         1276    .text.vApplicationTickHook  main.o
    0x0800542a   0x0800542a   0x00000006   Code   RO         1979    .text.vClearInterruptMask  portasm.o
    0x08005430   0x08005430   0x00000010   Code   RO         1667    .text.vListInitialise  list.o
    0x08005440   0x08005440   0x00000006   Code   RO         1669    .text.vListInitialiseItem  list.o
    0x08005446   0x08005446   0x0000003c   Code   RO         1673    .text.vListInsert   list.o
    0x08005482   0x08005482   0x00000018   Code   RO         1671    .text.vListInsertEnd  list.o
    0x0800549a   0x0800549a   0x00000002   PAD
    0x0800549c   0x0800549c   0x00000014   Code   RO         1940    .text.vPortEnterCritical  port.o
    0x080054b0   0x080054b0   0x00000024   Code   RO         1942    .text.vPortExitCritical  port.o
    0x080054d4   0x080054d4   0x000000fc   Code   RO         1994    .text.vPortFree     heap_4.o
    0x080055d0   0x080055d0   0x00000016   Code   RO         1946    .text.vPortSVCHandler_C  port.o
    0x080055e6   0x080055e6   0x00000002   PAD
    0x080055e8   0x080055e8   0x0000002c   Code   RO         1936    .text.vPortSetupTimerInterrupt  port.o
    0x08005614   0x08005614   0x00000018   Code   RO         1938    .text.vPortYield    port.o
    0x0800562c   0x0800562c   0x00000004   PAD
    0x08005630   0x08005630   0x00000024   Code   RO         1967    .text.vRestoreContextOfFirstTask  portasm.o
    0x08005654   0x08005654   0x0000000c   PAD
    0x08005660   0x08005660   0x00000010   Code   RO         1975    .text.vStartFirstTask  portasm.o
    0x08005670   0x08005670   0x0000007c   Code   RO         1824    .text.vTaskDelay    tasks.o
    0x080056ec   0x080056ec   0x000000a8   Code   RO         1816    .text.vTaskDelete   tasks.o
    0x08005794   0x08005794   0x0000000c   Code   RO         1874    .text.vTaskInternalSetTimeOutState  tasks.o
    0x080057a0   0x080057a0   0x00000008   Code   RO         1878    .text.vTaskMissedYield  tasks.o
    0x080057a8   0x080057a8   0x00000084   Code   RO         1864    .text.vTaskPlaceOnEventList  tasks.o
    0x0800582c   0x0800582c   0x00000054   Code   RO         1846    .text.vTaskStartScheduler  tasks.o
    0x08005880   0x08005880   0x0000000c   Code   RO         1820    .text.vTaskSuspendAll  tasks.o
    0x0800588c   0x0800588c   0x000000c4   Code   RO         1840    .text.vTaskSwitchContext  tasks.o
    0x08005950   0x08005950   0x00000060   Code   RO         1952    .text.xPortStartScheduler  port.o
    0x080059b0   0x080059b0   0x00000020   Code   RO         1699    .text.xQueueCreateCountingSemaphore  queue.o
    0x080059d0   0x080059d0   0x00000098   Code   RO         1687    .text.xQueueGenericCreate  queue.o
    0x08005a68   0x08005a68   0x000001ba   Code   RO         1693    .text.xQueueGenericSend  queue.o
    0x08005c22   0x08005c22   0x00000002   PAD
    0x08005c24   0x08005c24   0x00000074   Code   RO         1876    .text.xTaskCheckForTimeOut  tasks.o
    0x08005c98   0x08005c98   0x000001d4   Code   RO         1814    .text.xTaskCreate   tasks.o
    0x08005e6c   0x08005e6c   0x00000018   Code   RO         1890    .text.xTaskGetSchedulerState  tasks.o
    0x08005e84   0x08005e84   0x0000014c   Code   RO         1850    .text.xTaskIncrementTick  tasks.o
    0x08005fd0   0x08005fd0   0x00000074   Code   RO         1894    .text.xTaskPriorityDisinherit  tasks.o
    0x08006044   0x08006044   0x000000b8   Code   RO         1868    .text.xTaskRemoveFromEventList  tasks.o
    0x080060fc   0x080060fc   0x00000118   Code   RO         1822    .text.xTaskResumeAll  tasks.o
    0x08006214   0x08006214   0x00000038   Code   RO         2296    i.__0snprintf       mc_p.l(printfa.o)
    0x0800624c   0x0800624c   0x00000030   Code   RO         2300    i.__0vsnprintf      mc_p.l(printfa.o)
    0x0800627c   0x0800627c   0x0000002e   Code   RO         2375    i.__ARM_clz         mf_p.l(depilogue.o)
    0x080062aa   0x080062aa   0x0000000e   Code   RO         2379    i.__scatterload_copy  mc_p.l(handlers.o)
    0x080062b8   0x080062b8   0x00000002   Code   RO         2380    i.__scatterload_null  mc_p.l(handlers.o)
    0x080062ba   0x080062ba   0x0000000e   Code   RO         2381    i.__scatterload_zeroinit  mc_p.l(handlers.o)
    0x080062c8   0x080062c8   0x00000174   Code   RO         2302    i._fp_digits        mc_p.l(printfa.o)
    0x0800643c   0x0800643c   0x000006ec   Code   RO         2303    i._printf_core      mc_p.l(printfa.o)
    0x08006b28   0x08006b28   0x00000020   Code   RO         2304    i._printf_post_padding  mc_p.l(printfa.o)
    0x08006b48   0x08006b48   0x0000002c   Code   RO         2305    i._printf_pre_padding  mc_p.l(printfa.o)
    0x08006b74   0x08006b74   0x00000016   Code   RO         2306    i._snputc           mc_p.l(printfa.o)
    0x08006b8a   0x08006b8a   0x00000010   Data   RO           47    .rodata.AHBPrescTable  system_stm32f0xx.o
    0x08006b9a   0x08006b9a   0x00000008   Data   RO           48    .rodata.APBPrescTable  system_stm32f0xx.o
    0x08006ba2   0x08006ba2   0x00000020   Data   RO          664    .rodata.cst16       stm32f0xx_hal_rcc.o
    0x08006bc2   0x08006bc2   0x00000002   PAD
    0x08006bc4   0x08006bc4   0x00000018   Data   RO         1627    .rodata.level_strings  logger.o
    0x08006bdc   0x08006bdc   0x00000044   Data   RO          142    .rodata.str1.1      stm32f0xx_hal_cortex.o
    0x08006c20   0x08006c20   0x00000042   Data   RO          261    .rodata.str1.1      stm32f0xx_hal_gpio.o
    0x08006c62   0x08006c62   0x00000041   Data   RO          544    .rodata.str1.1      stm32f0xx_hal_pcd.o
    0x08006ca3   0x08006ca3   0x00000041   Data   RO          663    .rodata.str1.1      stm32f0xx_hal_rcc.o
    0x08006ce4   0x08006ce4   0x00000044   Data   RO          697    .rodata.str1.1      stm32f0xx_hal_rcc_ex.o
    0x08006d28   0x08006d28   0x00000041   Data   RO          936    .rodata.str1.1      stm32f0xx_hal_tim.o
    0x08006d69   0x08006d69   0x0000002b   Data   RO         1283    .rodata.str1.1      main.o
    0x08006d94   0x08006d94   0x00000034   Data   RO         1626    .rodata.str1.1      logger.o
    0x08006dc8   0x08006dc8   0x00000043   Data   RO         2026    .rodata.str1.1      freertos_semphr_counting.o
    0x08006e0b   0x08006e0b   0x00000001   PAD
    0x08006e0c   0x08006e0c   0x00000004   Data   RO         1922    .rodata.uxTopUsedPriority  tasks.o
    0x08006e10   0x08006e10   0x00000020   Data   RO         2378    Region$$Table       anon$$obj.o


    Execution Region RW_IRAM1 (Exec base: 0x20000000, Load base: 0x08006e30, Size: 0x000037d0, Max: 0x00004000, ABSOLUTE, COMPRESSED[0x000000c8])

    Exec Addr    Load Addr    Size         Type   Attr      Idx    E Section Name        Object

    0x20000000   COMPRESSED   0x00000008   Data   RW          104    .data..L_MergedGlobals  stm32f0xx_hal.o
    0x20000008   COMPRESSED   0x0000001c   Data   RW         1522    .data.FS_Desc       usbd_desc.o
    0x20000024   COMPRESSED   0x00000004   Data   RW           46    .data.SystemCoreClock  system_stm32f0xx.o
    0x20000028   COMPRESSED   0x00000038   Data   RW         1367    .data.USBD_CDC      usbd_cdc.o
    0x20000060   COMPRESSED   0x00000043   Data   RW         1369    .data.USBD_CDC_CfgFSDesc  usbd_cdc.o
    0x200000a3   COMPRESSED   0x00000001   PAD
    0x200000a4   COMPRESSED   0x00000043   Data   RW         1368    .data.USBD_CDC_CfgHSDesc  usbd_cdc.o
    0x200000e7   COMPRESSED   0x00000001   PAD
    0x200000e8   COMPRESSED   0x0000000a   Data   RW         1371    .data.USBD_CDC_DeviceQualifierDesc  usbd_cdc.o
    0x200000f2   COMPRESSED   0x00000002   PAD
    0x200000f4   COMPRESSED   0x00000043   Data   RW         1370    .data.USBD_CDC_OtherSpeedCfgDesc  usbd_cdc.o
    0x20000137   COMPRESSED   0x00000001   PAD
    0x20000138   COMPRESSED   0x00000012   Data   RW         1523    .data.USBD_FS_DeviceDesc  usbd_desc.o
    0x2000014a   COMPRESSED   0x00000002   PAD
    0x2000014c   COMPRESSED   0x00000010   Data   RW         1496    .data.USBD_Interface_fops_FS  usbd_cdc_if.o
    0x2000015c   COMPRESSED   0x00000004   Data   RW         1524    .data.USBD_LangIDDesc  usbd_desc.o
    0x20000160   COMPRESSED   0x0000001a   Data   RW         1525    .data.USBD_StringSerial  usbd_desc.o
    0x2000017a   COMPRESSED   0x00000002   PAD
    0x2000017c   COMPRESSED   0x00000004   Data   RW         1958    .data.ulCriticalNesting  port.o
    0x20000180        -       0x00000074   Zero   RW         1924    .bss..L_MergedGlobals  tasks.o
    0x200001f4        -       0x0000001c   Zero   RW         2009    .bss..L_MergedGlobals  heap_4.o
    0x20000210        -       0x00000010   Zero   RW         2027    .bss..L_MergedGlobals  freertos_semphr_counting.o
    0x20000220        -       0x00000028   Zero   RW         1925    .bss..L_MergedGlobals.1  tasks.o
    0x20000248        -       0x00000001   Zero   RW         1440    .bss.USBD_SetConfig.cfgidx  usbd_ctlreq.o
    0x20000249   COMPRESSED   0x00000003   PAD
    0x2000024c        -       0x00000200   Zero   RW         1526    .bss.USBD_StrDesc   usbd_desc.o
    0x2000044c        -       0x00000220   Zero   RW         1596    .bss.USBD_static_malloc.mem  usbd_conf.o
    0x2000066c        -       0x000000ff   Zero   RW         1499    .bss.UserRxBufferFS  usbd_cdc_if.o
    0x2000076b        -       0x000000ff   Zero   RW         1497    .bss.UserTxBufferFS  usbd_cdc_if.o
    0x2000086a   COMPRESSED   0x00000002   PAD
    0x2000086c        -       0x000002c4   Zero   RW         1473    .bss.hUsbDeviceFS   usb_device.o
    0x20000b30        -       0x000002dc   Zero   RW         1595    .bss.hpcd_USB_FS    usbd_conf.o
    0x20000e0c        -       0x00000048   Zero   RW         1328    .bss.htim2          stm32f0xx_hal_timebase_tim.o
    0x20000e54        -       0x00000102   Zero   RW         1625    .bss.logger         logger.o
    0x20000f56   COMPRESSED   0x00000002   PAD
    0x20000f58        -       0x00000004   Zero   RW         1920    .bss.pxCurrentTCB   tasks.o
    0x20000f5c        -       0x00000064   Zero   RW         1921    .bss.pxReadyTasksLists  tasks.o
    0x20000fc0        -       0x00002400   Zero   RW         2008    .bss.ucHeap         heap_4.o
    0x200033c0        -       0x0000000a   Zero   RW         1284    .bss.user_cdc_buffer  main.o
    0x200033ca   COMPRESSED   0x00000002   PAD
    0x200033cc        -       0x00000004   Zero   RW          103    .bss.uwTick         stm32f0xx_hal.o
    0x200033d0        -       0x00000400   Zero   RW         1256    STACK               startup_stm32f072xb.o


==============================================================================

Image component sizes


      Code (inc. data)   RO Data    RW Data    ZI Data      Debug   Object Name

       728        336         67          0         16       2662   freertos_semphr_counting.o
       184          8          0          0          0       1912   gpio.o
       708         24          0          0       9244       5359   heap_4.o
       138          0          0          0          0       2360   list.o
       252         72         76          0        258       5888   logger.o
       354        116         43          0         10       4063   main.o
       518         84          0          4          0       3342   port.o
       170         12          0          0          0       1409   portasm.o
       970          0          0          0          0      25208   queue.o
        28          8        192          0       1024        716   startup_stm32f072xb.o
        96         12          0          8          4       5692   stm32f0xx_hal.o
       116         16         68          0          0       6020   stm32f0xx_hal_cortex.o
       704         28         66          0          0       5575   stm32f0xx_hal_gpio.o
        44          4          0          0          0       1257   stm32f0xx_hal_msp.o
      3482         96         65          0          0      16932   stm32f0xx_hal_pcd.o
        96          0          0          0          0       5928   stm32f0xx_hal_pcd_ex.o
      2108         72         97          0          0       9012   stm32f0xx_hal_rcc.o
       472         20         68          0          0       7091   stm32f0xx_hal_rcc_ex.o
      1172         64         65          0          0      74407   stm32f0xx_hal_tim.o
         4          0          0          0          0      22380   stm32f0xx_hal_tim_ex.o
       188         24          0          0         72       6026   stm32f0xx_hal_timebase_tim.o
        20          4          0          0          0       1051   stm32f0xx_it.o
      3684        136          0          0          0      24354   stm32f0xx_ll_usb.o
        88         16         24          4          0       1879   system_stm32f0xx.o
      2340         76          4          0        260      40741   tasks.o
        84         16          0          0        708       2953   usb_device.o
       786         16          0        267          0      10394   usbd_cdc.o
       296         20          0         16        510       5068   usbd_cdc_if.o
       728         32          0          0       1276      15499   usbd_conf.o
       722          0          0          0          0       7995   usbd_core.o
      1318         28          0          0          1       8688   usbd_ctlreq.o
       452         92          0         76        512       4378   usbd_desc.o
       154          0          0          0          0       4522   usbd_ioreq.o

    ----------------------------------------------------------------------
     23278       1460        870        384      13904     340761   Object Totals
         0          0         32          0          0          0   (incl. Generated)
        74         28          3          9          9          0   (incl. Padding)

    ----------------------------------------------------------------------

      Code (inc. data)   RO Data    RW Data    ZI Data      Debug   Library Member Name

        86          0          0          0          0          0   __dczerorl2.o
         0          0          0          0          0          0   entry.o
         0          0          0          0          0          0   entry10a.o
         0          0          0          0          0          0   entry11a.o
         8          4          0          0          0          0   entry2.o
         4          0          0          0          0          0   entry5.o
         0          0          0          0          0          0   entry7b.o
         0          0          0          0          0          0   entry8b.o
         8          4          0          0          0          0   entry9a.o
        30          0          0          0          0          0   handlers.o
        36          8          0          0          0         68   init.o
         0          0          0          0          0          0   iusefp.o
        48          0          0          0          0         72   llmul.o
        32          0          0          0          0         68   llshl.o
        38          0          0          0          0         68   llsshr.o
        34          0          0          0          0         68   llushr.o
        36          0          0          0          0         60   memcpya.o
        36          0          0          0          0        100   memseta.o
      2346        100          0          0          0        552   printfa.o
        14          0          0          0          0         60   strlen.o
        62          0          0          0          0         72   uidiv_div0.o
        96          0          0          0          0         84   uldiv.o
        40          2          0          0          0         68   cdrcmple.o
       356          4          0          0          0        140   dadd.o
       240          6          0          0          0         84   ddiv.o
       236          0          0          0          0        216   depilogue.o
        64         10          0          0          0         68   dfixul.o
       208          6          0          0          0         88   dmul.o

    ----------------------------------------------------------------------
      4060        144          0          0          0       1936   Library Totals
         2          0          0          0          0          0   (incl. Padding)

    ----------------------------------------------------------------------

      Code (inc. data)   RO Data    RW Data    ZI Data      Debug   Library Name

      2914        116          0          0          0       1272   mc_p.l
      1144         28          0          0          0        664   mf_p.l

    ----------------------------------------------------------------------
      4060        144          0          0          0       1936   Library Totals

    ----------------------------------------------------------------------

==============================================================================


      Code (inc. data)   RO Data    RW Data    ZI Data      Debug   

     27338       1604        870        384      13904     341369   Grand Totals
     27338       1604        870        200      13904     341369   ELF Image Totals (compressed)
     27338       1604        870        200          0          0   ROM Totals

==============================================================================

    Total RO  Size (Code + RO Data)                28208 (  27.55kB)
    Total RW  Size (RW Data + ZI Data)             14288 (  13.95kB)
    Total ROM Size (Code + RO Data + RW Data)      28408 (  27.74kB)

==============================================================================

