Component: Arm Compiler for Embedded 6.19 Tool: armlink [5e73cb00]

==============================================================================

Section Cross References

    stm32f072b_discovery.o(.ARM.exidx.text.BSP_GetVersion) refers to stm32f072b_discovery.o(.text.BSP_GetVersion) for [Anonymous Symbol]
    stm32f072b_discovery.o(.text.BSP_LED_Init) refers to stm32f0xx_hal_gpio.o(.text.HAL_GPIO_Init) for HAL_GPIO_Init
    stm32f072b_discovery.o(.text.BSP_LED_Init) refers to stm32f0xx_hal_gpio.o(.text.HAL_GPIO_WritePin) for HAL_GPIO_WritePin
    stm32f072b_discovery.o(.text.BSP_LED_Init) refers to stm32f072b_discovery.o(.rodata.LED_PIN) for LED_PIN
    stm32f072b_discovery.o(.text.BSP_LED_Init) refers to stm32f072b_discovery.o(.data.LED_PORT) for LED_PORT
    stm32f072b_discovery.o(.ARM.exidx.text.BSP_LED_Init) refers to stm32f072b_discovery.o(.text.BSP_LED_Init) for [Anonymous Symbol]
    stm32f072b_discovery.o(.text.BSP_LED_On) refers to stm32f0xx_hal_gpio.o(.text.HAL_GPIO_WritePin) for HAL_GPIO_WritePin
    stm32f072b_discovery.o(.text.BSP_LED_On) refers to stm32f072b_discovery.o(.data.LED_PORT) for LED_PORT
    stm32f072b_discovery.o(.text.BSP_LED_On) refers to stm32f072b_discovery.o(.rodata.LED_PIN) for LED_PIN
    stm32f072b_discovery.o(.ARM.exidx.text.BSP_LED_On) refers to stm32f072b_discovery.o(.text.BSP_LED_On) for [Anonymous Symbol]
    stm32f072b_discovery.o(.text.BSP_LED_Off) refers to stm32f0xx_hal_gpio.o(.text.HAL_GPIO_WritePin) for HAL_GPIO_WritePin
    stm32f072b_discovery.o(.text.BSP_LED_Off) refers to stm32f072b_discovery.o(.data.LED_PORT) for LED_PORT
    stm32f072b_discovery.o(.text.BSP_LED_Off) refers to stm32f072b_discovery.o(.rodata.LED_PIN) for LED_PIN
    stm32f072b_discovery.o(.ARM.exidx.text.BSP_LED_Off) refers to stm32f072b_discovery.o(.text.BSP_LED_Off) for [Anonymous Symbol]
    stm32f072b_discovery.o(.text.BSP_LED_Toggle) refers to stm32f0xx_hal_gpio.o(.text.HAL_GPIO_TogglePin) for HAL_GPIO_TogglePin
    stm32f072b_discovery.o(.text.BSP_LED_Toggle) refers to stm32f072b_discovery.o(.data.LED_PORT) for LED_PORT
    stm32f072b_discovery.o(.text.BSP_LED_Toggle) refers to stm32f072b_discovery.o(.rodata.LED_PIN) for LED_PIN
    stm32f072b_discovery.o(.ARM.exidx.text.BSP_LED_Toggle) refers to stm32f072b_discovery.o(.text.BSP_LED_Toggle) for [Anonymous Symbol]
    stm32f072b_discovery.o(.text.BSP_PB_Init) refers to stm32f0xx_hal_gpio.o(.text.HAL_GPIO_Init) for HAL_GPIO_Init
    stm32f072b_discovery.o(.text.BSP_PB_Init) refers to stm32f0xx_hal_cortex.o(.text.HAL_NVIC_SetPriority) for HAL_NVIC_SetPriority
    stm32f072b_discovery.o(.text.BSP_PB_Init) refers to stm32f0xx_hal_cortex.o(.text.HAL_NVIC_EnableIRQ) for HAL_NVIC_EnableIRQ
    stm32f072b_discovery.o(.text.BSP_PB_Init) refers to stm32f072b_discovery.o(.data.BUTTON_PORT) for BUTTON_PORT
    stm32f072b_discovery.o(.ARM.exidx.text.BSP_PB_Init) refers to stm32f072b_discovery.o(.text.BSP_PB_Init) for [Anonymous Symbol]
    stm32f072b_discovery.o(.text.BSP_PB_GetState) refers to stm32f0xx_hal_gpio.o(.text.HAL_GPIO_ReadPin) for HAL_GPIO_ReadPin
    stm32f072b_discovery.o(.text.BSP_PB_GetState) refers to stm32f072b_discovery.o(.data.BUTTON_PORT) for BUTTON_PORT
    stm32f072b_discovery.o(.ARM.exidx.text.BSP_PB_GetState) refers to stm32f072b_discovery.o(.text.BSP_PB_GetState) for [Anonymous Symbol]
    stm32f072b_discovery.o(.text.EEPROM_IO_Init) refers to stm32f072b_discovery.o(.text.I2Cx_Init) for I2Cx_Init
    stm32f072b_discovery.o(.ARM.exidx.text.EEPROM_IO_Init) refers to stm32f072b_discovery.o(.text.EEPROM_IO_Init) for [Anonymous Symbol]
    stm32f072b_discovery.o(.text.I2Cx_Init) refers to stm32f0xx_hal_i2c.o(.text.HAL_I2C_GetState) for HAL_I2C_GetState
    stm32f072b_discovery.o(.text.I2Cx_Init) refers to stm32f0xx_hal_gpio.o(.text.HAL_GPIO_Init) for HAL_GPIO_Init
    stm32f072b_discovery.o(.text.I2Cx_Init) refers to stm32f0xx_hal_dma.o(.text.HAL_DMA_Init) for HAL_DMA_Init
    stm32f072b_discovery.o(.text.I2Cx_Init) refers to stm32f0xx_hal_cortex.o(.text.HAL_NVIC_SetPriority) for HAL_NVIC_SetPriority
    stm32f072b_discovery.o(.text.I2Cx_Init) refers to stm32f0xx_hal_cortex.o(.text.HAL_NVIC_EnableIRQ) for HAL_NVIC_EnableIRQ
    stm32f072b_discovery.o(.text.I2Cx_Init) refers to stm32f0xx_hal_i2c.o(.text.HAL_I2C_Init) for HAL_I2C_Init
    stm32f072b_discovery.o(.text.I2Cx_Init) refers to stm32f072b_discovery.o(.bss.I2cHandle) for I2cHandle
    stm32f072b_discovery.o(.text.I2Cx_Init) refers to stm32f072b_discovery.o(.bss.I2Cx_MspInit.hdma_tx) for [Anonymous Symbol]
    stm32f072b_discovery.o(.text.I2Cx_Init) refers to stm32f072b_discovery.o(.bss.I2Cx_MspInit.hdma_rx) for [Anonymous Symbol]
    stm32f072b_discovery.o(.ARM.exidx.text.I2Cx_Init) refers to stm32f072b_discovery.o(.text.I2Cx_Init) for [Anonymous Symbol]
    stm32f072b_discovery.o(.text.EEPROM_IO_WriteData) refers to stm32f0xx_hal_i2c.o(.text.HAL_I2C_Mem_Write) for HAL_I2C_Mem_Write
[...]
    [Anonymous Symbol]                       0x080049b0   Section        0  usbd_core.o(.text.USBD_RegisterClass)
    [Anonymous Symbol]                       0x080049c2   Section        0  usbd_core.o(.text.USBD_SetClassConfig)
    [Anonymous Symbol]                       0x080049de   Section        0  usbd_core.o(.text.USBD_Start)
    [Anonymous Symbol]                       0x080049e8   Section        0  usbd_ctlreq.o(.text.USBD_StdDevReq)
    __arm_cp.0_0                             0x08004c5c   Number         4  usbd_ctlreq.o(.text.USBD_StdDevReq)
    [Anonymous Symbol]                       0x08004c60   Section        0  usbd_ctlreq.o(.text.USBD_StdEPReq)
    [Anonymous Symbol]                       0x08004db2   Section        0  usbd_ctlreq.o(.text.USBD_StdItfReq)
    [Anonymous Symbol]                       0x08004e24   Section        0  usbd_conf.o(.text.USBD_static_free)
    [Anonymous Symbol]                       0x08004e28   Section        0  usbd_conf.o(.text.USBD_static_malloc)
    __arm_cp.28_0                            0x08004e2c   Number         4  usbd_conf.o(.text.USBD_static_malloc)
    [Anonymous Symbol]                       0x08004e30   Section        0  stm32f0xx_ll_usb.o(.text.USB_ActivateEndpoint)
    __arm_cp.7_0                             0x08005040   Number         4  stm32f0xx_ll_usb.o(.text.USB_ActivateEndpoint)
    __arm_cp.7_1                             0x08005044   Number         4  stm32f0xx_ll_usb.o(.text.USB_ActivateEndpoint)
    __arm_cp.7_2                             0x08005048   Number         4  stm32f0xx_ll_usb.o(.text.USB_ActivateEndpoint)
    __arm_cp.7_4                             0x0800504c   Number         4  stm32f0xx_ll_usb.o(.text.USB_ActivateEndpoint)
    __arm_cp.7_5                             0x08005050   Number         4  stm32f0xx_ll_usb.o(.text.USB_ActivateEndpoint)
    __arm_cp.7_6                             0x08005054   Number         4  stm32f0xx_ll_usb.o(.text.USB_ActivateEndpoint)
    __arm_cp.7_9                             0x08005058   Number         4  stm32f0xx_ll_usb.o(.text.USB_ActivateEndpoint)
    __arm_cp.7_10                            0x0800505c   Number         4  stm32f0xx_ll_usb.o(.text.USB_ActivateEndpoint)
    [Anonymous Symbol]                       0x08005060   Section        0  stm32f0xx_ll_usb.o(.text.USB_DeactivateEndpoint)
    __arm_cp.8_0                             0x08005108   Number         4  stm32f0xx_ll_usb.o(.text.USB_DeactivateEndpoint)
    __arm_cp.8_4                             0x0800510c   Number         4  stm32f0xx_ll_usb.o(.text.USB_DeactivateEndpoint)
    [Anonymous Symbol]                       0x08005110   Section        0  stm32f0xx_ll_usb.o(.text.USB_DevConnect)
    [Anonymous Symbol]                       0x08005120   Section        0  stm32f0xx_ll_usb.o(.text.USB_DevInit)
    [Anonymous Symbol]                       0x08005134   Section        0  stm32f0xx_ll_usb.o(.text.USB_DisableGlobalInt)
    __arm_cp.2_0                             0x08005144   Number         4  stm32f0xx_ll_usb.o(.text.USB_DisableGlobalInt)
    [Anonymous Symbol]                       0x08005148   Section        0  stm32f0xx_ll_usb.o(.text.USB_EPClearStall)
    __arm_cp.12_0                            0x080051a4   Number         4  stm32f0xx_ll_usb.o(.text.USB_EPClearStall)
    __arm_cp.12_1                            0x080051a8   Number         4  stm32f0xx_ll_usb.o(.text.USB_EPClearStall)
    __arm_cp.12_3                            0x080051ac   Number         4  stm32f0xx_ll_usb.o(.text.USB_EPClearStall)
    __arm_cp.12_4                            0x080051b0   Number         4  stm32f0xx_ll_usb.o(.text.USB_EPClearStall)
    [Anonymous Symbol]                       0x080051b4   Section        0  stm32f0xx_ll_usb.o(.text.USB_EPSetStall)
    __arm_cp.11_0                            0x080051e0   Number         4  stm32f0xx_ll_usb.o(.text.USB_EPSetStall)
    __arm_cp.11_1                            0x080051e4   Number         4  stm32f0xx_ll_usb.o(.text.USB_EPSetStall)
    __arm_cp.11_2                            0x080051e8   Number         4  stm32f0xx_ll_usb.o(.text.USB_EPSetStall)
    __arm_cp.11_3                            0x080051ec   Number         4  stm32f0xx_ll_usb.o(.text.USB_EPSetStall)
    [Anonymous Symbol]                       0x080051f0   Section        0  stm32f0xx_ll_usb.o(.text.USB_EPStartXfer)
    __arm_cp.9_16                            0x08005618   Number         4  stm32f0xx_ll_usb.o(.text.USB_EPStartXfer)
    __arm_cp.9_17                            0x08005624   Number         4  stm32f0xx_ll_usb.o(.text.USB_EPStartXfer)
    __arm_cp.9_15                            0x08005a98   Number         4  stm32f0xx_ll_usb.o(.text.USB_EPStartXfer)
    __arm_cp.9_1                             0x08005b24   Number         4  stm32f0xx_ll_usb.o(.text.USB_EPStartXfer)
    __arm_cp.9_2                             0x08005b28   Number         4  stm32f0xx_ll_usb.o(.text.USB_EPStartXfer)
    __arm_cp.9_3                             0x08005b2c   Number         4  stm32f0xx_ll_usb.o(.text.USB_EPStartXfer)
    __arm_cp.9_4                             0x08005b30   Number         4  stm32f0xx_ll_usb.o(.text.USB_EPStartXfer)
    __arm_cp.9_5                             0x08005b34   Number         4  stm32f0xx_ll_usb.o(.text.USB_EPStartXfer)
    __arm_cp.9_6                             0x08005b38   Number         4  stm32f0xx_ll_usb.o(.text.USB_EPStartXfer)
    [Anonymous Symbol]                       0x08005b3c   Section        0  stm32f0xx_ll_usb.o(.text.USB_EnableGlobalInt)
    __arm_cp.1_0                             0x08005b50   Number         4  stm32f0xx_ll_usb.o(.text.USB_EnableGlobalInt)
    [Anonymous Symbol]                       0x08005b54   Section        0  stm32f0xx_it.o(.text.USB_IRQHandler)
    __arm_cp.5_0                             0x08005b60   Number         4  stm32f0xx_it.o(.text.USB_IRQHandler)
    [Anonymous Symbol]                       0x08005b64   Section        0  stm32f0xx_ll_usb.o(.text.USB_ReadInterrupts)
    [Anonymous Symbol]                       0x08005b6a   Section        0  stm32f0xx_ll_usb.o(.text.USB_ReadPMA)
    [Anonymous Symbol]                       0x08005bfa   Section        0  stm32f0xx_ll_usb.o(.text.USB_SetDevAddress)
    [Anonymous Symbol]                       0x08005c0c   Section        0  usbd_cdc_if.o(.text.USB_Status_Init)
    __arm_cp.6_0                             0x08005c58   Number         4  usbd_cdc_if.o(.text.USB_Status_Init)
    [Anonymous Symbol]                       0x08005c5c   Section        0  stm32f0xx_ll_usb.o(.text.USB_WritePMA)
    [Anonymous Symbol]                       0x08005cf4   Section        0  open_bootloader.o(.text.jump_to_app)
    __arm_cp.0_0                             0x08005e60   Number         4  open_bootloader.o(.text.jump_to_app)
    __arm_cp.0_1                             0x08005e64   Number         4  open_bootloader.o(.text.jump_to_app)
    __arm_cp.0_3                             0x08005e80   Number         4  open_bootloader.o(.text.jump_to_app)
    __arm_cp.0_4                             0x08005e84   Number         4  open_bootloader.o(.text.jump_to_app)
    __arm_cp.0_5                             0x08005e88   Number         4  open_bootloader.o(.text.jump_to_app)
    __arm_cp.0_6                             0x08005e8c   Number         4  open_bootloader.o(.text.jump_to_app)
    __arm_cp.0_7                             0x08005e90   Number         4  open_bootloader.o(.text.jump_to_app)
    __arm_cp.0_8                             0x08005e94   Number         4  open_bootloader.o(.text.jump_to_app)
    __arm_cp.0_9                             0x08005e98   Number         4  open_bootloader.o(.text.jump_to_app)
    __arm_cp.0_10                            0x08005e9c   Number         4  open_bootloader.o(.text.jump_to_app)
    __arm_cp.0_11                            0x08005ea0   Number         4  open_bootloader.o(.text.jump_to_app)
    [Anonymous Symbol]                       0x08005ed8   Section        0  logger.o(.text.logger_init)
    __arm_cp.0_0                             0x08005ef8   Number         4  logger.o(.text.logger_init)
    __arm_cp.0_1                             0x08005efc   Number         4  logger.o(.text.logger_init)
    __arm_cp.0_2                             0x08005f00   Number         4  logger.o(.text.logger_init)
    [Anonymous Symbol]                       0x08005f34   Section        0  logger.o(.text.logger_log)
    __arm_cp.1_0                             0x08005fc8   Number         4  logger.o(.text.logger_log)
    __arm_cp.1_1                             0x08005fcc   Number         4  logger.o(.text.logger_log)
    __arm_cp.1_2                             0x08005fd0   Number         4  logger.o(.text.logger_log)
    [Anonymous Symbol]                       0x08005fd4   Section        0  main.o(.text.main)
    __arm_cp.0_0                             0x0800612c   Number         4  main.o(.text.main)
    __arm_cp.0_1                             0x08006130   Number         4  main.o(.text.main)
    __arm_cp.0_2                             0x08006134   Number         4  main.o(.text.main)
    __arm_cp.0_3                             0x08006138   Number         4  main.o(.text.main)
    __arm_cp.0_4                             0x0800613c   Number         4  main.o(.text.main)
    __arm_cp.0_5                             0x08006140   Number         4  main.o(.text.main)
    __arm_cp.0_6                             0x08006144   Number         4  main.o(.text.main)
    i.__0snprintf                            0x08006194   Section        0  printfa.o(i.__0snprintf)
    i.__0vsnprintf                           0x080061cc   Section        0  printfa.o(i.__0vsnprintf)
    i.__ARM_clz                              0x080061fc   Section        0  depilogue.o(i.__ARM_clz)
    i.__scatterload_copy                     0x0800622a   Section       14  handlers.o(i.__scatterload_copy)
    i.__scatterload_null                     0x08006238   Section        2  handlers.o(i.__scatterload_null)
    i.__scatterload_zeroinit                 0x0800623a   Section       14  handlers.o(i.__scatterload_zeroinit)
    _fp_digits                               0x08006249   Thumb Code   344  printfa.o(i._fp_digits)
    i._fp_digits                             0x08006248   Section        0  printfa.o(i._fp_digits)
    _printf_core                             0x080063bd   Thumb Code  1754  printfa.o(i._printf_core)
    i._printf_core                           0x080063bc   Section        0  printfa.o(i._printf_core)
    _printf_post_padding                     0x08006aa9   Thumb Code    32  printfa.o(i._printf_post_padding)
    i._printf_post_padding                   0x08006aa8   Section        0  printfa.o(i._printf_post_padding)
    _printf_pre_padding                      0x08006ac9   Thumb Code    44  printfa.o(i._printf_pre_padding)
    i._printf_pre_padding                    0x08006ac8   Section        0  printfa.o(i._printf_pre_padding)
    _snputc                                  0x08006af5   Thumb Code    22  printfa.o(i._snputc)
    i._snputc                                0x08006af4   Section        0  printfa.o(i._snputc)
    HAL_RCC_GetSysClockFreq.aPLLMULFactorTable 0x08006b22   Data          16  stm32f0xx_hal_rcc.o(.rodata.cst16)
    [Anonymous Symbol]                       0x08006b22   Section        0  stm32f0xx_hal_rcc.o(.rodata.cst16)
    HAL_RCC_GetSysClockFreq.aPredivFactorTable 0x08006b32   Data          16  stm32f0xx_hal_rcc.o(.rodata.cst16)
    level_strings                            0x08006b44   Data          24  logger.o(.rodata.level_strings)
    [Anonymous Symbol]                       0x08006b44   Section        0  logger.o(.rodata.level_strings)
    [Anonymous Symbol]                       0x08006b5c   Section        0  main.o(.rodata.str1.1)
    [Anonymous Symbol]                       0x08006bad   Section        0  logger.o(.rodata.str1.1)
    [Anonymous Symbol]                       0x20000000   Section        0  stm32f0xx_hal.o(.data..L_MergedGlobals)
    USART_Ops                                0x20000008   Data          20  app_openbootloader.o(.data..L_MergedGlobals)
    [Anonymous Symbol]                       0x20000008   Section        0  app_openbootloader.o(.data..L_MergedGlobals)
    IWDG_Ops                                 0x2000001c   Data          20  app_openbootloader.o(.data..L_MergedGlobals)
    USBD_CDC_DeviceQualifierDesc             0x200001d8   Data          10  usbd_cdc.o(.data.USBD_CDC_DeviceQualifierDesc)
    [Anonymous Symbol]                       0x200001d8   Section        0  usbd_cdc.o(.data.USBD_CDC_DeviceQualifierDesc)
    [Anonymous Symbol]                       0x20000270   Section        0  main.o(.bss..L_MergedGlobals)
    NumberOfInterfaces                       0x200002a0   Data           4  openbl_core.o(.bss..L_MergedGlobals)
    [Anonymous Symbol]                       0x200002a0   Section        0  openbl_core.o(.bss..L_MergedGlobals)
    p_Interface                              0x200002a4   Data           4  openbl_core.o(.bss..L_MergedGlobals)
    a_InterfacesTable                        0x200002a8   Data          16  openbl_core.o(.bss..L_MergedGlobals)
    USART_Handle                             0x200002b8   Data           8  app_openbootloader.o(.bss..L_MergedGlobals.1)
    [Anonymous Symbol]                       0x200002b8   Section        0  app_openbootloader.o(.bss..L_MergedGlobals.1)
    IWDG_Handle                              0x200002c0   Data           8  app_openbootloader.o(.bss..L_MergedGlobals.1)
    IWDGHandle                               0x200002c8   Data          16  iwdg_interface.o(.bss.IWDGHandle)
    [Anonymous Symbol]                       0x200002c8   Section        0  iwdg_interface.o(.bss.IWDGHandle)
    NumberOfMemories                         0x200002d8   Data           4  openbl_mem.o(.bss.NumberOfMemories)
    [Anonymous Symbol]                       0x200002d8   Section        0  openbl_mem.o(.bss.NumberOfMemories)
    OpenBootloader_ProtocolDetection.interface_detected 0x200002dc   Data           4  app_openbootloader.o(.bss.OpenBootloader_ProtocolDetection.interface_detected)
    [Anonymous Symbol]                       0x200002dc   Section        0  app_openbootloader.o(.bss.OpenBootloader_ProtocolDetection.interface_detected)
    USART_RAM_Buf                            0x200002e0   Data        1156  openbl_usart_cmd.o(.bss.USART_RAM_Buf)
    [Anonymous Symbol]                       0x200002e0   Section        0  openbl_usart_cmd.o(.bss.USART_RAM_Buf)
    USBD_SetConfig.cfgidx                    0x20000764   Data           1  usbd_ctlreq.o(.bss.USBD_SetConfig.cfgidx)
    [Anonymous Symbol]                       0x20000764   Section        0  usbd_ctlreq.o(.bss.USBD_SetConfig.cfgidx)
    USBD_static_malloc.mem                   0x20000968   Data         544  usbd_conf.o(.bss.USBD_static_malloc.mem)
    [Anonymous Symbol]                       0x20000968   Section        0  usbd_conf.o(.bss.USBD_static_malloc.mem)
    a_MemoriesTable                          0x20000f88   Data         132  openbl_mem.o(.bss.a_MemoriesTable)
    [Anonymous Symbol]                       0x20000f88   Section        0  openbl_mem.o(.bss.a_MemoriesTable)
    logger                                   0x200015ac   Data         258  logger.o(.bss.logger)
    [Anonymous Symbol]                       0x200015ac   Section        0  logger.o(.bss.logger)
    STACK                                    0x200016d8   Section     1024  startup_stm32f072xb.o(STACK)

    Global Symbols

    Symbol Name                              Value     Ov Type        Size  Object(Section)

    BuildAttributes$$THM_ISAv3M$S$PE$A:L22$X:L11$S22$IEEE1$IW$~IW$USESV6$~STKCKD$USESV7$~SHL$OTIME$ROPI$EBA8$MICROLIB$REQ8$PRES8$EABIv2 0x00000000   Number         0  anon$$obj.o ABSOLUTE
    _printf_a                                0x00000000   Number         0  printfstubs.o ABSOLUTE
    _printf_c                                0x00000000   Number         0  printfstubs.o ABSOLUTE
    _printf_charcount                        0x00000000   Number         0  printfstubs.o ABSOLUTE
    _printf_d                                0x00000000   Number         0  printfstubs.o ABSOLUTE
    _printf_e                                0x00000000   Number         0  printfstubs.o ABSOLUTE
    _printf_f                                0x00000000   Number         0  printfstubs.o ABSOLUTE
    _printf_flags                            0x00000000   Number         0  printfstubs.o ABSOLUTE
    _printf_fp_dec                           0x00000000   Number         0  printfstubs.o ABSOLUTE
    _printf_fp_hex                           0x00000000   Number         0  printfstubs.o ABSOLUTE
    _printf_g                                0x00000000   Number         0  printfstubs.o ABSOLUTE
    _printf_i                                0x00000000   Number         0  printfstubs.o ABSOLUTE
    _printf_int_dec                          0x00000000   Number         0  printfstubs.o ABSOLUTE
    _printf_l                                0x00000000   Number         0  printfstubs.o ABSOLUTE
    _printf_lc                               0x00000000   Number         0  printfstubs.o ABSOLUTE
    _printf_ll                               0x00000000   Number         0  printfstubs.o ABSOLUTE
    _printf_lld                              0x00000000   Number         0  printfstubs.o ABSOLUTE
    _printf_lli                              0x00000000   Number         0  printfstubs.o ABSOLUTE
    _printf_llo                              0x00000000   Number         0  printfstubs.o ABSOLUTE
    _printf_llu                              0x00000000   Number         0  printfstubs.o ABSOLUTE
    _printf_llx                              0x00000000   Number         0  printfstubs.o ABSOLUTE
    _printf_longlong_dec                     0x00000000   Number         0  printfstubs.o ABSOLUTE
    _printf_longlong_hex                     0x00000000   Number         0  printfstubs.o ABSOLUTE
    _printf_longlong_oct                     0x00000000   Number         0  printfstubs.o ABSOLUTE
    _printf_ls                               0x00000000   Number         0  printfstubs.o ABSOLUTE
    _printf_mbtowc                           0x00000000   Number         0  printfstubs.o ABSOLUTE
    _printf_n                                0x00000000   Number         0  printfstubs.o ABSOLUTE
    _printf_o                                0x00000000   Number         0  printfstubs.o ABSOLUTE
    _printf_p                                0x00000000   Number         0  printfstubs.o ABSOLUTE
    _printf_percent                          0x00000000   Number         0  printfstubs.o ABSOLUTE
    _printf_pre_padding                      0x00000000   Number         0  printfstubs.o ABSOLUTE
    _printf_return_value                     0x00000000   Number         0  printfstubs.o ABSOLUTE
    _printf_s                                0x00000000   Number         0  printfstubs.o ABSOLUTE
    _printf_sizespec                         0x00000000   Number         0  printfstubs.o ABSOLUTE
    _printf_str                              0x00000000   Number         0  printfstubs.o ABSOLUTE
    _printf_truncate_signed                  0x00000000   Number         0  printfstubs.o ABSOLUTE
    _printf_truncate_unsigned                0x00000000   Number         0  printfstubs.o ABSOLUTE
    _printf_u                                0x00000000   Number         0  printfstubs.o ABSOLUTE
    _printf_wc                               0x00000000   Number         0  printfstubs.o ABSOLUTE
    _printf_wctomb                           0x00000000   Number         0  printfstubs.o ABSOLUTE
    _printf_widthprec                        0x00000000   Number         0  printfstubs.o ABSOLUTE
    _printf_x                                0x00000000   Number         0  printfstubs.o ABSOLUTE
    __cpp_initialize__aeabi_                  - Undefined Weak Reference
    __cxa_finalize                            - Undefined Weak Reference
    _clock_init                               - Undefined Weak Reference
    _microlib_exit                            - Undefined Weak Reference
    __Vectors_Size                           0x000000c0   Number         0  startup_stm32f072xb.o ABSOLUTE
    __Vectors                                0x08000000   Data           4  startup_stm32f072xb.o(RESET)
    __Vectors_End                            0x080000c0   Data           0  startup_stm32f072xb.o(RESET)
    __main                                   0x080000c1   Thumb Code     0  entry.o(.ARM.Collect$$$$00000000)
    _main_stk                                0x080000c1   Thumb Code     0  entry2.o(.ARM.Collect$$$$00000001)
    _main_scatterload                        0x080000c5   Thumb Code     0  entry5.o(.ARM.Collect$$$$00000004)
    __main_after_scatterload                 0x080000c9   Thumb Code     0  entry5.o(.ARM.Collect$$$$00000004)
    _main_clock                              0x080000c9   Thumb Code     0  entry7b.o(.ARM.Collect$$$$00000008)
    _main_cpp_init                           0x080000c9   Thumb Code     0  entry8b.o(.ARM.Collect$$$$0000000A)
    _main_init                               0x080000c9   Thumb Code     0  entry9a.o(.ARM.Collect$$$$0000000B)
    __rt_final_cpp                           0x080000d1   Thumb Code     0  entry10a.o(.ARM.Collect$$$$0000000D)
    __rt_final_exit                          0x080000d1   Thumb Code     0  entry11a.o(.ARM.Collect$$$$0000000F)
    Reset_Handler                            0x080000d5   Thumb Code     8  startup_stm32f072xb.o(.text)
    ADC1_COMP_IRQHandler                     0x080000e7   Thumb Code     0  startup_stm32f072xb.o(.text)
    CEC_CAN_IRQHandler                       0x080000e7   Thumb Code     0  startup_stm32f072xb.o(.text)
    DMA1_Channel1_IRQHandler                 0x080000e7   Thumb Code     0  startup_stm32f072xb.o(.text)
    DMA1_Channel2_3_IRQHandler               0x080000e7   Thumb Code     0  startup_stm32f072xb.o(.text)
    DMA1_Channel4_5_6_7_IRQHandler           0x080000e7   Thumb Code     0  startup_stm32f072xb.o(.text)
    EXTI0_1_IRQHandler                       0x080000e7   Thumb Code     0  startup_stm32f072xb.o(.text)
    EXTI2_3_IRQHandler                       0x080000e7   Thumb Code     0  startup_stm32f072xb.o(.text)
    EXTI4_15_IRQHandler                      0x080000e7   Thumb Code     0  startup_stm32f072xb.o(.text)
    FLASH_IRQHandler                         0x080000e7   Thumb Code     0  startup_stm32f072xb.o(.text)
    I2C1_IRQHandler                          0x080000e7   Thumb Code     0  startup_stm32f072xb.o(.text)
    I2C2_IRQHandler                          0x080000e7   Thumb Code     0  startup_stm32f072xb.o(.text)
    PVD_VDDIO2_IRQHandler                    0x080000e7   Thumb Code     0  startup_stm32f072xb.o(.text)
    RCC_CRS_IRQHandler                       0x080000e7   Thumb Code     0  startup_stm32f072xb.o(.text)
    RTC_IRQHandler                           0x080000e7   Thumb Code     0  startup_stm32f072xb.o(.text)
    SPI1_IRQHandler                          0x080000e7   Thumb Code     0  startup_stm32f072xb.o(.text)
    SPI2_IRQHandler                          0x080000e7   Thumb Code     0  startup_stm32f072xb.o(.text)
    TIM14_IRQHandler                         0x080000e7   Thumb Code     0  startup_stm32f072xb.o(.text)
    TIM15_IRQHandler                         0x080000e7   Thumb Code     0  startup_stm32f072xb.o(.text)
    TIM16_IRQHandler                         0x080000e7   Thumb Code     0  startup_stm32f072xb.o(.text)
    TIM17_IRQHandler                         0x080000e7   Thumb Code     0  startup_stm32f072xb.o(.text)
    TIM1_BRK_UP_TRG_COM_IRQHandler           0x080000e7   Thumb Code     0  startup_stm32f072xb.o(.text)
    TIM1_CC_IRQHandler                       0x080000e7   Thumb Code     0  startup_stm32f072xb.o(.text)
    TIM2_IRQHandler                          0x080000e7   Thumb Code     0  startup_stm32f072xb.o(.text)
    TIM3_IRQHandler                          0x080000e7   Thumb Code     0  startup_stm32f072xb.o(.text)
    TIM6_DAC_IRQHandler                      0x080000e7   Thumb Code     0  startup_stm32f072xb.o(.text)
    TIM7_IRQHandler                          0x080000e7   Thumb Code     0  startup_stm32f072xb.o(.text)
    TSC_IRQHandler                           0x080000e7   Thumb Code     0  startup_stm32f072xb.o(.text)
    USART1_IRQHandler                        0x080000e7   Thumb Code     0  startup_stm32f072xb.o(.text)
    USART2_IRQHandler                        0x080000e7   Thumb Code     0  startup_stm32f072xb.o(.text)
    USART3_4_IRQHandler                      0x080000e7   Thumb Code     0  startup_stm32f072xb.o(.text)
    WWDG_IRQHandler                          0x080000e7   Thumb Code     0  startup_stm32f072xb.o(.text)
    __aeabi_llsr                             0x080000f1   Thumb Code    34  llushr.o(.text)
    _ll_ushift_r                             0x080000f1   Thumb Code     0  llushr.o(.text)
    __aeabi_memcpy                           0x08000113   Thumb Code    36  memcpya.o(.text)
    __aeabi_memcpy4                          0x08000113   Thumb Code     0  memcpya.o(.text)
    __aeabi_memcpy8                          0x08000113   Thumb Code     0  memcpya.o(.text)
    __aeabi_memset                           0x08000137   Thumb Code    14  memseta.o(.text)
    __aeabi_memset4                          0x08000137   Thumb Code     0  memseta.o(.text)
    __aeabi_memset8                          0x08000137   Thumb Code     0  memseta.o(.text)
    __aeabi_memclr                           0x08000145   Thumb Code     4  memseta.o(.text)
    __aeabi_memclr4                          0x08000145   Thumb Code     0  memseta.o(.text)
    __aeabi_memclr8                          0x08000145   Thumb Code     0  memseta.o(.text)
    _memset$wrapper                          0x08000149   Thumb Code    18  memseta.o(.text)
    strlen                                   0x0800015b   Thumb Code    14  strlen.o(.text)
    memcmp                                   0x08000169   Thumb Code    26  memcmp.o(.text)
    strncmp                                  0x08000183   Thumb Code    30  strncmp.o(.text)
    __aeabi_uidiv                            0x080001a1   Thumb Code     0  uidiv_div0.o(.text)
    __aeabi_uidivmod                         0x080001a1   Thumb Code    62  uidiv_div0.o(.text)
    __aeabi_uldivmod                         0x080001df   Thumb Code    96  uldiv.o(.text)
    __I$use$fp                               0x0800023f   Thumb Code     0  iusefp.o(.text)
    __aeabi_dadd                             0x08000241   Thumb Code   328  dadd.o(.text)
    __aeabi_dsub                             0x08000389   Thumb Code    12  dadd.o(.text)
    __aeabi_drsub                            0x08000395   Thumb Code    12  dadd.o(.text)
    __aeabi_dmul                             0x080003a5   Thumb Code   202  dmul.o(.text)
    __aeabi_ddiv                             0x08000475   Thumb Code   234  ddiv.o(.text)
    __aeabi_d2ulz                            0x08000565   Thumb Code    54  dfixul.o(.text)
    __aeabi_cdrcmple                         0x080005a5   Thumb Code    38  cdrcmple.o(.text)
    __scatterload                            0x080005cd   Thumb Code    28  init.o(.text)
    __scatterload_rt2                        0x080005cd   Thumb Code     0  init.o(.text)
    __aeabi_llsl                             0x080005f1   Thumb Code    32  llshl.o(.text)
    _ll_shift_l                              0x080005f1   Thumb Code     0  llshl.o(.text)
    __aeabi_lasr                             0x08000611   Thumb Code    38  llsshr.o(.text)
    _ll_sshift_r                             0x08000611   Thumb Code     0  llsshr.o(.text)
    _double_round                            0x08000637   Thumb Code    26  depilogue.o(.text)
    _double_epilogue                         0x08000651   Thumb Code   164  depilogue.o(.text)
    __decompress                             0x080006f5   Thumb Code     0  __dczerorl2.o(.text)
    __decompress1                            0x080006f5   Thumb Code    86  __dczerorl2.o(.text)
    CDC_Transmit_FS                          0x080007b9   Thumb Code   104  usbd_cdc_if.o(.text.CDC_Transmit_FS)
    Common_DisableIrq                        0x08000825   Thumb Code     4  common_interface.o(.text.Common_DisableIrq)
    Common_SetMsp                            0x08000829   Thumb Code     6  common_interface.o(.text.Common_SetMsp)
    Error_Handler                            0x0800082f   Thumb Code     4  main.o(.text.Error_Handler)
    FLASH_WaitForLastOperation               0x08000835   Thumb Code   164  stm32f0xx_hal_flash.o(.text.FLASH_WaitForLastOperation)
    HAL_DeInit                               0x080008dd   Thumb Code    28  stm32f0xx_hal.o(.text.HAL_DeInit)
    HAL_Delay                                0x080008fd   Thumb Code    32  stm32f0xx_hal.o(.text.HAL_Delay)
    HAL_FLASHEx_Erase                        0x08000921   Thumb Code   196  stm32f0xx_hal_flash_ex.o(.text.HAL_FLASHEx_Erase)
    HAL_FLASHEx_OBErase                      0x080009e5   Thumb Code   164  stm32f0xx_hal_flash_ex.o(.text.HAL_FLASHEx_OBErase)
    HAL_FLASHEx_OBGetConfig                  0x08000a91   Thumb Code    52  stm32f0xx_hal_flash_ex.o(.text.HAL_FLASHEx_OBGetConfig)
    HAL_FLASHEx_OBProgram                    0x08000ac9   Thumb Code   496  stm32f0xx_hal_flash_ex.o(.text.HAL_FLASHEx_OBProgram)
    HAL_FLASH_Lock                           0x08000cc5   Thumb Code    16  stm32f0xx_hal_flash.o(.text.HAL_FLASH_Lock)
    HAL_FLASH_OB_Launch                      0x08000cd9   Thumb Code   140  stm32f0xx_hal_flash.o(.text.HAL_FLASH_OB_Launch)
    HAL_FLASH_OB_Unlock                      0x08000d6d   Thumb Code    24  stm32f0xx_hal_flash.o(.text.HAL_FLASH_OB_Unlock)
    HAL_FLASH_Program                        0x08000d89   Thumb Code   328  stm32f0xx_hal_flash.o(.text.HAL_FLASH_Program)
    HAL_FLASH_Unlock                         0x08000edd   Thumb Code    28  stm32f0xx_hal_flash.o(.text.HAL_FLASH_Unlock)
    HAL_GPIO_Init                            0x08000f05   Thumb Code   392  stm32f0xx_hal_gpio.o(.text.HAL_GPIO_Init)
    HAL_GPIO_WritePin                        0x08001099   Thumb Code    16  stm32f0xx_hal_gpio.o(.text.HAL_GPIO_WritePin)
    HAL_GetTick                              0x080010a9   Thumb Code     8  stm32f0xx_hal.o(.text.HAL_GetTick)
    HAL_IWDG_Refresh                         0x080010b1   Thumb Code    12  stm32f0xx_hal_iwdg.o(.text.HAL_IWDG_Refresh)
    HAL_IncTick                              0x080010c1   Thumb Code    16  stm32f0xx_hal.o(.text.HAL_IncTick)
    HAL_Init                                 0x080010d5   Thumb Code    28  stm32f0xx_hal.o(.text.HAL_Init)
    HAL_InitTick                             0x080010f5   Thumb Code    60  stm32f0xx_hal.o(.text.HAL_InitTick)
    HAL_MspDeInit                            0x08001139   Thumb Code     2  stm32f0xx_hal_msp.o(.text.HAL_MspDeInit)
    HAL_MspInit                              0x0800113d   Thumb Code    40  stm32f0xx_hal_msp.o(.text.HAL_MspInit)
    HAL_NVIC_EnableIRQ                       0x08001169   Thumb Code    20  stm32f0xx_hal_cortex.o(.text.HAL_NVIC_EnableIRQ)
    HAL_NVIC_SetPriority                     0x08001181   Thumb Code    48  stm32f0xx_hal_cortex.o(.text.HAL_NVIC_SetPriority)
    HAL_PCDEx_ActivateLPM                    0x080011b9   Thumb Code    38  stm32f0xx_hal_pcd_ex.o(.text.HAL_PCDEx_ActivateLPM)
    HAL_PCDEx_LPM_Callback                   0x080011df   Thumb Code     2  stm32f0xx_hal_pcd_ex.o(.text.HAL_PCDEx_LPM_Callback)
    HAL_PCDEx_PMAConfig                      0x080011e1   Thumb Code    56  stm32f0xx_hal_pcd_ex.o(.text.HAL_PCDEx_PMAConfig)
    HAL_PCD_DataInStageCallback              0x08001219   Thumb Code    24  usbd_conf.o(.text.HAL_PCD_DataInStageCallback)
    HAL_PCD_DataOutStageCallback             0x08001231   Thumb Code    28  usbd_conf.o(.text.HAL_PCD_DataOutStageCallback)
    HAL_PCD_EP_Close                         0x0800124d   Thumb Code    76  stm32f0xx_hal_pcd.o(.text.HAL_PCD_EP_Close)
    HAL_PCD_EP_ClrStall                      0x08001299   Thumb Code    94  stm32f0xx_hal_pcd.o(.text.HAL_PCD_EP_ClrStall)
    HAL_PCD_EP_GetRxCount                    0x080012f7   Thumb Code    18  stm32f0xx_hal_pcd.o(.text.HAL_PCD_EP_GetRxCount)
    HAL_PCD_EP_Open                          0x08001309   Thumb Code    88  stm32f0xx_hal_pcd.o(.text.HAL_PCD_EP_Open)
    HAL_PCD_EP_Receive                       0x08001361   Thumb Code    40  stm32f0xx_hal_pcd.o(.text.HAL_PCD_EP_Receive)
    HAL_PCD_EP_SetStall                      0x08001389   Thumb Code    88  stm32f0xx_hal_pcd.o(.text.HAL_PCD_EP_SetStall)
    HAL_PCD_EP_Transmit                      0x080013e1   Thumb Code    44  stm32f0xx_hal_pcd.o(.text.HAL_PCD_EP_Transmit)
    HAL_PCD_IRQHandler                       0x0800140d   Thumb Code  2272  stm32f0xx_hal_pcd.o(.text.HAL_PCD_IRQHandler)
    HAL_PCD_Init                             0x08001d19   Thumb Code   620  stm32f0xx_hal_pcd.o(.text.HAL_PCD_Init)
    HAL_PCD_MspInit                          0x08001f85   Thumb Code    60  usbd_conf.o(.text.HAL_PCD_MspInit)
    HAL_PCD_ResetCallback                    0x08001fc9   Thumb Code    34  usbd_conf.o(.text.HAL_PCD_ResetCallback)
    HAL_PCD_ResumeCallback                   0x08001fed   Thumb Code    36  usbd_conf.o(.text.HAL_PCD_ResumeCallback)
    HAL_PCD_SOFCallback                      0x08002011   Thumb Code    14  usbd_conf.o(.text.HAL_PCD_SOFCallback)
    HAL_PCD_SetAddress                       0x0800201f   Thumb Code    36  stm32f0xx_hal_pcd.o(.text.HAL_PCD_SetAddress)
    HAL_PCD_SetupStageCallback               0x08002043   Thumb Code    22  usbd_conf.o(.text.HAL_PCD_SetupStageCallback)
    HAL_PCD_Start                            0x08002059   Thumb Code    42  stm32f0xx_hal_pcd.o(.text.HAL_PCD_Start)
    HAL_PCD_SuspendCallback                  0x08002085   Thumb Code    32  usbd_conf.o(.text.HAL_PCD_SuspendCallback)
    HAL_RCCEx_PeriphCLKConfig                0x080020a9   Thumb Code   316  stm32f0xx_hal_rcc_ex.o(.text.HAL_RCCEx_PeriphCLKConfig)
    HAL_RCC_ClockConfig                      0x080021f1   Thumb Code   344  stm32f0xx_hal_rcc.o(.text.HAL_RCC_ClockConfig)
    HAL_RCC_OscConfig                        0x0800236d   Thumb Code  1184  stm32f0xx_hal_rcc.o(.text.HAL_RCC_OscConfig)
    HAL_SYSTICK_Config                       0x08002815   Thumb Code    40  stm32f0xx_hal_cortex.o(.text.HAL_SYSTICK_Config)
    HardFault_Handler                        0x08002849   Thumb Code     2  stm32f0xx_it.o(.text.HardFault_Handler)
    LL_RCC_GetSystemClocksFreq               0x0800284d   Thumb Code    96  stm32f0xx_ll_rcc.o(.text.LL_RCC_GetSystemClocksFreq)
    LL_RCC_GetUSARTClockFreq                 0x080028ad   Thumb Code   340  stm32f0xx_ll_rcc.o(.text.LL_RCC_GetUSARTClockFreq)
    LL_USART_Init                            0x08002a15   Thumb Code   188  stm32f0xx_ll_usart.o(.text.LL_USART_Init)
    MX_USB_DEVICE_Init                       0x08002aed   Thumb Code    68  usb_device.o(.text.MX_USB_DEVICE_Init)
    NMI_Handler                              0x08002b41   Thumb Code     2  stm32f0xx_it.o(.text.NMI_Handler)
    OPENBL_CommandProcess                    0x08002b45   Thumb Code   588  openbl_core.o(.text.OPENBL_CommandProcess)
    OPENBL_FLASH_Erase                       0x08002d95   Thumb Code   120  flash_interface.o(.text.OPENBL_FLASH_Erase)
    OPENBL_FLASH_GetReadOutProtectionLevel   0x08002e11   Thumb Code    18  flash_interface.o(.text.OPENBL_FLASH_GetReadOutProtectionLevel)
    OPENBL_FLASH_JumpToAddress               0x08002e25   Thumb Code   320  flash_interface.o(.text.OPENBL_FLASH_JumpToAddress)
    OPENBL_FLASH_OB_Launch                   0x08002f7d   Thumb Code     8  flash_interface.o(.text.OPENBL_FLASH_OB_Launch)
    OPENBL_FLASH_Read                        0x08002f85   Thumb Code     4  flash_interface.o(.text.OPENBL_FLASH_Read)
    OPENBL_FLASH_SetReadOutProtectionLevel   0x08002f89   Thumb Code    34  flash_interface.o(.text.OPENBL_FLASH_SetReadOutProtectionLevel)
    OPENBL_FLASH_SetWriteProtection          0x08002fab   Thumb Code   118  flash_interface.o(.text.OPENBL_FLASH_SetWriteProtection)
    OPENBL_FLASH_Write                       0x08003021   Thumb Code    52  flash_interface.o(.text.OPENBL_FLASH_Write)
    OPENBL_IWDG_Configuration                0x08003055   Thumb Code    28  iwdg_interface.o(.text.OPENBL_IWDG_Configuration)
    OPENBL_IWDG_Refresh                      0x08003081   Thumb Code    20  iwdg_interface.o(.text.OPENBL_IWDG_Refresh)
    OPENBL_Init                              0x08003099   Thumb Code    40  openbl_core.o(.text.OPENBL_Init)
    OPENBL_InterfaceDetection                0x080030c1   Thumb Code    60  openbl_core.o(.text.OPENBL_InterfaceDetection)
    OPENBL_MEM_Erase                         0x08003101   Thumb Code   168  openbl_mem.o(.text.OPENBL_MEM_Erase)
    OPENBL_MEM_GetAddressArea                0x080031a9   Thumb Code   144  openbl_mem.o(.text.OPENBL_MEM_GetAddressArea)
    OPENBL_MEM_GetMemoryIndex                0x08003239   Thumb Code   132  openbl_mem.o(.text.OPENBL_MEM_GetMemoryIndex)
    OPENBL_MEM_GetReadOutProtectionStatus    0x080032bd   Thumb Code    14  openbl_mem.o(.text.OPENBL_MEM_GetReadOutProtectionStatus)
    OPENBL_MEM_JumpToAddress                 0x080032cb   Thumb Code     8  openbl_mem.o(.text.OPENBL_MEM_JumpToAddress)
    OPENBL_MEM_MassErase                     0x080032d5   Thumb Code   168  openbl_mem.o(.text.OPENBL_MEM_MassErase)
    OPENBL_MEM_OptionBytesLaunch             0x0800337d   Thumb Code     8  openbl_mem.o(.text.OPENBL_MEM_OptionBytesLaunch)
    OPENBL_MEM_Read                          0x08003385   Thumb Code    36  openbl_mem.o(.text.OPENBL_MEM_Read)
    OPENBL_MEM_RegisterMemory                0x080033a9   Thumb Code    76  openbl_mem.o(.text.OPENBL_MEM_RegisterMemory)
    OPENBL_MEM_SetReadOutProtection          0x080033f5   Thumb Code    22  openbl_mem.o(.text.OPENBL_MEM_SetReadOutProtection)
    OPENBL_MEM_SetWriteProtection            0x0800340d   Thumb Code   168  openbl_mem.o(.text.OPENBL_MEM_SetWriteProtection)
    OPENBL_MEM_Write                         0x080034bd   Thumb Code   152  openbl_mem.o(.text.OPENBL_MEM_Write)
    OPENBL_OB_Read                           0x0800355d   Thumb Code     4  optionbytes_interface.o(.text.OPENBL_OB_Read)
    OPENBL_OB_Write                          0x08003561   Thumb Code   144  optionbytes_interface.o(.text.OPENBL_OB_Write)
    OPENBL_RAM_JumpToAddress                 0x080035f9   Thumb Code   320  ram_interface.o(.text.OPENBL_RAM_JumpToAddress)
    OPENBL_RAM_Read                          0x08003751   Thumb Code     4  ram_interface.o(.text.OPENBL_RAM_Read)
    OPENBL_RAM_Write                         0x08003755   Thumb Code    80  ram_interface.o(.text.OPENBL_RAM_Write)
    OPENBL_RegisterInterface                 0x080037a5   Thumb Code    32  openbl_core.o(.text.OPENBL_RegisterInterface)
    OPENBL_USART_Configuration               0x080037c9   Thumb Code   152  usart_interface.o(.text.OPENBL_USART_Configuration)
    OPENBL_USART_GetCommandOpcode            0x080039d1   Thumb Code    56  usart_interface.o(.text.OPENBL_USART_GetCommandOpcode)
    OPENBL_USART_GetCommandsList             0x08003a09   Thumb Code     4  openbl_usart_cmd.o(.text.OPENBL_USART_GetCommandsList)
    OPENBL_USART_ProtocolDetection           0x08003ad9   Thumb Code    68  usart_interface.o(.text.OPENBL_USART_ProtocolDetection)
    OPENBL_USART_ReadByte                    0x08003b1d   Thumb Code    28  usart_interface.o(.text.OPENBL_USART_ReadByte)
    OPENBL_USART_SendByte                    0x08003c21   Thumb Code    32  usart_interface.o(.text.OPENBL_USART_SendByte)
    OpenBootloader_DeInit                    0x08003d99   Thumb Code     8  app_openbootloader.o(.text.OpenBootloader_DeInit)
    OpenBootloader_Init                      0x08003da1   Thumb Code    60  app_openbootloader.o(.text.OpenBootloader_Init)
    OpenBootloader_ProtocolDetection         0x08003df1   Thumb Code    32  app_openbootloader.o(.text.OpenBootloader_ProtocolDetection)
    PendSV_Handler                           0x08003e15   Thumb Code     2  stm32f0xx_it.o(.text.PendSV_Handler)
    SVC_Handler                              0x08003e17   Thumb Code     2  stm32f0xx_it.o(.text.SVC_Handler)
    SysTick_Handler                          0x08003e19   Thumb Code     8  stm32f0xx_it.o(.text.SysTick_Handler)
    SystemClock_Config                       0x08003e21   Thumb Code   112  main.o(.text.SystemClock_Config)
    SystemInit                               0x08003e95   Thumb Code    72  system_stm32f0xx.o(.text.SystemInit)
    USBD_CDC_GetDeviceQualifierDescriptor    0x08003ff1   Thumb Code     8  usbd_cdc.o(.text.USBD_CDC_GetDeviceQualifierDescriptor)
    USBD_CDC_ReceivePacket                   0x080040a7   Thumb Code    44  usbd_cdc.o(.text.USBD_CDC_ReceivePacket)
    USBD_CDC_RegisterInterface               0x080040d3   Thumb Code    18  usbd_cdc.o(.text.USBD_CDC_RegisterInterface)
    USBD_CDC_SetRxBuffer                     0x080040e5   Thumb Code    16  usbd_cdc.o(.text.USBD_CDC_SetRxBuffer)
    USBD_CDC_SetTxBuffer                     0x080040f5   Thumb Code    20  usbd_cdc.o(.text.USBD_CDC_SetTxBuffer)
    USBD_CDC_TransmitPacket                  0x080041c9   Thumb Code    54  usbd_cdc.o(.text.USBD_CDC_TransmitPacket)
    USBD_ClrClassConfig                      0x080041ff   Thumb Code    16  usbd_core.o(.text.USBD_ClrClassConfig)
    USBD_CtlContinueRx                       0x0800420f   Thumb Code    18  usbd_ioreq.o(.text.USBD_CtlContinueRx)
    USBD_CtlContinueSendData                 0x08004221   Thumb Code    18  usbd_ioreq.o(.text.USBD_CtlContinueSendData)
    USBD_CtlError                            0x08004233   Thumb Code    20  usbd_ctlreq.o(.text.USBD_CtlError)
    USBD_CtlPrepareRx                        0x08004247   Thumb Code    36  usbd_ioreq.o(.text.USBD_CtlPrepareRx)
    USBD_CtlReceiveStatus                    0x0800426b   Thumb Code    26  usbd_ioreq.o(.text.USBD_CtlReceiveStatus)
    USBD_CtlSendData                         0x08004285   Thumb Code    30  usbd_ioreq.o(.text.USBD_CtlSendData)
    USBD_CtlSendStatus                       0x080042a3   Thumb Code    26  usbd_ioreq.o(.text.USBD_CtlSendStatus)
    USBD_FS_ConfigStrDescriptor              0x080042bd   Thumb Code    20  usbd_desc.o(.text.USBD_FS_ConfigStrDescriptor)
    USBD_FS_DeviceDescriptor                 0x080042dd   Thumb Code     8  usbd_desc.o(.text.USBD_FS_DeviceDescriptor)
    USBD_FS_InterfaceStrDescriptor           0x080042e9   Thumb Code    20  usbd_desc.o(.text.USBD_FS_InterfaceStrDescriptor)
    USBD_FS_LangIDStrDescriptor              0x0800430d   Thumb Code     8  usbd_desc.o(.text.USBD_FS_LangIDStrDescriptor)
    USBD_FS_ManufacturerStrDescriptor        0x08004319   Thumb Code    20  usbd_desc.o(.text.USBD_FS_ManufacturerStrDescriptor)
    USBD_FS_ProductStrDescriptor             0x08004341   Thumb Code    20  usbd_desc.o(.text.USBD_FS_ProductStrDescriptor)
    USBD_FS_SerialStrDescriptor              0x08004371   Thumb Code   264  usbd_desc.o(.text.USBD_FS_SerialStrDescriptor)
    USBD_GetString                           0x08004481   Thumb Code   174  usbd_ctlreq.o(.text.USBD_GetString)
    USBD_Init                                0x0800452f   Thumb Code    46  usbd_core.o(.text.USBD_Init)
    USBD_LL_ClearStallEP                     0x0800455d   Thumb Code    32  usbd_conf.o(.text.USBD_LL_ClearStallEP)
    USBD_LL_CloseEP                          0x0800457d   Thumb Code    32  usbd_conf.o(.text.USBD_LL_CloseEP)
    USBD_LL_DataInStage                      0x0800459d   Thumb Code   208  usbd_core.o(.text.USBD_LL_DataInStage)
    USBD_LL_DataOutStage                     0x0800466d   Thumb Code   134  usbd_core.o(.text.USBD_LL_DataOutStage)
    USBD_LL_GetRxDataSize                    0x080046f3   Thumb Code    14  usbd_conf.o(.text.USBD_LL_GetRxDataSize)
    USBD_LL_Init                             0x08004701   Thumb Code   124  usbd_conf.o(.text.USBD_LL_Init)
    USBD_LL_IsStallEP                        0x08004785   Thumb Code    38  usbd_conf.o(.text.USBD_LL_IsStallEP)
    USBD_LL_OpenEP                           0x080047ad   Thumb Code    40  usbd_conf.o(.text.USBD_LL_OpenEP)
    USBD_LL_PrepareReceive                   0x080047d5   Thumb Code    32  usbd_conf.o(.text.USBD_LL_PrepareReceive)
    USBD_LL_Reset                            0x080047f5   Thumb Code    84  usbd_core.o(.text.USBD_LL_Reset)
    USBD_LL_Resume                           0x08004849   Thumb Code    20  usbd_core.o(.text.USBD_LL_Resume)
    USBD_LL_SOF                              0x0800485d   Thumb Code    28  usbd_core.o(.text.USBD_LL_SOF)
    USBD_LL_SetSpeed                         0x08004879   Thumb Code     6  usbd_core.o(.text.USBD_LL_SetSpeed)
    USBD_LL_SetUSBAddress                    0x08004881   Thumb Code    32  usbd_conf.o(.text.USBD_LL_SetUSBAddress)
    USBD_LL_SetupStage                       0x080048a1   Thumb Code   106  usbd_core.o(.text.USBD_LL_SetupStage)
    USBD_LL_StallEP                          0x0800490d   Thumb Code    32  usbd_conf.o(.text.USBD_LL_StallEP)
    USBD_LL_Start                            0x0800492d   Thumb Code    32  usbd_conf.o(.text.USBD_LL_Start)
    USBD_LL_Suspend                          0x08004951   Thumb Code    18  usbd_core.o(.text.USBD_LL_Suspend)
    USBD_LL_Transmit                         0x08004965   Thumb Code    32  usbd_conf.o(.text.USBD_LL_Transmit)
    USBD_ParseSetupRequest                   0x08004989   Thumb Code    40  usbd_ctlreq.o(.text.USBD_ParseSetupRequest)
    USBD_RegisterClass                       0x080049b1   Thumb Code    18  usbd_core.o(.text.USBD_RegisterClass)
    USBD_SetClassConfig                      0x080049c3   Thumb Code    28  usbd_core.o(.text.USBD_SetClassConfig)
    USBD_Start                               0x080049df   Thumb Code    10  usbd_core.o(.text.USBD_Start)
    USBD_StdDevReq                           0x080049e9   Thumb Code   628  usbd_ctlreq.o(.text.USBD_StdDevReq)
    USBD_StdEPReq                            0x08004c61   Thumb Code   338  usbd_ctlreq.o(.text.USBD_StdEPReq)
    USBD_StdItfReq                           0x08004db3   Thumb Code   114  usbd_ctlreq.o(.text.USBD_StdItfReq)
    USBD_static_free                         0x08004e25   Thumb Code     2  usbd_conf.o(.text.USBD_static_free)
    USBD_static_malloc                       0x08004e29   Thumb Code     4  usbd_conf.o(.text.USBD_static_malloc)
    USB_ActivateEndpoint                     0x08004e31   Thumb Code   528  stm32f0xx_ll_usb.o(.text.USB_ActivateEndpoint)
    USB_DeactivateEndpoint                   0x08005061   Thumb Code   168  stm32f0xx_ll_usb.o(.text.USB_DeactivateEndpoint)
    USB_DevConnect                           0x08005111   Thumb Code    16  stm32f0xx_ll_usb.o(.text.USB_DevConnect)
    USB_DevInit                              0x08005121   Thumb Code    20  stm32f0xx_ll_usb.o(.text.USB_DevInit)
    USB_DisableGlobalInt                     0x08005135   Thumb Code    16  stm32f0xx_ll_usb.o(.text.USB_DisableGlobalInt)
    USB_EPClearStall                         0x08005149   Thumb Code    92  stm32f0xx_ll_usb.o(.text.USB_EPClearStall)
    USB_EPSetStall                           0x080051b5   Thumb Code    44  stm32f0xx_ll_usb.o(.text.USB_EPSetStall)
    USB_EPStartXfer                          0x080051f1   Thumb Code  2356  stm32f0xx_ll_usb.o(.text.USB_EPStartXfer)
    USB_EnableGlobalInt                      0x08005b3d   Thumb Code    20  stm32f0xx_ll_usb.o(.text.USB_EnableGlobalInt)
    USB_IRQHandler                           0x08005b55   Thumb Code    12  stm32f0xx_it.o(.text.USB_IRQHandler)
    USB_ReadInterrupts                       0x08005b65   Thumb Code     6  stm32f0xx_ll_usb.o(.text.USB_ReadInterrupts)
    USB_ReadPMA                              0x08005b6b   Thumb Code   144  stm32f0xx_ll_usb.o(.text.USB_ReadPMA)
    USB_SetDevAddress                        0x08005bfb   Thumb Code    18  stm32f0xx_ll_usb.o(.text.USB_SetDevAddress)
    USB_Status_Init                          0x08005c0d   Thumb Code    76  usbd_cdc_if.o(.text.USB_Status_Init)
    USB_WritePMA                             0x08005c5d   Thumb Code   152  stm32f0xx_ll_usb.o(.text.USB_WritePMA)
    jump_to_app                              0x08005cf5   Thumb Code   364  open_bootloader.o(.text.jump_to_app)
    logger_init                              0x08005ed9   Thumb Code    32  logger.o(.text.logger_init)
    logger_log                               0x08005f35   Thumb Code   148  logger.o(.text.logger_log)
    main                                     0x08005fd5   Thumb Code   344  main.o(.text.main)
    __0snprintf                              0x08006195   Thumb Code    50  printfa.o(i.__0snprintf)
    __1snprintf                              0x08006195   Thumb Code     0  printfa.o(i.__0snprintf)
    __2snprintf                              0x08006195   Thumb Code     0  printfa.o(i.__0snprintf)
    __c89snprintf                            0x08006195   Thumb Code     0  printfa.o(i.__0snprintf)
    snprintf                                 0x08006195   Thumb Code     0  printfa.o(i.__0snprintf)
    __0vsnprintf                             0x080061cd   Thumb Code    44  printfa.o(i.__0vsnprintf)
    __1vsnprintf                             0x080061cd   Thumb Code     0  printfa.o(i.__0vsnprintf)
    __2vsnprintf                             0x080061cd   Thumb Code     0  printfa.o(i.__0vsnprintf)
    __c89vsnprintf                           0x080061cd   Thumb Code     0  printfa.o(i.__0vsnprintf)
    vsnprintf                                0x080061cd   Thumb Code     0  printfa.o(i.__0vsnprintf)
    __ARM_clz                                0x080061fd   Thumb Code    46  depilogue.o(i.__ARM_clz)
    __scatterload_copy                       0x0800622b   Thumb Code    14  handlers.o(i.__scatterload_copy)
    __scatterload_null                       0x08006239   Thumb Code     2  handlers.o(i.__scatterload_null)
    __scatterload_zeroinit                   0x0800623b   Thumb Code    14  handlers.o(i.__scatterload_zeroinit)
    AHBPrescTable                            0x08006b0a   Data          16  system_stm32f0xx.o(.rodata.AHBPrescTable)
    APBPrescTable                            0x08006b1a   Data           8  system_stm32f0xx.o(.rodata.APBPrescTable)
    Region$$Table$$Base                      0x08006be4   Number         0  anon$$obj.o(Region$$Table)
    Region$$Table$$Limit                     0x08006c04   Number         0  anon$$obj.o(Region$$Table)
    uwTickFreq                               0x20000000   Data           1  stm32f0xx_hal.o(.data..L_MergedGlobals)
    uwTickPrio                               0x20000004   Data           4  stm32f0xx_hal.o(.data..L_MergedGlobals)
    FLASH_Descriptor                         0x20000030   Data          44  flash_interface.o(.data.FLASH_Descriptor)
    FS_Desc                                  0x2000005c   Data          28  usbd_desc.o(.data.FS_Desc)
    OB_Descriptor                            0x20000078   Data          44  optionbytes_interface.o(.data.OB_Descriptor)
    OPENBL_USART_Commands                    0x200000a4   Data          68  openbl_usart_cmd.o(.data.OPENBL_USART_Commands)
    RAM_Descriptor                           0x200000e8   Data          44  ram_interface.o(.data.RAM_Descriptor)
    SystemCoreClock                          0x20000114   Data           4  system_stm32f0xx.o(.data.SystemCoreClock)
    USBD_CDC                                 0x20000118   Data          56  usbd_cdc.o(.data.USBD_CDC)
    USBD_CDC_CfgFSDesc                       0x20000150   Data          67  usbd_cdc.o(.data.USBD_CDC_CfgFSDesc)
    USBD_CDC_CfgHSDesc                       0x20000194   Data          67  usbd_cdc.o(.data.USBD_CDC_CfgHSDesc)
    USBD_CDC_OtherSpeedCfgDesc               0x200001e4   Data          67  usbd_cdc.o(.data.USBD_CDC_OtherSpeedCfgDesc)
    USBD_FS_DeviceDesc                       0x20000228   Data          18  usbd_desc.o(.data.USBD_FS_DeviceDesc)
    USBD_Interface_fops_FS                   0x2000023c   Data          16  usbd_cdc_if.o(.data.USBD_Interface_fops_FS)
    USBD_LangIDDesc                          0x2000024c   Data           4  usbd_desc.o(.data.USBD_LangIDDesc)
    USBD_StringSerial                        0x20000250   Data          26  usbd_desc.o(.data.USBD_StringSerial)
    jump_flag                                0x20000270   Data           1  main.o(.bss..L_MergedGlobals)
    User_CDC_Buf                             0x20000271   Data          22  main.o(.bss..L_MergedGlobals)
    user_cdc_buffer                          0x20000288   Data          24  main.o(.bss..L_MergedGlobals)
    USBD_StrDesc                             0x20000768   Data         512  usbd_desc.o(.bss.USBD_StrDesc)
    UserRxBufferFS                           0x20000b88   Data         512  usbd_cdc_if.o(.bss.UserRxBufferFS)
    UserTxBufferFS                           0x20000d88   Data         512  usbd_cdc_if.o(.bss.UserTxBufferFS)
    hUsbDeviceFS                             0x2000100c   Data         708  usb_device.o(.bss.hUsbDeviceFS)
    hpcd_USB_FS                              0x200012d0   Data         732  usbd_conf.o(.bss.hpcd_USB_FS)
    pFlash                                   0x200016b0   Data          32  stm32f0xx_hal_flash.o(.bss.pFlash)
    uwTick                                   0x200016d0   Data           4  stm32f0xx_hal.o(.bss.uwTick)
    __initial_sp                             0x20001ad8   Data           0  startup_stm32f072xb.o(STACK)



==============================================================================

Memory Map of the image

  Image Entry point : 0x080000c1

  Load Region LR_IROM1 (Base: 0x08000000, Size: 0x00006e78, Max: 0x00020000, ABSOLUTE, COMPRESSED[0x00006d48])

    Execution Region ER_IROM1 (Exec base: 0x08000000, Load base: 0x08000000, Size: 0x00006c04, Max: 0x00020000, ABSOLUTE)

    Exec Addr    Load Addr    Size         Type   Attr      Idx    E Section Name        Object

    0x08000000   0x08000000   0x000000c0   Data   RO         1062    RESET               startup_stm32f072xb.o
    0x080000c0   0x080000c0   0x00000000   Code   RO         1645  * .ARM.Collect$$$$00000000  mc_p.l(entry.o)
    0x080000c0   0x080000c0   0x00000004   Code   RO         1935    .ARM.Collect$$$$00000001  mc_p.l(entry2.o)
    0x080000c4   0x080000c4   0x00000004   Code   RO         1938    .ARM.Collect$$$$00000004  mc_p.l(entry5.o)
    0x080000c8   0x080000c8   0x00000000   Code   RO         1940    .ARM.Collect$$$$00000008  mc_p.l(entry7b.o)
    0x080000c8   0x080000c8   0x00000000   Code   RO         1942    .ARM.Collect$$$$0000000A  mc_p.l(entry8b.o)
    0x080000c8   0x080000c8   0x00000008   Code   RO         1943    .ARM.Collect$$$$0000000B  mc_p.l(entry9a.o)
    0x080000d0   0x080000d0   0x00000000   Code   RO         1945    .ARM.Collect$$$$0000000D  mc_p.l(entry10a.o)
    0x080000d0   0x080000d0   0x00000000   Code   RO         1947    .ARM.Collect$$$$0000000F  mc_p.l(entry11a.o)
    0x080000d0   0x080000d0   0x00000004   Code   RO         1936    .ARM.Collect$$$$00002712  mc_p.l(entry2.o)
    0x080000d4   0x080000d4   0x0000001c   Code   RO         1063    .text               startup_stm32f072xb.o
    0x080000f0   0x080000f0   0x00000022   Code   RO         1658    .text               mc_p.l(llushr.o)
    0x08000112   0x08000112   0x00000024   Code   RO         1660    .text               mc_p.l(memcpya.o)
    0x08000136   0x08000136   0x00000024   Code   RO         1662    .text               mc_p.l(memseta.o)
    0x0800015a   0x0800015a   0x0000000e   Code   RO         1664    .text               mc_p.l(strlen.o)
    0x08000168   0x08000168   0x0000001a   Code   RO         1666    .text               mc_p.l(memcmp.o)
    0x08000182   0x08000182   0x0000001e   Code   RO         1668    .text               mc_p.l(strncmp.o)
    0x080001a0   0x080001a0   0x0000003e   Code   RO         1958    .text               mc_p.l(uidiv_div0.o)
    0x080001de   0x080001de   0x00000060   Code   RO         1964    .text               mc_p.l(uldiv.o)
    0x0800023e   0x0800023e   0x00000000   Code   RO         1966    .text               mc_p.l(iusefp.o)
    0x0800023e   0x0800023e   0x00000002   PAD
    0x08000240   0x08000240   0x00000164   Code   RO         1967    .text               mf_p.l(dadd.o)
    0x080003a4   0x080003a4   0x000000d0   Code   RO         1969    .text               mf_p.l(dmul.o)
    0x08000474   0x08000474   0x000000f0   Code   RO         1971    .text               mf_p.l(ddiv.o)
    0x08000564   0x08000564   0x00000040   Code   RO         1973    .text               mf_p.l(dfixul.o)
    0x080005a4   0x080005a4   0x00000028   Code   RO         1975    .text               mf_p.l(cdrcmple.o)
    0x080005cc   0x080005cc   0x00000024   Code   RO         1977    .text               mc_p.l(init.o)
    0x080005f0   0x080005f0   0x00000020   Code   RO         1980    .text               mc_p.l(llshl.o)
    0x08000610   0x08000610   0x00000026   Code   RO         1982    .text               mc_p.l(llsshr.o)
    0x08000636   0x08000636   0x000000be   Code   RO         1985    .text               mf_p.l(depilogue.o)
    0x080006f4   0x080006f4   0x00000056   Code   RO         1997    .text               mc_p.l(__dczerorl2.o)
    0x0800074a   0x0800074a   0x00000004   Code   RO         1264    .text.CDC_Control_FS  usbd_cdc_if.o
    0x0800074e   0x0800074e   0x00000004   Code   RO         1262    .text.CDC_DeInit_FS  usbd_cdc_if.o
    0x08000752   0x08000752   0x00000002   PAD
    0x08000754   0x08000754   0x00000024   Code   RO         1260    .text.CDC_Init_FS   usbd_cdc_if.o
    0x08000778   0x08000778   0x00000040   Code   RO         1266    .text.CDC_Receive_FS  usbd_cdc_if.o
    0x080007b8   0x080007b8   0x0000006c   Code   RO         1268    .text.CDC_Transmit_FS  usbd_cdc_if.o
    0x08000824   0x08000824   0x00000004   Code   RO         1455    .text.Common_DisableIrq  common_interface.o
    0x08000828   0x08000828   0x00000006   Code   RO         1451    .text.Common_SetMsp  common_interface.o
    0x0800082e   0x0800082e   0x00000004   Code   RO         1074    .text.Error_Handler  main.o
    0x08000832   0x08000832   0x00000002   PAD
    0x08000834   0x08000834   0x000000a8   Code   RO          188    .text.FLASH_WaitForLastOperation  stm32f0xx_hal_flash.o
    0x080008dc   0x080008dc   0x00000020   Code   RO           63    .text.HAL_DeInit    stm32f0xx_hal.o
    0x080008fc   0x080008fc   0x00000024   Code   RO           77    .text.HAL_Delay     stm32f0xx_hal.o
    0x08000920   0x08000920   0x000000c4   Code   RO          219    .text.HAL_FLASHEx_Erase  stm32f0xx_hal_flash_ex.o
    0x080009e4   0x080009e4   0x000000ac   Code   RO          225    .text.HAL_FLASHEx_OBErase  stm32f0xx_hal_flash_ex.o
    0x08000a90   0x08000a90   0x00000038   Code   RO          229    .text.HAL_FLASHEx_OBGetConfig  stm32f0xx_hal_flash_ex.o
    0x08000ac8   0x08000ac8   0x000001fc   Code   RO          227    .text.HAL_FLASHEx_OBProgram  stm32f0xx_hal_flash_ex.o
    0x08000cc4   0x08000cc4   0x00000014   Code   RO          200    .text.HAL_FLASH_Lock  stm32f0xx_hal_flash.o
    0x08000cd8   0x08000cd8   0x00000094   Code   RO          206    .text.HAL_FLASH_OB_Launch  stm32f0xx_hal_flash.o
    0x08000d6c   0x08000d6c   0x0000001c   Code   RO          202    .text.HAL_FLASH_OB_Unlock  stm32f0xx_hal_flash.o
    0x08000d88   0x08000d88   0x00000154   Code   RO          186    .text.HAL_FLASH_Program  stm32f0xx_hal_flash.o
    0x08000edc   0x08000edc   0x00000028   Code   RO          198    .text.HAL_FLASH_Unlock  stm32f0xx_hal_flash.o
    0x08000f04   0x08000f04   0x00000194   Code   RO          241    .text.HAL_GPIO_Init  stm32f0xx_hal_gpio.o
    0x08001098   0x08001098   0x00000010   Code   RO          247    .text.HAL_GPIO_WritePin  stm32f0xx_hal_gpio.o
    0x080010a8   0x080010a8   0x00000008   Code   RO           69    .text.HAL_GetTick   stm32f0xx_hal.o
    0x080010b0   0x080010b0   0x00000010   Code   RO          469    .text.HAL_IWDG_Refresh  stm32f0xx_hal_iwdg.o
    0x080010c0   0x080010c0   0x00000014   Code   RO           67    .text.HAL_IncTick   stm32f0xx_hal.o
    0x080010d4   0x080010d4   0x00000020   Code   RO           57    .text.HAL_Init      stm32f0xx_hal.o
    0x080010f4   0x080010f4   0x00000044   Code   RO           59    .text.HAL_InitTick  stm32f0xx_hal.o
    0x08001138   0x08001138   0x00000002   Code   RO         1089    .text.HAL_MspDeInit  stm32f0xx_hal_msp.o
    0x0800113a   0x0800113a   0x00000002   PAD
    0x0800113c   0x0800113c   0x0000002c   Code   RO         1087    .text.HAL_MspInit   stm32f0xx_hal_msp.o
    0x08001168   0x08001168   0x00000018   Code   RO          120    .text.HAL_NVIC_EnableIRQ  stm32f0xx_hal_cortex.o
    0x08001180   0x08001180   0x00000038   Code   RO          118    .text.HAL_NVIC_SetPriority  stm32f0xx_hal_cortex.o
    0x080011b8   0x080011b8   0x00000026   Code   RO          563    .text.HAL_PCDEx_ActivateLPM  stm32f0xx_hal_pcd_ex.o
    0x080011de   0x080011de   0x00000002   Code   RO          567    .text.HAL_PCDEx_LPM_Callback  stm32f0xx_hal_pcd_ex.o
    0x080011e0   0x080011e0   0x00000038   Code   RO          553    .text.HAL_PCDEx_PMAConfig  stm32f0xx_hal_pcd_ex.o
    0x08001218   0x08001218   0x00000018   Code   RO         1323    .text.HAL_PCD_DataInStageCallback  usbd_conf.o
    0x08001230   0x08001230   0x0000001c   Code   RO         1321    .text.HAL_PCD_DataOutStageCallback  usbd_conf.o
    0x0800124c   0x0800124c   0x0000004c   Code   RO          523    .text.HAL_PCD_EP_Close  stm32f0xx_hal_pcd.o
    0x08001298   0x08001298   0x0000005e   Code   RO          533    .text.HAL_PCD_EP_ClrStall  stm32f0xx_hal_pcd.o
    0x080012f6   0x080012f6   0x00000012   Code   RO          527    .text.HAL_PCD_EP_GetRxCount  stm32f0xx_hal_pcd.o
    0x08001308   0x08001308   0x00000058   Code   RO          521    .text.HAL_PCD_EP_Open  stm32f0xx_hal_pcd.o
    0x08001360   0x08001360   0x00000028   Code   RO          525    .text.HAL_PCD_EP_Receive  stm32f0xx_hal_pcd.o
    0x08001388   0x08001388   0x00000058   Code   RO          531    .text.HAL_PCD_EP_SetStall  stm32f0xx_hal_pcd.o
    0x080013e0   0x080013e0   0x0000002c   Code   RO          529    .text.HAL_PCD_EP_Transmit  stm32f0xx_hal_pcd.o
    0x0800140c   0x0800140c   0x0000090c   Code   RO          491    .text.HAL_PCD_IRQHandler  stm32f0xx_hal_pcd.o
    0x08001d18   0x08001d18   0x0000026c   Code   RO          479    .text.HAL_PCD_Init  stm32f0xx_hal_pcd.o
    0x08001f84   0x08001f84   0x00000044   Code   RO         1315    .text.HAL_PCD_MspInit  usbd_conf.o
    0x08001fc8   0x08001fc8   0x00000022   Code   RO         1327    .text.HAL_PCD_ResetCallback  usbd_conf.o
    0x08001fea   0x08001fea   0x00000002   PAD
    0x08001fec   0x08001fec   0x00000024   Code   RO         1331    .text.HAL_PCD_ResumeCallback  usbd_conf.o
    0x08002010   0x08002010   0x0000000e   Code   RO         1325    .text.HAL_PCD_SOFCallback  usbd_conf.o
    0x0800201e   0x0800201e   0x00000024   Code   RO          495    .text.HAL_PCD_SetAddress  stm32f0xx_hal_pcd.o
    0x08002042   0x08002042   0x00000016   Code   RO         1319    .text.HAL_PCD_SetupStageCallback  usbd_conf.o
    0x08002058   0x08002058   0x0000002a   Code   RO          487    .text.HAL_PCD_Start  stm32f0xx_hal_pcd.o
    0x08002082   0x08002082   0x00000002   PAD
    0x08002084   0x08002084   0x00000024   Code   RO         1329    .text.HAL_PCD_SuspendCallback  usbd_conf.o
    0x080020a8   0x080020a8   0x00000148   Code   RO          670    .text.HAL_RCCEx_PeriphCLKConfig  stm32f0xx_hal_rcc_ex.o
    0x080021f0   0x080021f0   0x0000017c   Code   RO          639    .text.HAL_RCC_ClockConfig  stm32f0xx_hal_rcc.o
    0x0800236c   0x0800236c   0x000004a8   Code   RO          637    .text.HAL_RCC_OscConfig  stm32f0xx_hal_rcc.o
    0x08002814   0x08002814   0x00000034   Code   RO          126    .text.HAL_SYSTICK_Config  stm32f0xx_hal_cortex.o
    0x08002848   0x08002848   0x00000002   Code   RO         1100    .text.HardFault_Handler  stm32f0xx_it.o
    0x0800284a   0x0800284a   0x00000002   PAD
    0x0800284c   0x0800284c   0x00000060   Code   RO         1035    .text.LL_RCC_GetSystemClocksFreq  stm32f0xx_ll_rcc.o
    0x080028ac   0x080028ac   0x00000168   Code   RO         1043    .text.LL_RCC_GetUSARTClockFreq  stm32f0xx_ll_rcc.o
    0x08002a14   0x08002a14   0x000000d8   Code   RO         1017    .text.LL_USART_Init  stm32f0xx_ll_usart.o
    0x08002aec   0x08002aec   0x00000054   Code   RO         1251    .text.MX_USB_DEVICE_Init  usb_device.o
    0x08002b40   0x08002b40   0x00000002   Code   RO         1098    .text.NMI_Handler   stm32f0xx_it.o
    0x08002b42   0x08002b42   0x00000002   PAD
    0x08002b44   0x08002b44   0x00000250   Code   RO         1567    .text.OPENBL_CommandProcess  openbl_core.o
    0x08002d94   0x08002d94   0x0000007c   Code   RO         1474    .text.OPENBL_FLASH_Erase  flash_interface.o
    0x08002e10   0x08002e10   0x00000012   Code   RO         1484    .text.OPENBL_FLASH_GetReadOutProtectionLevel  flash_interface.o
    0x08002e22   0x08002e22   0x00000002   PAD
    0x08002e24   0x08002e24   0x00000158   Code   RO         1472    .text.OPENBL_FLASH_JumpToAddress  flash_interface.o
    0x08002f7c   0x08002f7c   0x00000008   Code   RO         1482    .text.OPENBL_FLASH_OB_Launch  flash_interface.o
    0x08002f84   0x08002f84   0x00000004   Code   RO         1464    .text.OPENBL_FLASH_Read  flash_interface.o
    0x08002f88   0x08002f88   0x00000022   Code   RO         1468    .text.OPENBL_FLASH_SetReadOutProtectionLevel  flash_interface.o
    0x08002faa   0x08002faa   0x00000076   Code   RO         1470    .text.OPENBL_FLASH_SetWriteProtection  flash_interface.o
    0x08003020   0x08003020   0x00000034   Code   RO         1466    .text.OPENBL_FLASH_Write  flash_interface.o
    0x08003054   0x08003054   0x0000002c   Code   RO         1501    .text.OPENBL_IWDG_Configuration  iwdg_interface.o
    0x08003080   0x08003080   0x00000018   Code   RO         1503    .text.OPENBL_IWDG_Refresh  iwdg_interface.o
    0x08003098   0x08003098   0x00000028   Code   RO         1559    .text.OPENBL_Init   openbl_core.o
    0x080030c0   0x080030c0   0x00000040   Code   RO         1565    .text.OPENBL_InterfaceDetection  openbl_core.o
    0x08003100   0x08003100   0x000000a8   Code   RO         1598    .text.OPENBL_MEM_Erase  openbl_mem.o
    0x080031a8   0x080031a8   0x00000090   Code   RO         1580    .text.OPENBL_MEM_GetAddressArea  openbl_mem.o
    0x08003238   0x08003238   0x00000084   Code   RO         1582    .text.OPENBL_MEM_GetMemoryIndex  openbl_mem.o
    0x080032bc   0x080032bc   0x0000000e   Code   RO         1590    .text.OPENBL_MEM_GetReadOutProtectionStatus  openbl_mem.o
    0x080032ca   0x080032ca   0x00000008   Code   RO         1594    .text.OPENBL_MEM_JumpToAddress  openbl_mem.o
    0x080032d2   0x080032d2   0x00000002   PAD
    0x080032d4   0x080032d4   0x000000a8   Code   RO         1596    .text.OPENBL_MEM_MassErase  openbl_mem.o
    0x0800337c   0x0800337c   0x00000008   Code   RO         1600    .text.OPENBL_MEM_OptionBytesLaunch  openbl_mem.o
    0x08003384   0x08003384   0x00000024   Code   RO         1584    .text.OPENBL_MEM_Read  openbl_mem.o
    0x080033a8   0x080033a8   0x0000004c   Code   RO         1578    .text.OPENBL_MEM_RegisterMemory  openbl_mem.o
    0x080033f4   0x080033f4   0x00000016   Code   RO         1588    .text.OPENBL_MEM_SetReadOutProtection  openbl_mem.o
    0x0800340a   0x0800340a   0x00000002   PAD
    0x0800340c   0x0800340c   0x000000b0   Code   RO         1592    .text.OPENBL_MEM_SetWriteProtection  openbl_mem.o
    0x080034bc   0x080034bc   0x000000a0   Code   RO         1586    .text.OPENBL_MEM_Write  openbl_mem.o
    0x0800355c   0x0800355c   0x00000004   Code   RO         1513    .text.OPENBL_OB_Read  optionbytes_interface.o
    0x08003560   0x08003560   0x00000098   Code   RO         1515    .text.OPENBL_OB_Write  optionbytes_interface.o
    0x080035f8   0x080035f8   0x00000158   Code   RO         1530    .text.OPENBL_RAM_JumpToAddress  ram_interface.o
    0x08003750   0x08003750   0x00000004   Code   RO         1526    .text.OPENBL_RAM_Read  ram_interface.o
    0x08003754   0x08003754   0x00000050   Code   RO         1528    .text.OPENBL_RAM_Write  ram_interface.o
    0x080037a4   0x080037a4   0x00000024   Code   RO         1563    .text.OPENBL_RegisterInterface  openbl_core.o
    0x080037c8   0x080037c8   0x000000a0   Code   RO         1541    .text.OPENBL_USART_Configuration  usart_interface.o
    0x08003868   0x08003868   0x00000104   Code   RO         1628    .text.OPENBL_USART_EraseMemory  openbl_usart_cmd.o
    0x0800396c   0x0800396c   0x00000062   Code   RO         1612    .text.OPENBL_USART_GetCommand  openbl_usart_cmd.o
    0x080039ce   0x080039ce   0x00000002   PAD
    0x080039d0   0x080039d0   0x00000038   Code   RO         1549    .text.OPENBL_USART_GetCommandOpcode  usart_interface.o
    0x08003a08   0x08003a08   0x00000008   Code   RO         1634    .text.OPENBL_USART_GetCommandsList  openbl_usart_cmd.o
    0x08003a10   0x08003a10   0x00000024   Code   RO         1616    .text.OPENBL_USART_GetID  openbl_usart_cmd.o
    0x08003a34   0x08003a34   0x00000026   Code   RO         1614    .text.OPENBL_USART_GetVersion  openbl_usart_cmd.o
    0x08003a5a   0x08003a5a   0x0000007e   Code   RO         1622    .text.OPENBL_USART_Go  openbl_usart_cmd.o
    0x08003ad8   0x08003ad8   0x00000044   Code   RO         1543    .text.OPENBL_USART_ProtocolDetection  usart_interface.o
    0x08003b1c   0x08003b1c   0x0000001c   Code   RO         1545    .text.OPENBL_USART_ReadByte  usart_interface.o
    0x08003b38   0x08003b38   0x0000009e   Code   RO         1618    .text.OPENBL_USART_ReadMemory  openbl_usart_cmd.o
    0x08003bd6   0x08003bd6   0x0000002c   Code   RO         1624    .text.OPENBL_USART_ReadoutProtect  openbl_usart_cmd.o
    0x08003c02   0x08003c02   0x0000001c   Code   RO         1626    .text.OPENBL_USART_ReadoutUnprotect  openbl_usart_cmd.o
    0x08003c1e   0x08003c1e   0x00000002   PAD
    0x08003c20   0x08003c20   0x00000024   Code   RO         1547    .text.OPENBL_USART_SendByte  usart_interface.o
    0x08003c44   0x08003c44   0x000000b0   Code   RO         1620    .text.OPENBL_USART_WriteMemory  openbl_usart_cmd.o
    0x08003cf4   0x08003cf4   0x00000068   Code   RO         1630    .text.OPENBL_USART_WriteProtect  openbl_usart_cmd.o
    0x08003d5c   0x08003d5c   0x0000003c   Code   RO         1632    .text.OPENBL_USART_WriteUnprotect  openbl_usart_cmd.o
    0x08003d98   0x08003d98   0x00000008   Code   RO         1437    .text.OpenBootloader_DeInit  app_openbootloader.o
    0x08003da0   0x08003da0   0x00000050   Code   RO         1435    .text.OpenBootloader_Init  app_openbootloader.o
    0x08003df0   0x08003df0   0x00000024   Code   RO         1439    .text.OpenBootloader_ProtocolDetection  app_openbootloader.o
    0x08003e14   0x08003e14   0x00000002   Code   RO         1104    .text.PendSV_Handler  stm32f0xx_it.o
    0x08003e16   0x08003e16   0x00000002   Code   RO         1102    .text.SVC_Handler   stm32f0xx_it.o
    0x08003e18   0x08003e18   0x00000008   Code   RO         1106    .text.SysTick_Handler  stm32f0xx_it.o
    0x08003e20   0x08003e20   0x00000074   Code   RO         1072    .text.SystemClock_Config  main.o
    0x08003e94   0x08003e94   0x00000058   Code   RO           42    .text.SystemInit    system_stm32f0xx.o
    0x08003eec   0x08003eec   0x00000062   Code   RO         1125    .text.USBD_CDC_DataIn  usbd_cdc.o
    0x08003f4e   0x08003f4e   0x00000034   Code   RO         1127    .text.USBD_CDC_DataOut  usbd_cdc.o
    0x08003f82   0x08003f82   0x00000044   Code   RO         1119    .text.USBD_CDC_DeInit  usbd_cdc.o
    0x08003fc6   0x08003fc6   0x0000002a   Code   RO         1123    .text.USBD_CDC_EP0_RxReady  usbd_cdc.o
    0x08003ff0   0x08003ff0   0x0000000c   Code   RO         1135    .text.USBD_CDC_GetDeviceQualifierDescriptor  usbd_cdc.o
    0x08003ffc   0x08003ffc   0x0000000c   Code   RO         1131    .text.USBD_CDC_GetFSCfgDesc  usbd_cdc.o
    0x08004008   0x08004008   0x0000000c   Code   RO         1129    .text.USBD_CDC_GetHSCfgDesc  usbd_cdc.o
    0x08004014   0x08004014   0x0000000c   Code   RO         1133    .text.USBD_CDC_GetOtherSpeedCfgDesc  usbd_cdc.o
    0x08004020   0x08004020   0x00000086   Code   RO         1117    .text.USBD_CDC_Init  usbd_cdc.o
    0x080040a6   0x080040a6   0x0000002c   Code   RO         1145    .text.USBD_CDC_ReceivePacket  usbd_cdc.o
    0x080040d2   0x080040d2   0x00000012   Code   RO         1137    .text.USBD_CDC_RegisterInterface  usbd_cdc.o
    0x080040e4   0x080040e4   0x00000010   Code   RO         1141    .text.USBD_CDC_SetRxBuffer  usbd_cdc.o
    0x080040f4   0x080040f4   0x00000014   Code   RO         1139    .text.USBD_CDC_SetTxBuffer  usbd_cdc.o
    0x08004108   0x08004108   0x000000c0   Code   RO         1121    .text.USBD_CDC_Setup  usbd_cdc.o
    0x080041c8   0x080041c8   0x00000036   Code   RO         1143    .text.USBD_CDC_TransmitPacket  usbd_cdc.o
    0x080041fe   0x080041fe   0x00000010   Code   RO         1174    .text.USBD_ClrClassConfig  usbd_core.o
    0x0800420e   0x0800420e   0x00000012   Code   RO         1235    .text.USBD_CtlContinueRx  usbd_ioreq.o
    0x08004220   0x08004220   0x00000012   Code   RO         1231    .text.USBD_CtlContinueSendData  usbd_ioreq.o
    0x08004232   0x08004232   0x00000014   Code   RO         1210    .text.USBD_CtlError  usbd_ctlreq.o
    0x08004246   0x08004246   0x00000024   Code   RO         1233    .text.USBD_CtlPrepareRx  usbd_ioreq.o
    0x0800426a   0x0800426a   0x0000001a   Code   RO         1239    .text.USBD_CtlReceiveStatus  usbd_ioreq.o
    0x08004284   0x08004284   0x0000001e   Code   RO         1229    .text.USBD_CtlSendData  usbd_ioreq.o
    0x080042a2   0x080042a2   0x0000001a   Code   RO         1237    .text.USBD_CtlSendStatus  usbd_ioreq.o
    0x080042bc   0x080042bc   0x00000020   Code   RO         1298    .text.USBD_FS_ConfigStrDescriptor  usbd_desc.o
    0x080042dc   0x080042dc   0x0000000c   Code   RO         1288    .text.USBD_FS_DeviceDescriptor  usbd_desc.o
    0x080042e8   0x080042e8   0x00000024   Code   RO         1300    .text.USBD_FS_InterfaceStrDescriptor  usbd_desc.o
    0x0800430c   0x0800430c   0x0000000c   Code   RO         1290    .text.USBD_FS_LangIDStrDescriptor  usbd_desc.o
    0x08004318   0x08004318   0x00000028   Code   RO         1292    .text.USBD_FS_ManufacturerStrDescriptor  usbd_desc.o
    0x08004340   0x08004340   0x00000030   Code   RO         1294    .text.USBD_FS_ProductStrDescriptor  usbd_desc.o
    0x08004370   0x08004370   0x00000110   Code   RO         1296    .text.USBD_FS_SerialStrDescriptor  usbd_desc.o
    0x08004480   0x08004480   0x000000ae   Code   RO         1218    .text.USBD_GetString  usbd_ctlreq.o
    0x0800452e   0x0800452e   0x0000002e   Code   RO         1160    .text.USBD_Init     usbd_core.o
    0x0800455c   0x0800455c   0x00000020   Code   RO         1357    .text.USBD_LL_ClearStallEP  usbd_conf.o
    0x0800457c   0x0800457c   0x00000020   Code   RO         1351    .text.USBD_LL_CloseEP  usbd_conf.o
    0x0800459c   0x0800459c   0x000000d0   Code   RO         1180    .text.USBD_LL_DataInStage  usbd_core.o
    0x0800466c   0x0800466c   0x00000086   Code   RO         1178    .text.USBD_LL_DataOutStage  usbd_core.o
    0x080046f2   0x080046f2   0x0000000e   Code   RO         1367    .text.USBD_LL_GetRxDataSize  usbd_conf.o
    0x08004700   0x08004700   0x00000084   Code   RO         1341    .text.USBD_LL_Init  usbd_conf.o
    0x08004784   0x08004784   0x00000026   Code   RO         1359    .text.USBD_LL_IsStallEP  usbd_conf.o
    0x080047aa   0x080047aa   0x00000002   PAD
    0x080047ac   0x080047ac   0x00000028   Code   RO         1349    .text.USBD_LL_OpenEP  usbd_conf.o
    0x080047d4   0x080047d4   0x00000020   Code   RO         1365    .text.USBD_LL_PrepareReceive  usbd_conf.o
    0x080047f4   0x080047f4   0x00000054   Code   RO         1182    .text.USBD_LL_Reset  usbd_core.o
    0x08004848   0x08004848   0x00000014   Code   RO         1188    .text.USBD_LL_Resume  usbd_core.o
    0x0800485c   0x0800485c   0x0000001c   Code   RO         1190    .text.USBD_LL_SOF   usbd_core.o
    0x08004878   0x08004878   0x00000006   Code   RO         1184    .text.USBD_LL_SetSpeed  usbd_core.o
    0x0800487e   0x0800487e   0x00000002   PAD
    0x08004880   0x08004880   0x00000020   Code   RO         1361    .text.USBD_LL_SetUSBAddress  usbd_conf.o
    0x080048a0   0x080048a0   0x0000006a   Code   RO         1176    .text.USBD_LL_SetupStage  usbd_core.o
    0x0800490a   0x0800490a   0x00000002   PAD
    0x0800490c   0x0800490c   0x00000020   Code   RO         1355    .text.USBD_LL_StallEP  usbd_conf.o
    0x0800492c   0x0800492c   0x00000024   Code   RO         1345    .text.USBD_LL_Start  usbd_conf.o
    0x08004950   0x08004950   0x00000012   Code   RO         1186    .text.USBD_LL_Suspend  usbd_core.o
    0x08004962   0x08004962   0x00000002   PAD
    0x08004964   0x08004964   0x00000024   Code   RO         1363    .text.USBD_LL_Transmit  usbd_conf.o
    0x08004988   0x08004988   0x00000028   Code   RO         1216    .text.USBD_ParseSetupRequest  usbd_ctlreq.o
    0x080049b0   0x080049b0   0x00000012   Code   RO         1164    .text.USBD_RegisterClass  usbd_core.o
    0x080049c2   0x080049c2   0x0000001c   Code   RO         1172    .text.USBD_SetClassConfig  usbd_core.o
    0x080049de   0x080049de   0x0000000a   Code   RO         1166    .text.USBD_Start    usbd_core.o
    0x080049e8   0x080049e8   0x00000278   Code   RO         1208    .text.USBD_StdDevReq  usbd_ctlreq.o
    0x08004c60   0x08004c60   0x00000152   Code   RO         1214    .text.USBD_StdEPReq  usbd_ctlreq.o
    0x08004db2   0x08004db2   0x00000072   Code   RO         1212    .text.USBD_StdItfReq  usbd_ctlreq.o
    0x08004e24   0x08004e24   0x00000002   Code   RO         1373    .text.USBD_static_free  usbd_conf.o
    0x08004e26   0x08004e26   0x00000002   PAD
    0x08004e28   0x08004e28   0x00000008   Code   RO         1371    .text.USBD_static_malloc  usbd_conf.o
    0x08004e30   0x08004e30   0x00000230   Code   RO          977    .text.USB_ActivateEndpoint  stm32f0xx_ll_usb.o
    0x08005060   0x08005060   0x000000b0   Code   RO          979    .text.USB_DeactivateEndpoint  stm32f0xx_ll_usb.o
    0x08005110   0x08005110   0x00000010   Code   RO          995    .text.USB_DevConnect  stm32f0xx_ll_usb.o
    0x08005120   0x08005120   0x00000014   Code   RO          971    .text.USB_DevInit   stm32f0xx_ll_usb.o
    0x08005134   0x08005134   0x00000014   Code   RO          967    .text.USB_DisableGlobalInt  stm32f0xx_ll_usb.o
    0x08005148   0x08005148   0x0000006c   Code   RO          987    .text.USB_EPClearStall  stm32f0xx_ll_usb.o
    0x080051b4   0x080051b4   0x0000003c   Code   RO          985    .text.USB_EPSetStall  stm32f0xx_ll_usb.o
    0x080051f0   0x080051f0   0x0000094c   Code   RO          981    .text.USB_EPStartXfer  stm32f0xx_ll_usb.o
    0x08005b3c   0x08005b3c   0x00000018   Code   RO          965    .text.USB_EnableGlobalInt  stm32f0xx_ll_usb.o
    0x08005b54   0x08005b54   0x00000010   Code   RO         1108    .text.USB_IRQHandler  stm32f0xx_it.o
    0x08005b64   0x08005b64   0x00000006   Code   RO          999    .text.USB_ReadInterrupts  stm32f0xx_ll_usb.o
    0x08005b6a   0x08005b6a   0x00000090   Code   RO         1005    .text.USB_ReadPMA   stm32f0xx_ll_usb.o
    0x08005bfa   0x08005bfa   0x00000012   Code   RO          993    .text.USB_SetDevAddress  stm32f0xx_ll_usb.o
    0x08005c0c   0x08005c0c   0x00000050   Code   RO         1272    .text.USB_Status_Init  usbd_cdc_if.o
    0x08005c5c   0x08005c5c   0x00000098   Code   RO          983    .text.USB_WritePMA  stm32f0xx_ll_usb.o
    0x08005cf4   0x08005cf4   0x000001e4   Code   RO         1425    .text.jump_to_app   open_bootloader.o
    0x08005ed8   0x08005ed8   0x0000005c   Code   RO         1402    .text.logger_init   logger.o
    0x08005f34   0x08005f34   0x000000a0   Code   RO         1404    .text.logger_log    logger.o
    0x08005fd4   0x08005fd4   0x000001c0   Code   RO         1070    .text.main          main.o
    0x08006194   0x08006194   0x00000038   Code   RO         1908    i.__0snprintf       mc_p.l(printfa.o)
    0x080061cc   0x080061cc   0x00000030   Code   RO         1912    i.__0vsnprintf      mc_p.l(printfa.o)
    0x080061fc   0x080061fc   0x0000002e   Code   RO         1987    i.__ARM_clz         mf_p.l(depilogue.o)
    0x0800622a   0x0800622a   0x0000000e   Code   RO         1991    i.__scatterload_copy  mc_p.l(handlers.o)
    0x08006238   0x08006238   0x00000002   Code   RO         1992    i.__scatterload_null  mc_p.l(handlers.o)
    0x0800623a   0x0800623a   0x0000000e   Code   RO         1993    i.__scatterload_zeroinit  mc_p.l(handlers.o)
    0x08006248   0x08006248   0x00000174   Code   RO         1914    i._fp_digits        mc_p.l(printfa.o)
    0x080063bc   0x080063bc   0x000006ec   Code   RO         1915    i._printf_core      mc_p.l(printfa.o)
    0x08006aa8   0x08006aa8   0x00000020   Code   RO         1916    i._printf_post_padding  mc_p.l(printfa.o)
    0x08006ac8   0x08006ac8   0x0000002c   Code   RO         1917    i._printf_pre_padding  mc_p.l(printfa.o)
    0x08006af4   0x08006af4   0x00000016   Code   RO         1918    i._snputc           mc_p.l(printfa.o)
    0x08006b0a   0x08006b0a   0x00000010   Data   RO           47    .rodata.AHBPrescTable  system_stm32f0xx.o
    0x08006b1a   0x08006b1a   0x00000008   Data   RO           48    .rodata.APBPrescTable  system_stm32f0xx.o
    0x08006b22   0x08006b22   0x00000020   Data   RO          661    .rodata.cst16       stm32f0xx_hal_rcc.o
    0x08006b42   0x08006b42   0x00000002   PAD
    0x08006b44   0x08006b44   0x00000018   Data   RO         1416    .rodata.level_strings  logger.o
    0x08006b5c   0x08006b5c   0x00000051   Data   RO         1076    .rodata.str1.1      main.o
    0x08006bad   0x08006bad   0x00000034   Data   RO         1415    .rodata.str1.1      logger.o
    0x08006be1   0x08006be1   0x00000003   PAD
    0x08006be4   0x08006be4   0x00000020   Data   RO         1990    Region$$Table       anon$$obj.o


    Execution Region RW_IRAM1 (Exec base: 0x20000000, Load base: 0x08006c08, Size: 0x00001ad8, Max: 0x00004000, ABSOLUTE, COMPRESSED[0x00000140])

    Exec Addr    Load Addr    Size         Type   Attr      Idx    E Section Name        Object

    0x20000000   COMPRESSED   0x00000008   Data   RW          104    .data..L_MergedGlobals  stm32f0xx_hal.o
    0x20000008   COMPRESSED   0x00000028   Data   RW         1442    .data..L_MergedGlobals  app_openbootloader.o
    0x20000030   COMPRESSED   0x0000002c   Data   RW         1492    .data.FLASH_Descriptor  flash_interface.o
    0x2000005c   COMPRESSED   0x0000001c   Data   RW         1302    .data.FS_Desc       usbd_desc.o
    0x20000078   COMPRESSED   0x0000002c   Data   RW         1517    .data.OB_Descriptor  optionbytes_interface.o
    0x200000a4   COMPRESSED   0x00000044   Data   RW         1636    .data.OPENBL_USART_Commands  openbl_usart_cmd.o
    0x200000e8   COMPRESSED   0x0000002c   Data   RW         1532    .data.RAM_Descriptor  ram_interface.o
    0x20000114   COMPRESSED   0x00000004   Data   RW           46    .data.SystemCoreClock  system_stm32f0xx.o
    0x20000118   COMPRESSED   0x00000038   Data   RW         1147    .data.USBD_CDC      usbd_cdc.o
    0x20000150   COMPRESSED   0x00000043   Data   RW         1149    .data.USBD_CDC_CfgFSDesc  usbd_cdc.o
    0x20000193   COMPRESSED   0x00000001   PAD
    0x20000194   COMPRESSED   0x00000043   Data   RW         1148    .data.USBD_CDC_CfgHSDesc  usbd_cdc.o
    0x200001d7   COMPRESSED   0x00000001   PAD
    0x200001d8   COMPRESSED   0x0000000a   Data   RW         1151    .data.USBD_CDC_DeviceQualifierDesc  usbd_cdc.o
    0x200001e2   COMPRESSED   0x00000002   PAD
    0x200001e4   COMPRESSED   0x00000043   Data   RW         1150    .data.USBD_CDC_OtherSpeedCfgDesc  usbd_cdc.o
    0x20000227   COMPRESSED   0x00000001   PAD
    0x20000228   COMPRESSED   0x00000012   Data   RW         1303    .data.USBD_FS_DeviceDesc  usbd_desc.o
    0x2000023a   COMPRESSED   0x00000002   PAD
    0x2000023c   COMPRESSED   0x00000010   Data   RW         1276    .data.USBD_Interface_fops_FS  usbd_cdc_if.o
    0x2000024c   COMPRESSED   0x00000004   Data   RW         1304    .data.USBD_LangIDDesc  usbd_desc.o
    0x20000250   COMPRESSED   0x0000001a   Data   RW         1305    .data.USBD_StringSerial  usbd_desc.o
    0x2000026a   COMPRESSED   0x00000006   PAD
    0x20000270        -       0x00000030   Zero   RW         1078    .bss..L_MergedGlobals  main.o
    0x200002a0        -       0x00000018   Zero   RW         1569    .bss..L_MergedGlobals  openbl_core.o
    0x200002b8        -       0x00000010   Zero   RW         1443    .bss..L_MergedGlobals.1  app_openbootloader.o
    0x200002c8        -       0x00000010   Zero   RW         1505    .bss.IWDGHandle     iwdg_interface.o
    0x200002d8        -       0x00000004   Zero   RW         1602    .bss.NumberOfMemories  openbl_mem.o
    0x200002dc        -       0x00000004   Zero   RW         1441    .bss.OpenBootloader_ProtocolDetection.interface_detected  app_openbootloader.o
    0x200002e0        -       0x00000484   Zero   RW         1637    .bss.USART_RAM_Buf  openbl_usart_cmd.o
    0x20000764        -       0x00000001   Zero   RW         1220    .bss.USBD_SetConfig.cfgidx  usbd_ctlreq.o
    0x20000765   COMPRESSED   0x00000003   PAD
    0x20000768        -       0x00000200   Zero   RW         1306    .bss.USBD_StrDesc   usbd_desc.o
    0x20000968        -       0x00000220   Zero   RW         1376    .bss.USBD_static_malloc.mem  usbd_conf.o
    0x20000b88        -       0x00000200   Zero   RW         1279    .bss.UserRxBufferFS  usbd_cdc_if.o
    0x20000d88        -       0x00000200   Zero   RW         1277    .bss.UserTxBufferFS  usbd_cdc_if.o
    0x20000f88        -       0x00000084   Zero   RW         1603    .bss.a_MemoriesTable  openbl_mem.o
    0x2000100c        -       0x000002c4   Zero   RW         1253    .bss.hUsbDeviceFS   usb_device.o
    0x200012d0        -       0x000002dc   Zero   RW         1375    .bss.hpcd_USB_FS    usbd_conf.o
    0x200015ac        -       0x00000102   Zero   RW         1414    .bss.logger         logger.o
    0x200016ae   COMPRESSED   0x00000002   PAD
    0x200016b0        -       0x00000020   Zero   RW          210    .bss.pFlash         stm32f0xx_hal_flash.o
    0x200016d0        -       0x00000004   Zero   RW          103    .bss.uwTick         stm32f0xx_hal.o
    0x200016d4   COMPRESSED   0x00000004   PAD
    0x200016d8        -       0x00000400   Zero   RW         1060    STACK               startup_stm32f072xb.o


==============================================================================

Image component sizes


      Code (inc. data)   RO Data    RW Data    ZI Data      Debug   Object Name

       124         24          0         40         20       2307   app_openbootloader.o
        10          0          0          0          0       1297   common_interface.o
       702         28          0         44          0       9119   flash_interface.o
        68         20          0          0         16       1497   iwdg_interface.o
       252         72         76          0        258       5885   logger.o
       568        108         81          0         48       3839   main.o
       484        120          0          0          0       3692   open_bootloader.o
       732        308          0          0         24       3487   openbl_core.o
      1112         16          0          0        136       7135   openbl_mem.o
      1136         28          0         68       1156       6407   openbl_usart_cmd.o
       156          8          0         44          0       2631   optionbytes_interface.o
       428         24          0         44          0       4423   ram_interface.o
        28          8        192          0       1024        716   startup_stm32f072xb.o
       196         24          0          8          4       5564   stm32f0xx_hal.o
       132         24          0          0          0       5772   stm32f0xx_hal_cortex.o
       744         44          0          0         32       6687   stm32f0xx_hal_flash.o
       932         24          0          0          0       6499   stm32f0xx_hal_flash_ex.o
       420         12          0          0          0       5097   stm32f0xx_hal_gpio.o
        16          4          0          0          0       1927   stm32f0xx_hal_iwdg.o
        46          4          0          0          0       1254   stm32f0xx_hal_msp.o
      3462         92          0          0          0      16934   stm32f0xx_hal_pcd.o
        96          0          0          0          0       5925   stm32f0xx_hal_pcd_ex.o
      1572         48         32          0          0       8478   stm32f0xx_hal_rcc.o
       328         12          0          0          0       6827   stm32f0xx_hal_rcc_ex.o
        32          4          0          0          0       1291   stm32f0xx_it.o
       456         20          0          0          0       9111   stm32f0xx_ll_rcc.o
       216         28          0          0          0       5246   stm32f0xx_ll_usart.o
      3684        136          0          0          0      24351   stm32f0xx_ll_usb.o
        88         16         24          4          0       1876   system_stm32f0xx.o
       348         12          0          0          0       4835   usart_interface.o
        84         16          0          0        708       2950   usb_device.o
       786         16          0        267          0      10391   usbd_cdc.o
       296         20          0         16       1024       5075   usbd_cdc_if.o
       728         32          0          0       1276      15496   usbd_conf.o
       722          0          0          0          0       7992   usbd_core.o
      1318         28          0          0          1       8685   usbd_ctlreq.o
       452         92          0         76        512       4375   usbd_desc.o
       154          0          0          0          0       4519   usbd_ioreq.o

    ----------------------------------------------------------------------
     23142       1472        442        620       6252     229592   Object Totals
         0          0         32          0          0          0   (incl. Generated)
        34          0          5          9         13          0   (incl. Padding)

    ----------------------------------------------------------------------

      Code (inc. data)   RO Data    RW Data    ZI Data      Debug   Library Member Name

        86          0          0          0          0          0   __dczerorl2.o
         0          0          0          0          0          0   entry.o
         0          0          0          0          0          0   entry10a.o
         0          0          0          0          0          0   entry11a.o
         8          4          0          0          0          0   entry2.o
         4          0          0          0          0          0   entry5.o
         0          0          0          0          0          0   entry7b.o
         0          0          0          0          0          0   entry8b.o
         8          4          0          0          0          0   entry9a.o
        30          0          0          0          0          0   handlers.o
        36          8          0          0          0         68   init.o
         0          0          0          0          0          0   iusefp.o
        32          0          0          0          0         68   llshl.o
        38          0          0          0          0         68   llsshr.o
        34          0          0          0          0         68   llushr.o
        26          0          0          0          0         72   memcmp.o
        36          0          0          0          0         60   memcpya.o
        36          0          0          0          0        100   memseta.o
      2346        100          0          0          0        552   printfa.o
        14          0          0          0          0         60   strlen.o
        30          0          0          0          0         72   strncmp.o
        62          0          0          0          0         72   uidiv_div0.o
        96          0          0          0          0         84   uldiv.o
        40          2          0          0          0         68   cdrcmple.o
       356          4          0          0          0        140   dadd.o
       240          6          0          0          0         84   ddiv.o
       236          0          0          0          0        216   depilogue.o
        64         10          0          0          0         68   dfixul.o
       208          6          0          0          0         88   dmul.o

    ----------------------------------------------------------------------
      4068        144          0          0          0       2008   Library Totals
         2          0          0          0          0          0   (incl. Padding)

    ----------------------------------------------------------------------

      Code (inc. data)   RO Data    RW Data    ZI Data      Debug   Library Name

      2922        116          0          0          0       1344   mc_p.l
      1144         28          0          0          0        664   mf_p.l

    ----------------------------------------------------------------------
      4068        144          0          0          0       2008   Library Totals

    ----------------------------------------------------------------------

==============================================================================


      Code (inc. data)   RO Data    RW Data    ZI Data      Debug   

     27210       1616        442        620       6252     230128   Grand Totals
     27210       1616        442        320       6252     230128   ELF Image Totals (compressed)
     27210       1616        442        320          0          0   ROM Totals

==============================================================================

    Total RO  Size (Code + RO Data)                27652 (  27.00kB)
    Total RW  Size (RW Data + ZI Data)              6872 (   6.71kB)
    Total ROM Size (Code + RO Data + RW Data)      27972 (  27.32kB)

==============================================================================

