Component: Arm Compiler for Embedded 6.19 Tool: armlink [5e73cb00]

==============================================================================

Section Cross References

    stm32f072b_discovery.o(.ARM.exidx.text.BSP_GetVersion) refers to stm32f072b_discovery.o(.text.BSP_GetVersion) for [Anonymous Symbol]
    stm32f072b_discovery.o(.text.BSP_LED_Init) refers to stm32f0xx_hal_gpio.o(.text.HAL_GPIO_Init) for HAL_GPIO_Init
    stm32f072b_discovery.o(.text.BSP_LED_Init) refers to stm32f0xx_hal_gpio.o(.text.HAL_GPIO_WritePin) for HAL_GPIO_WritePin
    stm32f072b_discovery.o(.text.BSP_LED_Init) refers to stm32f072b_discovery.o(.rodata.LED_PIN) for LED_PIN
    stm32f072b_discovery.o(.text.BSP_LED_Init) refers to stm32f072b_discovery.o(.data.LED_PORT) for LED_PORT
    stm32f072b_discovery.o(.ARM.exidx.text.BSP_LED_Init) refers to stm32f072b_discovery.o(.text.BSP_LED_Init) for [Anonymous Symbol]
    stm32f072b_discovery.o(.text.BSP_LED_On) refers to stm32f0xx_hal_gpio.o(.text.HAL_GPIO_WritePin) for HAL_GPIO_WritePin
    stm32f072b_discovery.o(.text.BSP_LED_On) refers to stm32f072b_discovery.o(.data.LED_PORT) for LED_PORT
    stm32f072b_discovery.o(.text.BSP_LED_On) refers to stm32f072b_discovery.o(.rodata.LED_PIN) for LED_PIN
    stm32f072b_discovery.o(.ARM.exidx.text.BSP_LED_On) refers to stm32f072b_discovery.o(.text.BSP_LED_On) for [Anonymous Symbol]
    stm32f072b_discovery.o(.text.BSP_LED_Off) refers to stm32f0xx_hal_gpio.o(.text.HAL_GPIO_WritePin) for HAL_GPIO_WritePin
    stm32f072b_discovery.o(.text.BSP_LED_Off) refers to stm32f072b_discovery.o(.data.LED_PORT) for LED_PORT
    stm32f072b_discovery.o(.text.BSP_LED_Off) refers to stm32f072b_discovery.o(.rodata.LED_PIN) for LED_PIN
    stm32f072b_discovery.o(.ARM.exidx.text.BSP_LED_Off) refers to stm32f072b_discovery.o(.text.BSP_LED_Off) for [Anonymous Symbol]
    stm32f072b_discovery.o(.text.BSP_LED_Toggle) refers to stm32f0xx_hal_gpio.o(.text.HAL_GPIO_TogglePin) for HAL_GPIO_TogglePin
    stm32f072b_discovery.o(.text.BSP_LED_Toggle) refers to stm32f072b_discovery.o(.data.LED_PORT) for LED_PORT
    stm32f072b_discovery.o(.text.BSP_LED_Toggle) refers to stm32f072b_discovery.o(.rodata.LED_PIN) for LED_PIN
    stm32f072b_discovery.o(.ARM.exidx.text.BSP_LED_Toggle) refers to stm32f072b_discovery.o(.text.BSP_LED_Toggle) for [Anonymous Symbol]
    stm32f072b_discovery.o(.text.BSP_PB_Init) refers to stm32f0xx_hal_gpio.o(.text.HAL_GPIO_Init) for HAL_GPIO_Init
    stm32f072b_discovery.o(.text.BSP_PB_Init) refers to stm32f0xx_hal_cortex.o(.text.HAL_NVIC_SetPriority) for HAL_NVIC_SetPriority
    stm32f072b_discovery.o(.text.BSP_PB_Init) refers to stm32f0xx_hal_cortex.o(.text.HAL_NVIC_EnableIRQ) for HAL_NVIC_EnableIRQ
    stm32f072b_discovery.o(.text.BSP_PB_Init) refers to stm32f072b_discovery.o(.data.BUTTON_PORT) for BUTTON_PORT
    stm32f072b_discovery.o(.ARM.exidx.text.BSP_PB_Init) refers to stm32f072b_discovery.o(.text.BSP_PB_Init) for [Anonymous Symbol]
    stm32f072b_discovery.o(.text.BSP_PB_GetState) refers to stm32f0xx_hal_gpio.o(.text.HAL_GPIO_ReadPin) for HAL_GPIO_ReadPin
    stm32f072b_discovery.o(.text.BSP_PB_GetState) refers to stm32f072b_discovery.o(.data.BUTTON_PORT) for BUTTON_PORT
    stm32f072b_discovery.o(.ARM.exidx.text.BSP_PB_GetState) refers to stm32f072b_discovery.o(.text.BSP_PB_GetState) for [Anonymous Symbol]
    stm32f072b_discovery.o(.text.EEPROM_IO_Init) refers to stm32f072b_discovery.o(.text.I2Cx_Init) for I2Cx_Init
    stm32f072b_discovery.o(.ARM.exidx.text.EEPROM_IO_Init) refers to stm32f072b_discovery.o(.text.EEPROM_IO_Init) for [Anonymous Symbol]
    stm32f072b_discovery.o(.text.I2Cx_Init) refers to stm32f0xx_hal_i2c.o(.text.HAL_I2C_GetState) for HAL_I2C_GetState
    stm32f072b_discovery.o(.text.I2Cx_Init) refers to stm32f0xx_hal_gpio.o(.text.HAL_GPIO_Init) for HAL_GPIO_Init
    stm32f072b_discovery.o(.text.I2Cx_Init) refers to stm32f0xx_hal_dma.o(.text.HAL_DMA_Init) for HAL_DMA_Init
    stm32f072b_discovery.o(.text.I2Cx_Init) refers to stm32f0xx_hal_cortex.o(.text.HAL_NVIC_SetPriority) for HAL_NVIC_SetPriority
    stm32f072b_discovery.o(.text.I2Cx_Init) refers to stm32f0xx_hal_cortex.o(.text.HAL_NVIC_EnableIRQ) for HAL_NVIC_EnableIRQ
    stm32f072b_discovery.o(.text.I2Cx_Init) refers to stm32f0xx_hal_i2c.o(.text.HAL_I2C_Init) for HAL_I2C_Init
    stm32f072b_discovery.o(.text.I2Cx_Init) refers to stm32f072b_discovery.o(.bss.I2cHandle) for I2cHandle
    stm32f072b_discovery.o(.text.I2Cx_Init) refers to stm32f072b_discovery.o(.bss.I2Cx_MspInit.hdma_tx) for [Anonymous Symbol]
    stm32f072b_discovery.o(.text.I2Cx_Init) refers to stm32f072b_discovery.o(.bss.I2Cx_MspInit.hdma_rx) for [Anonymous Symbol]
    stm32f072b_discovery.o(.ARM.exidx.text.I2Cx_Init) refers to stm32f072b_discovery.o(.text.I2Cx_Init) for [Anonymous Symbol]
    stm32f072b_discovery.o(.text.EEPROM_IO_WriteData) refers to stm32f0xx_hal_i2c.o(.text.HAL_I2C_Mem_Write) for HAL_I2C_Mem_Write
[...]
    __arm_cp.0_0                             0x08000b44   Number         4  stm32f0xx_hal.o(.text.HAL_Init)
    [Anonymous Symbol]                       0x08000b48   Section        0  stm32f0xx_hal.o(.text.HAL_InitTick)
    __arm_cp.1_0                             0x08000b84   Number         4  stm32f0xx_hal.o(.text.HAL_InitTick)
    __arm_cp.1_1                             0x08000b88   Number         4  stm32f0xx_hal.o(.text.HAL_InitTick)
    [Anonymous Symbol]                       0x08000b8c   Section        0  stm32f0xx_hal_msp.o(.text.HAL_MspDeInit)
    [Anonymous Symbol]                       0x08000b90   Section        0  stm32f0xx_hal_msp.o(.text.HAL_MspInit)
    __arm_cp.0_0                             0x08000bb8   Number         4  stm32f0xx_hal_msp.o(.text.HAL_MspInit)
    [Anonymous Symbol]                       0x08000bbc   Section        0  stm32f0xx_hal_cortex.o(.text.HAL_NVIC_EnableIRQ)
    __arm_cp.1_1                             0x08000bdc   Number         4  stm32f0xx_hal_cortex.o(.text.HAL_NVIC_EnableIRQ)
    [Anonymous Symbol]                       0x08000be0   Section        0  stm32f0xx_hal_cortex.o(.text.HAL_NVIC_SetPriority)
    __arm_cp.0_0                             0x08000c24   Number         4  stm32f0xx_hal_cortex.o(.text.HAL_NVIC_SetPriority)
    __arm_cp.0_1                             0x08000c28   Number         4  stm32f0xx_hal_cortex.o(.text.HAL_NVIC_SetPriority)
    __arm_cp.0_2                             0x08000c2c   Number         4  stm32f0xx_hal_cortex.o(.text.HAL_NVIC_SetPriority)
    [Anonymous Symbol]                       0x08000c30   Section        0  stm32f0xx_hal_pcd_ex.o(.text.HAL_PCDEx_ActivateLPM)
    [Anonymous Symbol]                       0x08000c56   Section        0  stm32f0xx_hal_pcd_ex.o(.text.HAL_PCDEx_LPM_Callback)
    [Anonymous Symbol]                       0x08000c58   Section        0  stm32f0xx_hal_pcd_ex.o(.text.HAL_PCDEx_PMAConfig)
    [Anonymous Symbol]                       0x08000c90   Section        0  usbd_conf.o(.text.HAL_PCD_DataInStageCallback)
    [Anonymous Symbol]                       0x08000ca8   Section        0  usbd_conf.o(.text.HAL_PCD_DataOutStageCallback)
    [Anonymous Symbol]                       0x08000cc4   Section        0  stm32f0xx_hal_pcd.o(.text.HAL_PCD_EP_Close)
    [Anonymous Symbol]                       0x08000d10   Section        0  stm32f0xx_hal_pcd.o(.text.HAL_PCD_EP_ClrStall)
    [Anonymous Symbol]                       0x08000d6e   Section        0  stm32f0xx_hal_pcd.o(.text.HAL_PCD_EP_GetRxCount)
    [Anonymous Symbol]                       0x08000d80   Section        0  stm32f0xx_hal_pcd.o(.text.HAL_PCD_EP_Open)
    [Anonymous Symbol]                       0x08000dd8   Section        0  stm32f0xx_hal_pcd.o(.text.HAL_PCD_EP_Receive)
    [Anonymous Symbol]                       0x08000e00   Section        0  stm32f0xx_hal_pcd.o(.text.HAL_PCD_EP_SetStall)
    [Anonymous Symbol]                       0x08000e58   Section        0  stm32f0xx_hal_pcd.o(.text.HAL_PCD_EP_Transmit)
    [Anonymous Symbol]                       0x08000e84   Section        0  stm32f0xx_hal_pcd.o(.text.HAL_PCD_IRQHandler)
    __arm_cp.6_24                            0x0800124c   Number         4  stm32f0xx_hal_pcd.o(.text.HAL_PCD_IRQHandler)
    __arm_cp.6_16                            0x080012c8   Number         4  stm32f0xx_hal_pcd.o(.text.HAL_PCD_IRQHandler)
    __arm_cp.6_20                            0x080012d8   Number         4  stm32f0xx_hal_pcd.o(.text.HAL_PCD_IRQHandler)
    __arm_cp.6_0                             0x08001764   Number         4  stm32f0xx_hal_pcd.o(.text.HAL_PCD_IRQHandler)
    __arm_cp.6_1                             0x08001768   Number         4  stm32f0xx_hal_pcd.o(.text.HAL_PCD_IRQHandler)
    __arm_cp.6_2                             0x0800176c   Number         4  stm32f0xx_hal_pcd.o(.text.HAL_PCD_IRQHandler)
    __arm_cp.6_4                             0x08001770   Number         4  stm32f0xx_hal_pcd.o(.text.HAL_PCD_IRQHandler)
    __arm_cp.6_5                             0x08001774   Number         4  stm32f0xx_hal_pcd.o(.text.HAL_PCD_IRQHandler)
    __arm_cp.6_6                             0x08001778   Number         4  stm32f0xx_hal_pcd.o(.text.HAL_PCD_IRQHandler)
    __arm_cp.6_8                             0x0800177c   Number         4  stm32f0xx_hal_pcd.o(.text.HAL_PCD_IRQHandler)
    __arm_cp.6_9                             0x08001780   Number         4  stm32f0xx_hal_pcd.o(.text.HAL_PCD_IRQHandler)
    __arm_cp.6_10                            0x08001784   Number         4  stm32f0xx_hal_pcd.o(.text.HAL_PCD_IRQHandler)
    __arm_cp.6_11                            0x08001788   Number         4  stm32f0xx_hal_pcd.o(.text.HAL_PCD_IRQHandler)
    __arm_cp.6_12                            0x0800178c   Number         4  stm32f0xx_hal_pcd.o(.text.HAL_PCD_IRQHandler)
    [Anonymous Symbol]                       0x08001790   Section        0  stm32f0xx_hal_pcd.o(.text.HAL_PCD_Init)
    __arm_cp.0_1                             0x08001a0c   Number         4  stm32f0xx_hal_pcd.o(.text.HAL_PCD_Init)
    [Anonymous Symbol]                       0x08001a10   Section        0  usbd_conf.o(.text.HAL_PCD_MspInit)
    __arm_cp.0_0                             0x08001a4c   Number         4  usbd_conf.o(.text.HAL_PCD_MspInit)
    __arm_cp.0_1                             0x08001a50   Number         4  usbd_conf.o(.text.HAL_PCD_MspInit)
    [Anonymous Symbol]                       0x08001a54   Section        0  usbd_conf.o(.text.HAL_PCD_ResetCallback)
    [Anonymous Symbol]                       0x08001a78   Section        0  usbd_conf.o(.text.HAL_PCD_ResumeCallback)
    [Anonymous Symbol]                       0x08001a9c   Section        0  usbd_conf.o(.text.HAL_PCD_SOFCallback)
    [Anonymous Symbol]                       0x08001aaa   Section        0  stm32f0xx_hal_pcd.o(.text.HAL_PCD_SetAddress)
    [Anonymous Symbol]                       0x08001ace   Section        0  usbd_conf.o(.text.HAL_PCD_SetupStageCallback)
    [Anonymous Symbol]                       0x08001ae4   Section        0  stm32f0xx_hal_pcd.o(.text.HAL_PCD_Start)
    [Anonymous Symbol]                       0x08001b10   Section        0  usbd_conf.o(.text.HAL_PCD_SuspendCallback)
    __arm_cp.7_0                             0x08001b30   Number         4  usbd_conf.o(.text.HAL_PCD_SuspendCallback)
    [Anonymous Symbol]                       0x08001b34   Section        0  stm32f0xx_hal_rcc_ex.o(.text.HAL_RCCEx_PeriphCLKConfig)
    __arm_cp.0_0                             0x08001cf8   Number         4  stm32f0xx_hal_rcc_ex.o(.text.HAL_RCCEx_PeriphCLKConfig)
    __arm_cp.0_1                             0x08001cfc   Number         4  stm32f0xx_hal_rcc_ex.o(.text.HAL_RCCEx_PeriphCLKConfig)
    __arm_cp.0_2                             0x08001d00   Number         4  stm32f0xx_hal_rcc_ex.o(.text.HAL_RCCEx_PeriphCLKConfig)
    __arm_cp.0_3                             0x08001d04   Number         4  stm32f0xx_hal_rcc_ex.o(.text.HAL_RCCEx_PeriphCLKConfig)
    __arm_cp.0_4                             0x08001d08   Number         4  stm32f0xx_hal_rcc_ex.o(.text.HAL_RCCEx_PeriphCLKConfig)
    [Anonymous Symbol]                       0x08001d0c   Section        0  stm32f0xx_hal_rcc.o(.text.HAL_RCC_ClockConfig)
    __arm_cp.2_0                             0x08001edc   Number         4  stm32f0xx_hal_rcc.o(.text.HAL_RCC_ClockConfig)
    __arm_cp.2_1                             0x08001ee0   Number         4  stm32f0xx_hal_rcc.o(.text.HAL_RCC_ClockConfig)
    __arm_cp.2_2                             0x08001ee4   Number         4  stm32f0xx_hal_rcc.o(.text.HAL_RCC_ClockConfig)
    __arm_cp.2_3                             0x08001ee8   Number         4  stm32f0xx_hal_rcc.o(.text.HAL_RCC_ClockConfig)
    __arm_cp.2_4                             0x08001eec   Number         4  stm32f0xx_hal_rcc.o(.text.HAL_RCC_ClockConfig)
    __arm_cp.2_5                             0x08001ef0   Number         4  stm32f0xx_hal_rcc.o(.text.HAL_RCC_ClockConfig)
    __arm_cp.2_6                             0x08001ef4   Number         4  stm32f0xx_hal_rcc.o(.text.HAL_RCC_ClockConfig)
    __arm_cp.2_7                             0x08001ef8   Number         4  stm32f0xx_hal_rcc.o(.text.HAL_RCC_ClockConfig)
    __arm_cp.2_8                             0x08001efc   Number         4  stm32f0xx_hal_rcc.o(.text.HAL_RCC_ClockConfig)
    __arm_cp.2_9                             0x08001f00   Number         4  stm32f0xx_hal_rcc.o(.text.HAL_RCC_ClockConfig)
    [Anonymous Symbol]                       0x08001f04   Section        0  stm32f0xx_hal_rcc.o(.text.HAL_RCC_OscConfig)
    __arm_cp.1_6                             0x080022cc   Number         4  stm32f0xx_hal_rcc.o(.text.HAL_RCC_OscConfig)
    __arm_cp.1_0                             0x080024cc   Number         4  stm32f0xx_hal_rcc.o(.text.HAL_RCC_OscConfig)
    __arm_cp.1_2                             0x080024d0   Number         4  stm32f0xx_hal_rcc.o(.text.HAL_RCC_OscConfig)
    __arm_cp.1_3                             0x080024d4   Number         4  stm32f0xx_hal_rcc.o(.text.HAL_RCC_OscConfig)
    __arm_cp.1_4                             0x080024d8   Number         4  stm32f0xx_hal_rcc.o(.text.HAL_RCC_OscConfig)
    [Anonymous Symbol]                       0x080024dc   Section        0  stm32f0xx_hal_cortex.o(.text.HAL_SYSTICK_Config)
    __arm_cp.4_0                             0x08002504   Number         4  stm32f0xx_hal_cortex.o(.text.HAL_SYSTICK_Config)
    __arm_cp.4_1                             0x08002508   Number         4  stm32f0xx_hal_cortex.o(.text.HAL_SYSTICK_Config)
    __arm_cp.4_2                             0x0800250c   Number         4  stm32f0xx_hal_cortex.o(.text.HAL_SYSTICK_Config)
    [Anonymous Symbol]                       0x08002510   Section        0  stm32f0xx_it.o(.text.HardFault_Handler)
    [Anonymous Symbol]                       0x08002514   Section        0  usb_device.o(.text.MX_USB_DEVICE_Init)
    __arm_cp.0_0                             0x08002558   Number         4  usb_device.o(.text.MX_USB_DEVICE_Init)
    __arm_cp.0_1                             0x0800255c   Number         4  usb_device.o(.text.MX_USB_DEVICE_Init)
    __arm_cp.0_2                             0x08002560   Number         4  usb_device.o(.text.MX_USB_DEVICE_Init)
    __arm_cp.0_3                             0x08002564   Number         4  usb_device.o(.text.MX_USB_DEVICE_Init)
    [Anonymous Symbol]                       0x08002568   Section        0  stm32f0xx_it.o(.text.NMI_Handler)
    [Anonymous Symbol]                       0x0800256a   Section        0  stm32f0xx_it.o(.text.PendSV_Handler)
    [Anonymous Symbol]                       0x0800256c   Section        0  stm32f0xx_it.o(.text.SVC_Handler)
    [Anonymous Symbol]                       0x0800256e   Section        0  stm32f0xx_it.o(.text.SysTick_Handler)
    [Anonymous Symbol]                       0x08002578   Section        0  main.o(.text.SystemClock_Config)
    __arm_cp.1_0                             0x080025e8   Number         4  main.o(.text.SystemClock_Config)
    [Anonymous Symbol]                       0x080025ec   Section        0  system_stm32f0xx.o(.text.SystemInit)
    __arm_cp.0_0                             0x08002634   Number         4  system_stm32f0xx.o(.text.SystemInit)
    __arm_cp.0_1                             0x08002638   Number         4  system_stm32f0xx.o(.text.SystemInit)
    __arm_cp.0_2                             0x0800263c   Number         4  system_stm32f0xx.o(.text.SystemInit)
    __arm_cp.0_3                             0x08002640   Number         4  system_stm32f0xx.o(.text.SystemInit)
    USBD_CDC_DataIn                          0x08002645   Thumb Code    98  usbd_cdc.o(.text.USBD_CDC_DataIn)
    [Anonymous Symbol]                       0x08002644   Section        0  usbd_cdc.o(.text.USBD_CDC_DataIn)
    USBD_CDC_DataOut                         0x080026a7   Thumb Code    52  usbd_cdc.o(.text.USBD_CDC_DataOut)
    [Anonymous Symbol]                       0x080026a6   Section        0  usbd_cdc.o(.text.USBD_CDC_DataOut)
    USBD_CDC_DeInit                          0x080026db   Thumb Code    68  usbd_cdc.o(.text.USBD_CDC_DeInit)
    [Anonymous Symbol]                       0x080026da   Section        0  usbd_cdc.o(.text.USBD_CDC_DeInit)
    USBD_CDC_EP0_RxReady                     0x0800271f   Thumb Code    42  usbd_cdc.o(.text.USBD_CDC_EP0_RxReady)
    [Anonymous Symbol]                       0x0800271e   Section        0  usbd_cdc.o(.text.USBD_CDC_EP0_RxReady)
    [Anonymous Symbol]                       0x08002748   Section        0  usbd_cdc.o(.text.USBD_CDC_GetDeviceQualifierDescriptor)
    __arm_cp.9_0                             0x08002750   Number         4  usbd_cdc.o(.text.USBD_CDC_GetDeviceQualifierDescriptor)
    USBD_CDC_GetFSCfgDesc                    0x08002755   Thumb Code     8  usbd_cdc.o(.text.USBD_CDC_GetFSCfgDesc)
    [Anonymous Symbol]                       0x08002754   Section        0  usbd_cdc.o(.text.USBD_CDC_GetFSCfgDesc)
    __arm_cp.7_0                             0x0800275c   Number         4  usbd_cdc.o(.text.USBD_CDC_GetFSCfgDesc)
    USBD_CDC_GetHSCfgDesc                    0x08002761   Thumb Code     8  usbd_cdc.o(.text.USBD_CDC_GetHSCfgDesc)
    [Anonymous Symbol]                       0x08002760   Section        0  usbd_cdc.o(.text.USBD_CDC_GetHSCfgDesc)
    __arm_cp.6_0                             0x08002768   Number         4  usbd_cdc.o(.text.USBD_CDC_GetHSCfgDesc)
    USBD_CDC_GetOtherSpeedCfgDesc            0x0800276d   Thumb Code     8  usbd_cdc.o(.text.USBD_CDC_GetOtherSpeedCfgDesc)
    [Anonymous Symbol]                       0x0800276c   Section        0  usbd_cdc.o(.text.USBD_CDC_GetOtherSpeedCfgDesc)
    __arm_cp.8_0                             0x08002774   Number         4  usbd_cdc.o(.text.USBD_CDC_GetOtherSpeedCfgDesc)
    USBD_CDC_Init                            0x08002779   Thumb Code   134  usbd_cdc.o(.text.USBD_CDC_Init)
    [Anonymous Symbol]                       0x08002778   Section        0  usbd_cdc.o(.text.USBD_CDC_Init)
    [Anonymous Symbol]                       0x080027fe   Section        0  usbd_cdc.o(.text.USBD_CDC_ReceivePacket)
    [Anonymous Symbol]                       0x0800282a   Section        0  usbd_cdc.o(.text.USBD_CDC_RegisterInterface)
    [Anonymous Symbol]                       0x0800283c   Section        0  usbd_cdc.o(.text.USBD_CDC_SetRxBuffer)
    [Anonymous Symbol]                       0x0800284c   Section        0  usbd_cdc.o(.text.USBD_CDC_SetTxBuffer)
    USBD_CDC_Setup                           0x08002861   Thumb Code   192  usbd_cdc.o(.text.USBD_CDC_Setup)
    [Anonymous Symbol]                       0x08002860   Section        0  usbd_cdc.o(.text.USBD_CDC_Setup)
    [Anonymous Symbol]                       0x08002920   Section        0  usbd_cdc.o(.text.USBD_CDC_TransmitPacket)
    [Anonymous Symbol]                       0x08002956   Section        0  usbd_core.o(.text.USBD_ClrClassConfig)
    [Anonymous Symbol]                       0x08002966   Section        0  usbd_ioreq.o(.text.USBD_CtlContinueRx)
    [Anonymous Symbol]                       0x08002978   Section        0  usbd_ioreq.o(.text.USBD_CtlContinueSendData)
    [Anonymous Symbol]                       0x0800298a   Section        0  usbd_ctlreq.o(.text.USBD_CtlError)
    [Anonymous Symbol]                       0x0800299e   Section        0  usbd_ioreq.o(.text.USBD_CtlPrepareRx)
    [Anonymous Symbol]                       0x080029c2   Section        0  usbd_ioreq.o(.text.USBD_CtlReceiveStatus)
    [Anonymous Symbol]                       0x080029dc   Section        0  usbd_ioreq.o(.text.USBD_CtlSendData)
    [Anonymous Symbol]                       0x080029fa   Section        0  usbd_ioreq.o(.text.USBD_CtlSendStatus)
    [Anonymous Symbol]                       0x08002a14   Section        0  usbd_desc.o(.text.USBD_FS_ConfigStrDescriptor)
    [Anonymous Symbol]                       0x08002a34   Section        0  usbd_desc.o(.text.USBD_FS_DeviceDescriptor)
    __arm_cp.0_0                             0x08002a3c   Number         4  usbd_desc.o(.text.USBD_FS_DeviceDescriptor)
    [Anonymous Symbol]                       0x08002a40   Section        0  usbd_desc.o(.text.USBD_FS_InterfaceStrDescriptor)
    [Anonymous Symbol]                       0x08002a64   Section        0  usbd_desc.o(.text.USBD_FS_LangIDStrDescriptor)
    __arm_cp.1_0                             0x08002a6c   Number         4  usbd_desc.o(.text.USBD_FS_LangIDStrDescriptor)
    [Anonymous Symbol]                       0x08002a70   Section        0  usbd_desc.o(.text.USBD_FS_ManufacturerStrDescriptor)
    [Anonymous Symbol]                       0x08002a98   Section        0  usbd_desc.o(.text.USBD_FS_ProductStrDescriptor)
    __arm_cp.3_1                             0x08002ac4   Number         4  usbd_desc.o(.text.USBD_FS_ProductStrDescriptor)
    [Anonymous Symbol]                       0x08002ac8   Section        0  usbd_desc.o(.text.USBD_FS_SerialStrDescriptor)
    __arm_cp.4_0                             0x08002bd0   Number         4  usbd_desc.o(.text.USBD_FS_SerialStrDescriptor)
    __arm_cp.4_1                             0x08002bd4   Number         4  usbd_desc.o(.text.USBD_FS_SerialStrDescriptor)
    [Anonymous Symbol]                       0x08002bd8   Section        0  usbd_ctlreq.o(.text.USBD_GetString)
    [Anonymous Symbol]                       0x08002c86   Section        0  usbd_core.o(.text.USBD_Init)
    [Anonymous Symbol]                       0x08002cb4   Section        0  usbd_conf.o(.text.USBD_LL_ClearStallEP)
    [Anonymous Symbol]                       0x08002cd4   Section        0  usbd_conf.o(.text.USBD_LL_CloseEP)
    [Anonymous Symbol]                       0x08002cf4   Section        0  usbd_core.o(.text.USBD_LL_DataInStage)
    [Anonymous Symbol]                       0x08002dc4   Section        0  usbd_core.o(.text.USBD_LL_DataOutStage)
    [Anonymous Symbol]                       0x08002e4a   Section        0  usbd_conf.o(.text.USBD_LL_GetRxDataSize)
    [Anonymous Symbol]                       0x08002e58   Section        0  usbd_conf.o(.text.USBD_LL_Init)
    __arm_cp.13_0                            0x08002ed4   Number         4  usbd_conf.o(.text.USBD_LL_Init)
    __arm_cp.13_1                            0x08002ed8   Number         4  usbd_conf.o(.text.USBD_LL_Init)
    [Anonymous Symbol]                       0x08002edc   Section        0  usbd_conf.o(.text.USBD_LL_IsStallEP)
    [Anonymous Symbol]                       0x08002f04   Section        0  usbd_conf.o(.text.USBD_LL_OpenEP)
    [Anonymous Symbol]                       0x08002f2c   Section        0  usbd_conf.o(.text.USBD_LL_PrepareReceive)
    [Anonymous Symbol]                       0x08002f4c   Section        0  usbd_core.o(.text.USBD_LL_Reset)
    [Anonymous Symbol]                       0x08002fa0   Section        0  usbd_core.o(.text.USBD_LL_Resume)
    [Anonymous Symbol]                       0x08002fb4   Section        0  usbd_core.o(.text.USBD_LL_SOF)
    [Anonymous Symbol]                       0x08002fd0   Section        0  usbd_core.o(.text.USBD_LL_SetSpeed)
    [Anonymous Symbol]                       0x08002fd8   Section        0  usbd_conf.o(.text.USBD_LL_SetUSBAddress)
    [Anonymous Symbol]                       0x08002ff8   Section        0  usbd_core.o(.text.USBD_LL_SetupStage)
    [Anonymous Symbol]                       0x08003064   Section        0  usbd_conf.o(.text.USBD_LL_StallEP)
    [Anonymous Symbol]                       0x08003084   Section        0  usbd_conf.o(.text.USBD_LL_Start)
    __arm_cp.15_0                            0x080030a4   Number         4  usbd_conf.o(.text.USBD_LL_Start)
    [Anonymous Symbol]                       0x080030a8   Section        0  usbd_core.o(.text.USBD_LL_Suspend)
    [Anonymous Symbol]                       0x080030bc   Section        0  usbd_conf.o(.text.USBD_LL_Transmit)
    __arm_cp.24_0                            0x080030dc   Number         4  usbd_conf.o(.text.USBD_LL_Transmit)
    [Anonymous Symbol]                       0x080030e0   Section        0  usbd_ctlreq.o(.text.USBD_ParseSetupRequest)
    [Anonymous Symbol]                       0x08003108   Section        0  usbd_core.o(.text.USBD_RegisterClass)
    [Anonymous Symbol]                       0x0800311a   Section        0  usbd_core.o(.text.USBD_SetClassConfig)
    [Anonymous Symbol]                       0x08003136   Section        0  usbd_core.o(.text.USBD_Start)
    [Anonymous Symbol]                       0x08003140   Section        0  usbd_ctlreq.o(.text.USBD_StdDevReq)
    __arm_cp.0_0                             0x080033b4   Number         4  usbd_ctlreq.o(.text.USBD_StdDevReq)
    [Anonymous Symbol]                       0x080033b8   Section        0  usbd_ctlreq.o(.text.USBD_StdEPReq)
    [Anonymous Symbol]                       0x0800350a   Section        0  usbd_ctlreq.o(.text.USBD_StdItfReq)
    [Anonymous Symbol]                       0x0800357c   Section        0  usbd_conf.o(.text.USBD_static_free)
    [Anonymous Symbol]                       0x08003580   Section        0  usbd_conf.o(.text.USBD_static_malloc)
    __arm_cp.28_0                            0x08003584   Number         4  usbd_conf.o(.text.USBD_static_malloc)
    [Anonymous Symbol]                       0x08003588   Section        0  stm32f0xx_ll_usb.o(.text.USB_ActivateEndpoint)
    __arm_cp.7_0                             0x08003798   Number         4  stm32f0xx_ll_usb.o(.text.USB_ActivateEndpoint)
    __arm_cp.7_1                             0x0800379c   Number         4  stm32f0xx_ll_usb.o(.text.USB_ActivateEndpoint)
    __arm_cp.7_2                             0x080037a0   Number         4  stm32f0xx_ll_usb.o(.text.USB_ActivateEndpoint)
    __arm_cp.7_4                             0x080037a4   Number         4  stm32f0xx_ll_usb.o(.text.USB_ActivateEndpoint)
    __arm_cp.7_5                             0x080037a8   Number         4  stm32f0xx_ll_usb.o(.text.USB_ActivateEndpoint)
    __arm_cp.7_6                             0x080037ac   Number         4  stm32f0xx_ll_usb.o(.text.USB_ActivateEndpoint)
    __arm_cp.7_9                             0x080037b0   Number         4  stm32f0xx_ll_usb.o(.text.USB_ActivateEndpoint)
    __arm_cp.7_10                            0x080037b4   Number         4  stm32f0xx_ll_usb.o(.text.USB_ActivateEndpoint)
    [Anonymous Symbol]                       0x080037b8   Section        0  stm32f0xx_ll_usb.o(.text.USB_DeactivateEndpoint)
    __arm_cp.8_0                             0x08003860   Number         4  stm32f0xx_ll_usb.o(.text.USB_DeactivateEndpoint)
    __arm_cp.8_4                             0x08003864   Number         4  stm32f0xx_ll_usb.o(.text.USB_DeactivateEndpoint)
    [Anonymous Symbol]                       0x08003868   Section        0  stm32f0xx_ll_usb.o(.text.USB_DevConnect)
    [Anonymous Symbol]                       0x08003878   Section        0  stm32f0xx_ll_usb.o(.text.USB_DevInit)
    [Anonymous Symbol]                       0x0800388c   Section        0  stm32f0xx_ll_usb.o(.text.USB_DisableGlobalInt)
    __arm_cp.2_0                             0x0800389c   Number         4  stm32f0xx_ll_usb.o(.text.USB_DisableGlobalInt)
    [Anonymous Symbol]                       0x080038a0   Section        0  stm32f0xx_ll_usb.o(.text.USB_EPClearStall)
    __arm_cp.12_0                            0x080038fc   Number         4  stm32f0xx_ll_usb.o(.text.USB_EPClearStall)
    __arm_cp.12_1                            0x08003900   Number         4  stm32f0xx_ll_usb.o(.text.USB_EPClearStall)
    __arm_cp.12_3                            0x08003904   Number         4  stm32f0xx_ll_usb.o(.text.USB_EPClearStall)
    __arm_cp.12_4                            0x08003908   Number         4  stm32f0xx_ll_usb.o(.text.USB_EPClearStall)
    [Anonymous Symbol]                       0x0800390c   Section        0  stm32f0xx_ll_usb.o(.text.USB_EPSetStall)
    __arm_cp.11_0                            0x08003938   Number         4  stm32f0xx_ll_usb.o(.text.USB_EPSetStall)
    __arm_cp.11_1                            0x0800393c   Number         4  stm32f0xx_ll_usb.o(.text.USB_EPSetStall)
    __arm_cp.11_2                            0x08003940   Number         4  stm32f0xx_ll_usb.o(.text.USB_EPSetStall)
    __arm_cp.11_3                            0x08003944   Number         4  stm32f0xx_ll_usb.o(.text.USB_EPSetStall)
    [Anonymous Symbol]                       0x08003948   Section        0  stm32f0xx_ll_usb.o(.text.USB_EPStartXfer)
    __arm_cp.9_16                            0x08003d70   Number         4  stm32f0xx_ll_usb.o(.text.USB_EPStartXfer)
    __arm_cp.9_17                            0x08003d7c   Number         4  stm32f0xx_ll_usb.o(.text.USB_EPStartXfer)
    __arm_cp.9_15                            0x080041f0   Number         4  stm32f0xx_ll_usb.o(.text.USB_EPStartXfer)
    __arm_cp.9_1                             0x0800427c   Number         4  stm32f0xx_ll_usb.o(.text.USB_EPStartXfer)
    __arm_cp.9_2                             0x08004280   Number         4  stm32f0xx_ll_usb.o(.text.USB_EPStartXfer)
    __arm_cp.9_3                             0x08004284   Number         4  stm32f0xx_ll_usb.o(.text.USB_EPStartXfer)
    __arm_cp.9_4                             0x08004288   Number         4  stm32f0xx_ll_usb.o(.text.USB_EPStartXfer)
    __arm_cp.9_5                             0x0800428c   Number         4  stm32f0xx_ll_usb.o(.text.USB_EPStartXfer)
    __arm_cp.9_6                             0x08004290   Number         4  stm32f0xx_ll_usb.o(.text.USB_EPStartXfer)
    [Anonymous Symbol]                       0x08004294   Section        0  stm32f0xx_ll_usb.o(.text.USB_EnableGlobalInt)
    __arm_cp.1_0                             0x080042a8   Number         4  stm32f0xx_ll_usb.o(.text.USB_EnableGlobalInt)
    [Anonymous Symbol]                       0x080042ac   Section        0  stm32f0xx_it.o(.text.USB_IRQHandler)
    __arm_cp.5_0                             0x080042b8   Number         4  stm32f0xx_it.o(.text.USB_IRQHandler)
    [Anonymous Symbol]                       0x080042bc   Section        0  stm32f0xx_ll_usb.o(.text.USB_ReadInterrupts)
    [Anonymous Symbol]                       0x080042c2   Section        0  stm32f0xx_ll_usb.o(.text.USB_ReadPMA)
    [Anonymous Symbol]                       0x08004352   Section        0  stm32f0xx_ll_usb.o(.text.USB_SetDevAddress)
    [Anonymous Symbol]                       0x08004364   Section        0  usbd_cdc_if.o(.text.USB_Status_Init)
    __arm_cp.6_0                             0x080043b0   Number         4  usbd_cdc_if.o(.text.USB_Status_Init)
    [Anonymous Symbol]                       0x080043b4   Section        0  stm32f0xx_ll_usb.o(.text.USB_WritePMA)
    [Anonymous Symbol]                       0x0800444c   Section        0  main.o(.text.assert_failed)
    [Anonymous Symbol]                       0x08004450   Section        0  open_bootloader.o(.text.jump_to_app)
    __arm_cp.0_0                             0x080045bc   Number         4  open_bootloader.o(.text.jump_to_app)
    __arm_cp.0_1                             0x080045c0   Number         4  open_bootloader.o(.text.jump_to_app)
    __arm_cp.0_3                             0x080045dc   Number         4  open_bootloader.o(.text.jump_to_app)
    __arm_cp.0_4                             0x080045e0   Number         4  open_bootloader.o(.text.jump_to_app)
    __arm_cp.0_5                             0x080045e4   Number         4  open_bootloader.o(.text.jump_to_app)
    __arm_cp.0_6                             0x080045e8   Number         4  open_bootloader.o(.text.jump_to_app)
    __arm_cp.0_7                             0x080045ec   Number         4  open_bootloader.o(.text.jump_to_app)
    __arm_cp.0_8                             0x080045f0   Number         4  open_bootloader.o(.text.jump_to_app)
    __arm_cp.0_9                             0x080045f4   Number         4  open_bootloader.o(.text.jump_to_app)
    __arm_cp.0_10                            0x080045f8   Number         4  open_bootloader.o(.text.jump_to_app)
    __arm_cp.0_11                            0x080045fc   Number         4  open_bootloader.o(.text.jump_to_app)
    [Anonymous Symbol]                       0x08004634   Section        0  logger.o(.text.logger_init)
    __arm_cp.0_0                             0x08004654   Number         4  logger.o(.text.logger_init)
    __arm_cp.0_1                             0x08004658   Number         4  logger.o(.text.logger_init)
    __arm_cp.0_2                             0x0800465c   Number         4  logger.o(.text.logger_init)
    [Anonymous Symbol]                       0x08004690   Section        0  logger.o(.text.logger_log)
    __arm_cp.1_0                             0x08004724   Number         4  logger.o(.text.logger_log)
    __arm_cp.1_1                             0x08004728   Number         4  logger.o(.text.logger_log)
    __arm_cp.1_2                             0x0800472c   Number         4  logger.o(.text.logger_log)
    [Anonymous Symbol]                       0x08004730   Section        0  main.o(.text.main)
    __arm_cp.0_0                             0x08004830   Number         4  main.o(.text.main)
    __arm_cp.0_1                             0x08004834   Number         4  main.o(.text.main)
    __arm_cp.0_2                             0x08004838   Number         4  main.o(.text.main)
    __arm_cp.0_3                             0x0800483c   Number         4  main.o(.text.main)
    __arm_cp.0_4                             0x08004840   Number         4  main.o(.text.main)
    __arm_cp.0_5                             0x08004844   Number         4  main.o(.text.main)
    i.__0snprintf                            0x08004860   Section        0  printfa.o(i.__0snprintf)
    i.__0vsnprintf                           0x08004898   Section        0  printfa.o(i.__0vsnprintf)
    i.__ARM_clz                              0x080048c8   Section        0  depilogue.o(i.__ARM_clz)
    i.__scatterload_copy                     0x080048f6   Section       14  handlers.o(i.__scatterload_copy)
    i.__scatterload_null                     0x08004904   Section        2  handlers.o(i.__scatterload_null)
    i.__scatterload_zeroinit                 0x08004906   Section       14  handlers.o(i.__scatterload_zeroinit)
    _fp_digits                               0x08004915   Thumb Code   344  printfa.o(i._fp_digits)
    i._fp_digits                             0x08004914   Section        0  printfa.o(i._fp_digits)
    _printf_core                             0x08004a89   Thumb Code  1754  printfa.o(i._printf_core)
    i._printf_core                           0x08004a88   Section        0  printfa.o(i._printf_core)
    _printf_post_padding                     0x08005175   Thumb Code    32  printfa.o(i._printf_post_padding)
    i._printf_post_padding                   0x08005174   Section        0  printfa.o(i._printf_post_padding)
    _printf_pre_padding                      0x08005195   Thumb Code    44  printfa.o(i._printf_pre_padding)
    i._printf_pre_padding                    0x08005194   Section        0  printfa.o(i._printf_pre_padding)
    _snputc                                  0x080051c1   Thumb Code    22  printfa.o(i._snputc)
    i._snputc                                0x080051c0   Section        0  printfa.o(i._snputc)
    HAL_RCC_GetSysClockFreq.aPLLMULFactorTable 0x080051e6   Data          16  stm32f0xx_hal_rcc.o(.rodata.cst16)
    [Anonymous Symbol]                       0x080051e6   Section        0  stm32f0xx_hal_rcc.o(.rodata.cst16)
    HAL_RCC_GetSysClockFreq.aPredivFactorTable 0x080051f6   Data          16  stm32f0xx_hal_rcc.o(.rodata.cst16)
    level_strings                            0x08005208   Data          24  logger.o(.rodata.level_strings)
    [Anonymous Symbol]                       0x08005208   Section        0  logger.o(.rodata.level_strings)
    [Anonymous Symbol]                       0x08005220   Section        0  stm32f0xx_hal_cortex.o(.rodata.str1.1)
    [Anonymous Symbol]                       0x08005264   Section        0  stm32f0xx_hal_gpio.o(.rodata.str1.1)
    [Anonymous Symbol]                       0x080052a6   Section        0  stm32f0xx_hal_pcd.o(.rodata.str1.1)
    [Anonymous Symbol]                       0x080052e7   Section        0  stm32f0xx_hal_rcc.o(.rodata.str1.1)
    [Anonymous Symbol]                       0x08005328   Section        0  stm32f0xx_hal_rcc_ex.o(.rodata.str1.1)
    [Anonymous Symbol]                       0x0800536c   Section        0  main.o(.rodata.str1.1)
    [Anonymous Symbol]                       0x080053ac   Section        0  logger.o(.rodata.str1.1)
    [Anonymous Symbol]                       0x20000000   Section        0  stm32f0xx_hal.o(.data..L_MergedGlobals)
    USBD_CDC_DeviceQualifierDesc             0x200000e8   Data          10  usbd_cdc.o(.data.USBD_CDC_DeviceQualifierDesc)
    [Anonymous Symbol]                       0x200000e8   Section        0  usbd_cdc.o(.data.USBD_CDC_DeviceQualifierDesc)
    [Anonymous Symbol]                       0x20000180   Section        0  main.o(.bss..L_MergedGlobals)
    USBD_SetConfig.cfgidx                    0x200001ae   Data           1  usbd_ctlreq.o(.bss.USBD_SetConfig.cfgidx)
    [Anonymous Symbol]                       0x200001ae   Section        0  usbd_ctlreq.o(.bss.USBD_SetConfig.cfgidx)
    USBD_static_malloc.mem                   0x200003b0   Data         544  usbd_conf.o(.bss.USBD_static_malloc.mem)
    [Anonymous Symbol]                       0x200003b0   Section        0  usbd_conf.o(.bss.USBD_static_malloc.mem)
    logger                                   0x20000f70   Data         258  logger.o(.bss.logger)
    [Anonymous Symbol]                       0x20000f70   Section        0  logger.o(.bss.logger)
    STACK                                    0x20001078   Section     1024  startup_stm32f072xb.o(STACK)

    Global Symbols

    Symbol Name                              Value     Ov Type        Size  Object(Section)

    BuildAttributes$$THM_ISAv3M$S$PE$A:L22$X:L11$S22$IEEE1$IW$~IW$USESV6$~STKCKD$USESV7$~SHL$OTIME$ROPI$EBA8$MICROLIB$REQ8$PRES8$EABIv2 0x00000000   Number         0  anon$$obj.o ABSOLUTE
    _printf_a                                0x00000000   Number         0  printfstubs.o ABSOLUTE
    _printf_c                                0x00000000   Number         0  printfstubs.o ABSOLUTE
    _printf_charcount                        0x00000000   Number         0  printfstubs.o ABSOLUTE
    _printf_d                                0x00000000   Number         0  printfstubs.o ABSOLUTE
    _printf_e                                0x00000000   Number         0  printfstubs.o ABSOLUTE
    _printf_f                                0x00000000   Number         0  printfstubs.o ABSOLUTE
    _printf_flags                            0x00000000   Number         0  printfstubs.o ABSOLUTE
    _printf_fp_dec                           0x00000000   Number         0  printfstubs.o ABSOLUTE
    _printf_fp_hex                           0x00000000   Number         0  printfstubs.o ABSOLUTE
    _printf_g                                0x00000000   Number         0  printfstubs.o ABSOLUTE
    _printf_i                                0x00000000   Number         0  printfstubs.o ABSOLUTE
    _printf_int_dec                          0x00000000   Number         0  printfstubs.o ABSOLUTE
    _printf_l                                0x00000000   Number         0  printfstubs.o ABSOLUTE
    _printf_lc                               0x00000000   Number         0  printfstubs.o ABSOLUTE
    _printf_ll                               0x00000000   Number         0  printfstubs.o ABSOLUTE
    _printf_lld                              0x00000000   Number         0  printfstubs.o ABSOLUTE
    _printf_lli                              0x00000000   Number         0  printfstubs.o ABSOLUTE
    _printf_llo                              0x00000000   Number         0  printfstubs.o ABSOLUTE
    _printf_llu                              0x00000000   Number         0  printfstubs.o ABSOLUTE
    _printf_llx                              0x00000000   Number         0  printfstubs.o ABSOLUTE
    _printf_longlong_dec                     0x00000000   Number         0  printfstubs.o ABSOLUTE
    _printf_longlong_hex                     0x00000000   Number         0  printfstubs.o ABSOLUTE
    _printf_longlong_oct                     0x00000000   Number         0  printfstubs.o ABSOLUTE
    _printf_ls                               0x00000000   Number         0  printfstubs.o ABSOLUTE
    _printf_mbtowc                           0x00000000   Number         0  printfstubs.o ABSOLUTE
    _printf_n                                0x00000000   Number         0  printfstubs.o ABSOLUTE
    _printf_o                                0x00000000   Number         0  printfstubs.o ABSOLUTE
    _printf_p                                0x00000000   Number         0  printfstubs.o ABSOLUTE
    _printf_percent                          0x00000000   Number         0  printfstubs.o ABSOLUTE
    _printf_pre_padding                      0x00000000   Number         0  printfstubs.o ABSOLUTE
    _printf_return_value                     0x00000000   Number         0  printfstubs.o ABSOLUTE
    _printf_s                                0x00000000   Number         0  printfstubs.o ABSOLUTE
    _printf_sizespec                         0x00000000   Number         0  printfstubs.o ABSOLUTE
    _printf_str                              0x00000000   Number         0  printfstubs.o ABSOLUTE
    _printf_truncate_signed                  0x00000000   Number         0  printfstubs.o ABSOLUTE
    _printf_truncate_unsigned                0x00000000   Number         0  printfstubs.o ABSOLUTE
    _printf_u                                0x00000000   Number         0  printfstubs.o ABSOLUTE
    _printf_wc                               0x00000000   Number         0  printfstubs.o ABSOLUTE
    _printf_wctomb                           0x00000000   Number         0  printfstubs.o ABSOLUTE
    _printf_widthprec                        0x00000000   Number         0  printfstubs.o ABSOLUTE
    _printf_x                                0x00000000   Number         0  printfstubs.o ABSOLUTE
    __cpp_initialize__aeabi_                  - Undefined Weak Reference
    __cxa_finalize                            - Undefined Weak Reference
    _clock_init                               - Undefined Weak Reference
    _microlib_exit                            - Undefined Weak Reference
    __Vectors_Size                           0x000000c0   Number         0  startup_stm32f072xb.o ABSOLUTE
    __Vectors                                0x08000000   Data           4  startup_stm32f072xb.o(RESET)
    __Vectors_End                            0x080000c0   Data           0  startup_stm32f072xb.o(RESET)
    __main                                   0x080000c1   Thumb Code     0  entry.o(.ARM.Collect$$$$00000000)
    _main_stk                                0x080000c1   Thumb Code     0  entry2.o(.ARM.Collect$$$$00000001)
    _main_scatterload                        0x080000c5   Thumb Code     0  entry5.o(.ARM.Collect$$$$00000004)
    __main_after_scatterload                 0x080000c9   Thumb Code     0  entry5.o(.ARM.Collect$$$$00000004)
    _main_clock                              0x080000c9   Thumb Code     0  entry7b.o(.ARM.Collect$$$$00000008)
    _main_cpp_init                           0x080000c9   Thumb Code     0  entry8b.o(.ARM.Collect$$$$0000000A)
    _main_init                               0x080000c9   Thumb Code     0  entry9a.o(.ARM.Collect$$$$0000000B)
    __rt_final_cpp                           0x080000d1   Thumb Code     0  entry10a.o(.ARM.Collect$$$$0000000D)
    __rt_final_exit                          0x080000d1   Thumb Code     0  entry11a.o(.ARM.Collect$$$$0000000F)
    Reset_Handler                            0x080000d5   Thumb Code     8  startup_stm32f072xb.o(.text)
    ADC1_COMP_IRQHandler                     0x080000e7   Thumb Code     0  startup_stm32f072xb.o(.text)
    CEC_CAN_IRQHandler                       0x080000e7   Thumb Code     0  startup_stm32f072xb.o(.text)
    DMA1_Channel1_IRQHandler                 0x080000e7   Thumb Code     0  startup_stm32f072xb.o(.text)
    DMA1_Channel2_3_IRQHandler               0x080000e7   Thumb Code     0  startup_stm32f072xb.o(.text)
    DMA1_Channel4_5_6_7_IRQHandler           0x080000e7   Thumb Code     0  startup_stm32f072xb.o(.text)
    EXTI0_1_IRQHandler                       0x080000e7   Thumb Code     0  startup_stm32f072xb.o(.text)
    EXTI2_3_IRQHandler                       0x080000e7   Thumb Code     0  startup_stm32f072xb.o(.text)
    EXTI4_15_IRQHandler                      0x080000e7   Thumb Code     0  startup_stm32f072xb.o(.text)
    FLASH_IRQHandler                         0x080000e7   Thumb Code     0  startup_stm32f072xb.o(.text)
    I2C1_IRQHandler                          0x080000e7   Thumb Code     0  startup_stm32f072xb.o(.text)
    I2C2_IRQHandler                          0x080000e7   Thumb Code     0  startup_stm32f072xb.o(.text)
    PVD_VDDIO2_IRQHandler                    0x080000e7   Thumb Code     0  startup_stm32f072xb.o(.text)
    RCC_CRS_IRQHandler                       0x080000e7   Thumb Code     0  startup_stm32f072xb.o(.text)
    RTC_IRQHandler                           0x080000e7   Thumb Code     0  startup_stm32f072xb.o(.text)
    SPI1_IRQHandler                          0x080000e7   Thumb Code     0  startup_stm32f072xb.o(.text)
    SPI2_IRQHandler                          0x080000e7   Thumb Code     0  startup_stm32f072xb.o(.text)
    TIM14_IRQHandler                         0x080000e7   Thumb Code     0  startup_stm32f072xb.o(.text)
    TIM15_IRQHandler                         0x080000e7   Thumb Code     0  startup_stm32f072xb.o(.text)
    TIM16_IRQHandler                         0x080000e7   Thumb Code     0  startup_stm32f072xb.o(.text)
    TIM17_IRQHandler                         0x080000e7   Thumb Code     0  startup_stm32f072xb.o(.text)
    TIM1_BRK_UP_TRG_COM_IRQHandler           0x080000e7   Thumb Code     0  startup_stm32f072xb.o(.text)
    TIM1_CC_IRQHandler                       0x080000e7   Thumb Code     0  startup_stm32f072xb.o(.text)
    TIM2_IRQHandler                          0x080000e7   Thumb Code     0  startup_stm32f072xb.o(.text)
    TIM3_IRQHandler                          0x080000e7   Thumb Code     0  startup_stm32f072xb.o(.text)
    TIM6_DAC_IRQHandler                      0x080000e7   Thumb Code     0  startup_stm32f072xb.o(.text)
    TIM7_IRQHandler                          0x080000e7   Thumb Code     0  startup_stm32f072xb.o(.text)
    TSC_IRQHandler                           0x080000e7   Thumb Code     0  startup_stm32f072xb.o(.text)
    USART1_IRQHandler                        0x080000e7   Thumb Code     0  startup_stm32f072xb.o(.text)
    USART2_IRQHandler                        0x080000e7   Thumb Code     0  startup_stm32f072xb.o(.text)
    USART3_4_IRQHandler                      0x080000e7   Thumb Code     0  startup_stm32f072xb.o(.text)
    WWDG_IRQHandler                          0x080000e7   Thumb Code     0  startup_stm32f072xb.o(.text)
    __aeabi_llsr                             0x080000f1   Thumb Code    34  llushr.o(.text)
    _ll_ushift_r                             0x080000f1   Thumb Code     0  llushr.o(.text)
    __aeabi_memcpy                           0x08000113   Thumb Code    36  memcpya.o(.text)
    __aeabi_memcpy4                          0x08000113   Thumb Code     0  memcpya.o(.text)
    __aeabi_memcpy8                          0x08000113   Thumb Code     0  memcpya.o(.text)
    __aeabi_memset                           0x08000137   Thumb Code    14  memseta.o(.text)
    __aeabi_memset4                          0x08000137   Thumb Code     0  memseta.o(.text)
    __aeabi_memset8                          0x08000137   Thumb Code     0  memseta.o(.text)
    __aeabi_memclr                           0x08000145   Thumb Code     4  memseta.o(.text)
    __aeabi_memclr4                          0x08000145   Thumb Code     0  memseta.o(.text)
    __aeabi_memclr8                          0x08000145   Thumb Code     0  memseta.o(.text)
    _memset$wrapper                          0x08000149   Thumb Code    18  memseta.o(.text)
    strlen                                   0x0800015b   Thumb Code    14  strlen.o(.text)
    strncmp                                  0x08000169   Thumb Code    30  strncmp.o(.text)
    __aeabi_uidiv                            0x08000187   Thumb Code     0  uidiv_div0.o(.text)
    __aeabi_uidivmod                         0x08000187   Thumb Code    62  uidiv_div0.o(.text)
    __aeabi_uldivmod                         0x080001c5   Thumb Code    96  uldiv.o(.text)
    __I$use$fp                               0x08000225   Thumb Code     0  iusefp.o(.text)
    __aeabi_dadd                             0x08000225   Thumb Code   328  dadd.o(.text)
    __aeabi_dsub                             0x0800036d   Thumb Code    12  dadd.o(.text)
    __aeabi_drsub                            0x08000379   Thumb Code    12  dadd.o(.text)
    __aeabi_dmul                             0x08000389   Thumb Code   202  dmul.o(.text)
    __aeabi_ddiv                             0x08000459   Thumb Code   234  ddiv.o(.text)
    __aeabi_d2ulz                            0x08000549   Thumb Code    54  dfixul.o(.text)
    __aeabi_cdrcmple                         0x08000589   Thumb Code    38  cdrcmple.o(.text)
    __scatterload                            0x080005b1   Thumb Code    28  init.o(.text)
    __scatterload_rt2                        0x080005b1   Thumb Code     0  init.o(.text)
    __aeabi_llsl                             0x080005d5   Thumb Code    32  llshl.o(.text)
    _ll_shift_l                              0x080005d5   Thumb Code     0  llshl.o(.text)
    __aeabi_lasr                             0x080005f5   Thumb Code    38  llsshr.o(.text)
    _ll_sshift_r                             0x080005f5   Thumb Code     0  llsshr.o(.text)
    _double_round                            0x0800061b   Thumb Code    26  depilogue.o(.text)
    _double_epilogue                         0x08000635   Thumb Code   164  depilogue.o(.text)
    __decompress                             0x080006d9   Thumb Code     0  __dczerorl2.o(.text)
    __decompress1                            0x080006d9   Thumb Code    86  __dczerorl2.o(.text)
    CDC_Transmit_FS                          0x0800079d   Thumb Code   104  usbd_cdc_if.o(.text.CDC_Transmit_FS)
    Error_Handler                            0x08000809   Thumb Code     4  main.o(.text.Error_Handler)
    HAL_DeInit                               0x0800080d   Thumb Code    28  stm32f0xx_hal.o(.text.HAL_DeInit)
    HAL_Delay                                0x0800082d   Thumb Code    32  stm32f0xx_hal.o(.text.HAL_Delay)
    HAL_GPIO_Init                            0x0800084d   Thumb Code   612  stm32f0xx_hal_gpio.o(.text.HAL_GPIO_Init)
    HAL_GPIO_WritePin                        0x08000ac9   Thumb Code    64  stm32f0xx_hal_gpio.o(.text.HAL_GPIO_WritePin)
    HAL_GetTick                              0x08000b0d   Thumb Code     8  stm32f0xx_hal.o(.text.HAL_GetTick)
    HAL_IncTick                              0x08000b15   Thumb Code    16  stm32f0xx_hal.o(.text.HAL_IncTick)
    HAL_Init                                 0x08000b29   Thumb Code    28  stm32f0xx_hal.o(.text.HAL_Init)
    HAL_InitTick                             0x08000b49   Thumb Code    60  stm32f0xx_hal.o(.text.HAL_InitTick)
    HAL_MspDeInit                            0x08000b8d   Thumb Code     2  stm32f0xx_hal_msp.o(.text.HAL_MspDeInit)
    HAL_MspInit                              0x08000b91   Thumb Code    40  stm32f0xx_hal_msp.o(.text.HAL_MspInit)
    HAL_NVIC_EnableIRQ                       0x08000bbd   Thumb Code    32  stm32f0xx_hal_cortex.o(.text.HAL_NVIC_EnableIRQ)
    HAL_NVIC_SetPriority                     0x08000be1   Thumb Code    68  stm32f0xx_hal_cortex.o(.text.HAL_NVIC_SetPriority)
    HAL_PCDEx_ActivateLPM                    0x08000c31   Thumb Code    38  stm32f0xx_hal_pcd_ex.o(.text.HAL_PCDEx_ActivateLPM)
    HAL_PCDEx_LPM_Callback                   0x08000c57   Thumb Code     2  stm32f0xx_hal_pcd_ex.o(.text.HAL_PCDEx_LPM_Callback)
    HAL_PCDEx_PMAConfig                      0x08000c59   Thumb Code    56  stm32f0xx_hal_pcd_ex.o(.text.HAL_PCDEx_PMAConfig)
    HAL_PCD_DataInStageCallback              0x08000c91   Thumb Code    24  usbd_conf.o(.text.HAL_PCD_DataInStageCallback)
    HAL_PCD_DataOutStageCallback             0x08000ca9   Thumb Code    28  usbd_conf.o(.text.HAL_PCD_DataOutStageCallback)
    HAL_PCD_EP_Close                         0x08000cc5   Thumb Code    76  stm32f0xx_hal_pcd.o(.text.HAL_PCD_EP_Close)
    HAL_PCD_EP_ClrStall                      0x08000d11   Thumb Code    94  stm32f0xx_hal_pcd.o(.text.HAL_PCD_EP_ClrStall)
    HAL_PCD_EP_GetRxCount                    0x08000d6f   Thumb Code    18  stm32f0xx_hal_pcd.o(.text.HAL_PCD_EP_GetRxCount)
    HAL_PCD_EP_Open                          0x08000d81   Thumb Code    88  stm32f0xx_hal_pcd.o(.text.HAL_PCD_EP_Open)
    HAL_PCD_EP_Receive                       0x08000dd9   Thumb Code    40  stm32f0xx_hal_pcd.o(.text.HAL_PCD_EP_Receive)
    HAL_PCD_EP_SetStall                      0x08000e01   Thumb Code    88  stm32f0xx_hal_pcd.o(.text.HAL_PCD_EP_SetStall)
    HAL_PCD_EP_Transmit                      0x08000e59   Thumb Code    44  stm32f0xx_hal_pcd.o(.text.HAL_PCD_EP_Transmit)
    HAL_PCD_IRQHandler                       0x08000e85   Thumb Code  2272  stm32f0xx_hal_pcd.o(.text.HAL_PCD_IRQHandler)
    HAL_PCD_Init                             0x08001791   Thumb Code   636  stm32f0xx_hal_pcd.o(.text.HAL_PCD_Init)
    HAL_PCD_MspInit                          0x08001a11   Thumb Code    60  usbd_conf.o(.text.HAL_PCD_MspInit)
    HAL_PCD_ResetCallback                    0x08001a55   Thumb Code    34  usbd_conf.o(.text.HAL_PCD_ResetCallback)
    HAL_PCD_ResumeCallback                   0x08001a79   Thumb Code    36  usbd_conf.o(.text.HAL_PCD_ResumeCallback)
    HAL_PCD_SOFCallback                      0x08001a9d   Thumb Code    14  usbd_conf.o(.text.HAL_PCD_SOFCallback)
    HAL_PCD_SetAddress                       0x08001aab   Thumb Code    36  stm32f0xx_hal_pcd.o(.text.HAL_PCD_SetAddress)
    HAL_PCD_SetupStageCallback               0x08001acf   Thumb Code    22  usbd_conf.o(.text.HAL_PCD_SetupStageCallback)
    HAL_PCD_Start                            0x08001ae5   Thumb Code    42  stm32f0xx_hal_pcd.o(.text.HAL_PCD_Start)
    HAL_PCD_SuspendCallback                  0x08001b11   Thumb Code    32  usbd_conf.o(.text.HAL_PCD_SuspendCallback)
    HAL_RCCEx_PeriphCLKConfig                0x08001b35   Thumb Code   452  stm32f0xx_hal_rcc_ex.o(.text.HAL_RCCEx_PeriphCLKConfig)
    HAL_RCC_ClockConfig                      0x08001d0d   Thumb Code   464  stm32f0xx_hal_rcc.o(.text.HAL_RCC_ClockConfig)
    HAL_RCC_OscConfig                        0x08001f05   Thumb Code  1480  stm32f0xx_hal_rcc.o(.text.HAL_RCC_OscConfig)
    HAL_SYSTICK_Config                       0x080024dd   Thumb Code    40  stm32f0xx_hal_cortex.o(.text.HAL_SYSTICK_Config)
    HardFault_Handler                        0x08002511   Thumb Code     2  stm32f0xx_it.o(.text.HardFault_Handler)
    MX_USB_DEVICE_Init                       0x08002515   Thumb Code    68  usb_device.o(.text.MX_USB_DEVICE_Init)
    NMI_Handler                              0x08002569   Thumb Code     2  stm32f0xx_it.o(.text.NMI_Handler)
    PendSV_Handler                           0x0800256b   Thumb Code     2  stm32f0xx_it.o(.text.PendSV_Handler)
    SVC_Handler                              0x0800256d   Thumb Code     2  stm32f0xx_it.o(.text.SVC_Handler)
    SysTick_Handler                          0x0800256f   Thumb Code     8  stm32f0xx_it.o(.text.SysTick_Handler)
    SystemClock_Config                       0x08002579   Thumb Code   112  main.o(.text.SystemClock_Config)
    SystemInit                               0x080025ed   Thumb Code    72  system_stm32f0xx.o(.text.SystemInit)
    USBD_CDC_GetDeviceQualifierDescriptor    0x08002749   Thumb Code     8  usbd_cdc.o(.text.USBD_CDC_GetDeviceQualifierDescriptor)
    USBD_CDC_ReceivePacket                   0x080027ff   Thumb Code    44  usbd_cdc.o(.text.USBD_CDC_ReceivePacket)
    USBD_CDC_RegisterInterface               0x0800282b   Thumb Code    18  usbd_cdc.o(.text.USBD_CDC_RegisterInterface)
    USBD_CDC_SetRxBuffer                     0x0800283d   Thumb Code    16  usbd_cdc.o(.text.USBD_CDC_SetRxBuffer)
    USBD_CDC_SetTxBuffer                     0x0800284d   Thumb Code    20  usbd_cdc.o(.text.USBD_CDC_SetTxBuffer)
    USBD_CDC_TransmitPacket                  0x08002921   Thumb Code    54  usbd_cdc.o(.text.USBD_CDC_TransmitPacket)
    USBD_ClrClassConfig                      0x08002957   Thumb Code    16  usbd_core.o(.text.USBD_ClrClassConfig)
    USBD_CtlContinueRx                       0x08002967   Thumb Code    18  usbd_ioreq.o(.text.USBD_CtlContinueRx)
    USBD_CtlContinueSendData                 0x08002979   Thumb Code    18  usbd_ioreq.o(.text.USBD_CtlContinueSendData)
    USBD_CtlError                            0x0800298b   Thumb Code    20  usbd_ctlreq.o(.text.USBD_CtlError)
    USBD_CtlPrepareRx                        0x0800299f   Thumb Code    36  usbd_ioreq.o(.text.USBD_CtlPrepareRx)
    USBD_CtlReceiveStatus                    0x080029c3   Thumb Code    26  usbd_ioreq.o(.text.USBD_CtlReceiveStatus)
    USBD_CtlSendData                         0x080029dd   Thumb Code    30  usbd_ioreq.o(.text.USBD_CtlSendData)
    USBD_CtlSendStatus                       0x080029fb   Thumb Code    26  usbd_ioreq.o(.text.USBD_CtlSendStatus)
    USBD_FS_ConfigStrDescriptor              0x08002a15   Thumb Code    20  usbd_desc.o(.text.USBD_FS_ConfigStrDescriptor)
    USBD_FS_DeviceDescriptor                 0x08002a35   Thumb Code     8  usbd_desc.o(.text.USBD_FS_DeviceDescriptor)
    USBD_FS_InterfaceStrDescriptor           0x08002a41   Thumb Code    20  usbd_desc.o(.text.USBD_FS_InterfaceStrDescriptor)
    USBD_FS_LangIDStrDescriptor              0x08002a65   Thumb Code     8  usbd_desc.o(.text.USBD_FS_LangIDStrDescriptor)
    USBD_FS_ManufacturerStrDescriptor        0x08002a71   Thumb Code    20  usbd_desc.o(.text.USBD_FS_ManufacturerStrDescriptor)
    USBD_FS_ProductStrDescriptor             0x08002a99   Thumb Code    20  usbd_desc.o(.text.USBD_FS_ProductStrDescriptor)
    USBD_FS_SerialStrDescriptor              0x08002ac9   Thumb Code   264  usbd_desc.o(.text.USBD_FS_SerialStrDescriptor)
    USBD_GetString                           0x08002bd9   Thumb Code   174  usbd_ctlreq.o(.text.USBD_GetString)
    USBD_Init                                0x08002c87   Thumb Code    46  usbd_core.o(.text.USBD_Init)
    USBD_LL_ClearStallEP                     0x08002cb5   Thumb Code    32  usbd_conf.o(.text.USBD_LL_ClearStallEP)
    USBD_LL_CloseEP                          0x08002cd5   Thumb Code    32  usbd_conf.o(.text.USBD_LL_CloseEP)
    USBD_LL_DataInStage                      0x08002cf5   Thumb Code   208  usbd_core.o(.text.USBD_LL_DataInStage)
    USBD_LL_DataOutStage                     0x08002dc5   Thumb Code   134  usbd_core.o(.text.USBD_LL_DataOutStage)
    USBD_LL_GetRxDataSize                    0x08002e4b   Thumb Code    14  usbd_conf.o(.text.USBD_LL_GetRxDataSize)
    USBD_LL_Init                             0x08002e59   Thumb Code   124  usbd_conf.o(.text.USBD_LL_Init)
    USBD_LL_IsStallEP                        0x08002edd   Thumb Code    38  usbd_conf.o(.text.USBD_LL_IsStallEP)
    USBD_LL_OpenEP                           0x08002f05   Thumb Code    40  usbd_conf.o(.text.USBD_LL_OpenEP)
    USBD_LL_PrepareReceive                   0x08002f2d   Thumb Code    32  usbd_conf.o(.text.USBD_LL_PrepareReceive)
    USBD_LL_Reset                            0x08002f4d   Thumb Code    84  usbd_core.o(.text.USBD_LL_Reset)
    USBD_LL_Resume                           0x08002fa1   Thumb Code    20  usbd_core.o(.text.USBD_LL_Resume)
    USBD_LL_SOF                              0x08002fb5   Thumb Code    28  usbd_core.o(.text.USBD_LL_SOF)
    USBD_LL_SetSpeed                         0x08002fd1   Thumb Code     6  usbd_core.o(.text.USBD_LL_SetSpeed)
    USBD_LL_SetUSBAddress                    0x08002fd9   Thumb Code    32  usbd_conf.o(.text.USBD_LL_SetUSBAddress)
    USBD_LL_SetupStage                       0x08002ff9   Thumb Code   106  usbd_core.o(.text.USBD_LL_SetupStage)
    USBD_LL_StallEP                          0x08003065   Thumb Code    32  usbd_conf.o(.text.USBD_LL_StallEP)
    USBD_LL_Start                            0x08003085   Thumb Code    32  usbd_conf.o(.text.USBD_LL_Start)
    USBD_LL_Suspend                          0x080030a9   Thumb Code    18  usbd_core.o(.text.USBD_LL_Suspend)
    USBD_LL_Transmit                         0x080030bd   Thumb Code    32  usbd_conf.o(.text.USBD_LL_Transmit)
    USBD_ParseSetupRequest                   0x080030e1   Thumb Code    40  usbd_ctlreq.o(.text.USBD_ParseSetupRequest)
    USBD_RegisterClass                       0x08003109   Thumb Code    18  usbd_core.o(.text.USBD_RegisterClass)
    USBD_SetClassConfig                      0x0800311b   Thumb Code    28  usbd_core.o(.text.USBD_SetClassConfig)
    USBD_Start                               0x08003137   Thumb Code    10  usbd_core.o(.text.USBD_Start)
    USBD_StdDevReq                           0x08003141   Thumb Code   628  usbd_ctlreq.o(.text.USBD_StdDevReq)
    USBD_StdEPReq                            0x080033b9   Thumb Code   338  usbd_ctlreq.o(.text.USBD_StdEPReq)
    USBD_StdItfReq                           0x0800350b   Thumb Code   114  usbd_ctlreq.o(.text.USBD_StdItfReq)
    USBD_static_free                         0x0800357d   Thumb Code     2  usbd_conf.o(.text.USBD_static_free)
    USBD_static_malloc                       0x08003581   Thumb Code     4  usbd_conf.o(.text.USBD_static_malloc)
    USB_ActivateEndpoint                     0x08003589   Thumb Code   528  stm32f0xx_ll_usb.o(.text.USB_ActivateEndpoint)
    USB_DeactivateEndpoint                   0x080037b9   Thumb Code   168  stm32f0xx_ll_usb.o(.text.USB_DeactivateEndpoint)
    USB_DevConnect                           0x08003869   Thumb Code    16  stm32f0xx_ll_usb.o(.text.USB_DevConnect)
    USB_DevInit                              0x08003879   Thumb Code    20  stm32f0xx_ll_usb.o(.text.USB_DevInit)
    USB_DisableGlobalInt                     0x0800388d   Thumb Code    16  stm32f0xx_ll_usb.o(.text.USB_DisableGlobalInt)
    USB_EPClearStall                         0x080038a1   Thumb Code    92  stm32f0xx_ll_usb.o(.text.USB_EPClearStall)
    USB_EPSetStall                           0x0800390d   Thumb Code    44  stm32f0xx_ll_usb.o(.text.USB_EPSetStall)
    USB_EPStartXfer                          0x08003949   Thumb Code  2356  stm32f0xx_ll_usb.o(.text.USB_EPStartXfer)
    USB_EnableGlobalInt                      0x08004295   Thumb Code    20  stm32f0xx_ll_usb.o(.text.USB_EnableGlobalInt)
    USB_IRQHandler                           0x080042ad   Thumb Code    12  stm32f0xx_it.o(.text.USB_IRQHandler)
    USB_ReadInterrupts                       0x080042bd   Thumb Code     6  stm32f0xx_ll_usb.o(.text.USB_ReadInterrupts)
    USB_ReadPMA                              0x080042c3   Thumb Code   144  stm32f0xx_ll_usb.o(.text.USB_ReadPMA)
    USB_SetDevAddress                        0x08004353   Thumb Code    18  stm32f0xx_ll_usb.o(.text.USB_SetDevAddress)
    USB_Status_Init                          0x08004365   Thumb Code    76  usbd_cdc_if.o(.text.USB_Status_Init)
    USB_WritePMA                             0x080043b5   Thumb Code   152  stm32f0xx_ll_usb.o(.text.USB_WritePMA)
    assert_failed                            0x0800444d   Thumb Code     2  main.o(.text.assert_failed)
    jump_to_app                              0x08004451   Thumb Code   364  open_bootloader.o(.text.jump_to_app)
    logger_init                              0x08004635   Thumb Code    32  logger.o(.text.logger_init)
    logger_log                               0x08004691   Thumb Code   148  logger.o(.text.logger_log)
    main                                     0x08004731   Thumb Code   256  main.o(.text.main)
    __0snprintf                              0x08004861   Thumb Code    50  printfa.o(i.__0snprintf)
    __1snprintf                              0x08004861   Thumb Code     0  printfa.o(i.__0snprintf)
    __2snprintf                              0x08004861   Thumb Code     0  printfa.o(i.__0snprintf)
    __c89snprintf                            0x08004861   Thumb Code     0  printfa.o(i.__0snprintf)
    snprintf                                 0x08004861   Thumb Code     0  printfa.o(i.__0snprintf)
    __0vsnprintf                             0x08004899   Thumb Code    44  printfa.o(i.__0vsnprintf)
    __1vsnprintf                             0x08004899   Thumb Code     0  printfa.o(i.__0vsnprintf)
    __2vsnprintf                             0x08004899   Thumb Code     0  printfa.o(i.__0vsnprintf)
    __c89vsnprintf                           0x08004899   Thumb Code     0  printfa.o(i.__0vsnprintf)
    vsnprintf                                0x08004899   Thumb Code     0  printfa.o(i.__0vsnprintf)
    __ARM_clz                                0x080048c9   Thumb Code    46  depilogue.o(i.__ARM_clz)
    __scatterload_copy                       0x080048f7   Thumb Code    14  handlers.o(i.__scatterload_copy)
    __scatterload_null                       0x08004905   Thumb Code     2  handlers.o(i.__scatterload_null)
    __scatterload_zeroinit                   0x08004907   Thumb Code    14  handlers.o(i.__scatterload_zeroinit)
    AHBPrescTable                            0x080051d6   Data          16  system_stm32f0xx.o(.rodata.AHBPrescTable)
    Region$$Table$$Base                      0x080053e0   Number         0  anon$$obj.o(Region$$Table)
    Region$$Table$$Limit                     0x08005400   Number         0  anon$$obj.o(Region$$Table)
    uwTickFreq                               0x20000000   Data           1  stm32f0xx_hal.o(.data..L_MergedGlobals)
    uwTickPrio                               0x20000004   Data           4  stm32f0xx_hal.o(.data..L_MergedGlobals)
    FS_Desc                                  0x20000008   Data          28  usbd_desc.o(.data.FS_Desc)
    SystemCoreClock                          0x20000024   Data           4  system_stm32f0xx.o(.data.SystemCoreClock)
    USBD_CDC                                 0x20000028   Data          56  usbd_cdc.o(.data.USBD_CDC)
    USBD_CDC_CfgFSDesc                       0x20000060   Data          67  usbd_cdc.o(.data.USBD_CDC_CfgFSDesc)
    USBD_CDC_CfgHSDesc                       0x200000a4   Data          67  usbd_cdc.o(.data.USBD_CDC_CfgHSDesc)
    USBD_CDC_OtherSpeedCfgDesc               0x200000f4   Data          67  usbd_cdc.o(.data.USBD_CDC_OtherSpeedCfgDesc)
    USBD_FS_DeviceDesc                       0x20000138   Data          18  usbd_desc.o(.data.USBD_FS_DeviceDesc)
    USBD_Interface_fops_FS                   0x2000014c   Data          16  usbd_cdc_if.o(.data.USBD_Interface_fops_FS)
    USBD_LangIDDesc                          0x2000015c   Data           4  usbd_desc.o(.data.USBD_LangIDDesc)
    USBD_StringSerial                        0x20000160   Data          26  usbd_desc.o(.data.USBD_StringSerial)
    User_CDC_Buf                             0x20000180   Data          22  main.o(.bss..L_MergedGlobals)
    user_cdc_buffer                          0x20000196   Data          24  main.o(.bss..L_MergedGlobals)
    USBD_StrDesc                             0x200001b0   Data         512  usbd_desc.o(.bss.USBD_StrDesc)
    UserRxBufferFS                           0x200005d0   Data         512  usbd_cdc_if.o(.bss.UserRxBufferFS)
    UserTxBufferFS                           0x200007d0   Data         512  usbd_cdc_if.o(.bss.UserTxBufferFS)
    hUsbDeviceFS                             0x200009d0   Data         708  usb_device.o(.bss.hUsbDeviceFS)
    hpcd_USB_FS                              0x20000c94   Data         732  usbd_conf.o(.bss.hpcd_USB_FS)
    uwTick                                   0x20001074   Data           4  stm32f0xx_hal.o(.bss.uwTick)
    __initial_sp                             0x20001478   Data           0  startup_stm32f072xb.o(STACK)



==============================================================================

Memory Map of the image

  Image Entry point : 0x080000c1

  Load Region LR_IROM1 (Base: 0x08000000, Size: 0x00005580, Max: 0x00020000, ABSOLUTE, COMPRESSED[0x000054c0])

    Execution Region ER_IROM1 (Exec base: 0x08000000, Load base: 0x08000000, Size: 0x00005400, Max: 0x00020000, ABSOLUTE)

    Exec Addr    Load Addr    Size         Type   Attr      Idx    E Section Name        Object

    0x08000000   0x08000000   0x000000c0   Data   RO          935    RESET               startup_stm32f072xb.o
    0x080000c0   0x080000c0   0x00000000   Code   RO         1309  * .ARM.Collect$$$$00000000  mc_p.l(entry.o)
    0x080000c0   0x080000c0   0x00000004   Code   RO         1597    .ARM.Collect$$$$00000001  mc_p.l(entry2.o)
    0x080000c4   0x080000c4   0x00000004   Code   RO         1600    .ARM.Collect$$$$00000004  mc_p.l(entry5.o)
    0x080000c8   0x080000c8   0x00000000   Code   RO         1602    .ARM.Collect$$$$00000008  mc_p.l(entry7b.o)
    0x080000c8   0x080000c8   0x00000000   Code   RO         1604    .ARM.Collect$$$$0000000A  mc_p.l(entry8b.o)
    0x080000c8   0x080000c8   0x00000008   Code   RO         1605    .ARM.Collect$$$$0000000B  mc_p.l(entry9a.o)
    0x080000d0   0x080000d0   0x00000000   Code   RO         1607    .ARM.Collect$$$$0000000D  mc_p.l(entry10a.o)
    0x080000d0   0x080000d0   0x00000000   Code   RO         1609    .ARM.Collect$$$$0000000F  mc_p.l(entry11a.o)
    0x080000d0   0x080000d0   0x00000004   Code   RO         1598    .ARM.Collect$$$$00002712  mc_p.l(entry2.o)
    0x080000d4   0x080000d4   0x0000001c   Code   RO          936    .text               startup_stm32f072xb.o
    0x080000f0   0x080000f0   0x00000022   Code   RO         1322    .text               mc_p.l(llushr.o)
    0x08000112   0x08000112   0x00000024   Code   RO         1324    .text               mc_p.l(memcpya.o)
    0x08000136   0x08000136   0x00000024   Code   RO         1326    .text               mc_p.l(memseta.o)
    0x0800015a   0x0800015a   0x0000000e   Code   RO         1328    .text               mc_p.l(strlen.o)
    0x08000168   0x08000168   0x0000001e   Code   RO         1330    .text               mc_p.l(strncmp.o)
    0x08000186   0x08000186   0x0000003e   Code   RO         1620    .text               mc_p.l(uidiv_div0.o)
    0x080001c4   0x080001c4   0x00000060   Code   RO         1626    .text               mc_p.l(uldiv.o)
    0x08000224   0x08000224   0x00000000   Code   RO         1628    .text               mc_p.l(iusefp.o)
    0x08000224   0x08000224   0x00000164   Code   RO         1629    .text               mf_p.l(dadd.o)
    0x08000388   0x08000388   0x000000d0   Code   RO         1631    .text               mf_p.l(dmul.o)
    0x08000458   0x08000458   0x000000f0   Code   RO         1633    .text               mf_p.l(ddiv.o)
    0x08000548   0x08000548   0x00000040   Code   RO         1635    .text               mf_p.l(dfixul.o)
    0x08000588   0x08000588   0x00000028   Code   RO         1637    .text               mf_p.l(cdrcmple.o)
    0x080005b0   0x080005b0   0x00000024   Code   RO         1639    .text               mc_p.l(init.o)
    0x080005d4   0x080005d4   0x00000020   Code   RO         1642    .text               mc_p.l(llshl.o)
    0x080005f4   0x080005f4   0x00000026   Code   RO         1644    .text               mc_p.l(llsshr.o)
    0x0800061a   0x0800061a   0x000000be   Code   RO         1647    .text               mf_p.l(depilogue.o)
    0x080006d8   0x080006d8   0x00000056   Code   RO         1659    .text               mc_p.l(__dczerorl2.o)
    0x0800072e   0x0800072e   0x00000004   Code   RO         1139    .text.CDC_Control_FS  usbd_cdc_if.o
    0x08000732   0x08000732   0x00000004   Code   RO         1137    .text.CDC_DeInit_FS  usbd_cdc_if.o
    0x08000736   0x08000736   0x00000002   PAD
    0x08000738   0x08000738   0x00000024   Code   RO         1135    .text.CDC_Init_FS   usbd_cdc_if.o
    0x0800075c   0x0800075c   0x00000040   Code   RO         1141    .text.CDC_Receive_FS  usbd_cdc_if.o
    0x0800079c   0x0800079c   0x0000006c   Code   RO         1143    .text.CDC_Transmit_FS  usbd_cdc_if.o
    0x08000808   0x08000808   0x00000004   Code   RO          947    .text.Error_Handler  main.o
    0x0800080c   0x0800080c   0x00000020   Code   RO           63    .text.HAL_DeInit    stm32f0xx_hal.o
    0x0800082c   0x0800082c   0x00000020   Code   RO           77    .text.HAL_Delay     stm32f0xx_hal.o
    0x0800084c   0x0800084c   0x0000027c   Code   RO          245    .text.HAL_GPIO_Init  stm32f0xx_hal_gpio.o
    0x08000ac8   0x08000ac8   0x00000044   Code   RO          251    .text.HAL_GPIO_WritePin  stm32f0xx_hal_gpio.o
    0x08000b0c   0x08000b0c   0x00000008   Code   RO           69    .text.HAL_GetTick   stm32f0xx_hal.o
    0x08000b14   0x08000b14   0x00000014   Code   RO           67    .text.HAL_IncTick   stm32f0xx_hal.o
    0x08000b28   0x08000b28   0x00000020   Code   RO           57    .text.HAL_Init      stm32f0xx_hal.o
    0x08000b48   0x08000b48   0x00000044   Code   RO           59    .text.HAL_InitTick  stm32f0xx_hal.o
    0x08000b8c   0x08000b8c   0x00000002   Code   RO          964    .text.HAL_MspDeInit  stm32f0xx_hal_msp.o
    0x08000b8e   0x08000b8e   0x00000002   PAD
    0x08000b90   0x08000b90   0x0000002c   Code   RO          962    .text.HAL_MspInit   stm32f0xx_hal_msp.o
    0x08000bbc   0x08000bbc   0x00000024   Code   RO          120    .text.HAL_NVIC_EnableIRQ  stm32f0xx_hal_cortex.o
    0x08000be0   0x08000be0   0x00000050   Code   RO          118    .text.HAL_NVIC_SetPriority  stm32f0xx_hal_cortex.o
    0x08000c30   0x08000c30   0x00000026   Code   RO          563    .text.HAL_PCDEx_ActivateLPM  stm32f0xx_hal_pcd_ex.o
    0x08000c56   0x08000c56   0x00000002   Code   RO          567    .text.HAL_PCDEx_LPM_Callback  stm32f0xx_hal_pcd_ex.o
    0x08000c58   0x08000c58   0x00000038   Code   RO          553    .text.HAL_PCDEx_PMAConfig  stm32f0xx_hal_pcd_ex.o
    0x08000c90   0x08000c90   0x00000018   Code   RO         1198    .text.HAL_PCD_DataInStageCallback  usbd_conf.o
    0x08000ca8   0x08000ca8   0x0000001c   Code   RO         1196    .text.HAL_PCD_DataOutStageCallback  usbd_conf.o
    0x08000cc4   0x08000cc4   0x0000004c   Code   RO          522    .text.HAL_PCD_EP_Close  stm32f0xx_hal_pcd.o
    0x08000d10   0x08000d10   0x0000005e   Code   RO          532    .text.HAL_PCD_EP_ClrStall  stm32f0xx_hal_pcd.o
    0x08000d6e   0x08000d6e   0x00000012   Code   RO          526    .text.HAL_PCD_EP_GetRxCount  stm32f0xx_hal_pcd.o
    0x08000d80   0x08000d80   0x00000058   Code   RO          520    .text.HAL_PCD_EP_Open  stm32f0xx_hal_pcd.o
    0x08000dd8   0x08000dd8   0x00000028   Code   RO          524    .text.HAL_PCD_EP_Receive  stm32f0xx_hal_pcd.o
    0x08000e00   0x08000e00   0x00000058   Code   RO          530    .text.HAL_PCD_EP_SetStall  stm32f0xx_hal_pcd.o
    0x08000e58   0x08000e58   0x0000002c   Code   RO          528    .text.HAL_PCD_EP_Transmit  stm32f0xx_hal_pcd.o
    0x08000e84   0x08000e84   0x0000090c   Code   RO          490    .text.HAL_PCD_IRQHandler  stm32f0xx_hal_pcd.o
    0x08001790   0x08001790   0x00000280   Code   RO          478    .text.HAL_PCD_Init  stm32f0xx_hal_pcd.o
    0x08001a10   0x08001a10   0x00000044   Code   RO         1190    .text.HAL_PCD_MspInit  usbd_conf.o
    0x08001a54   0x08001a54   0x00000022   Code   RO         1202    .text.HAL_PCD_ResetCallback  usbd_conf.o
    0x08001a76   0x08001a76   0x00000002   PAD
    0x08001a78   0x08001a78   0x00000024   Code   RO         1206    .text.HAL_PCD_ResumeCallback  usbd_conf.o
    0x08001a9c   0x08001a9c   0x0000000e   Code   RO         1200    .text.HAL_PCD_SOFCallback  usbd_conf.o
    0x08001aaa   0x08001aaa   0x00000024   Code   RO          494    .text.HAL_PCD_SetAddress  stm32f0xx_hal_pcd.o
    0x08001ace   0x08001ace   0x00000016   Code   RO         1194    .text.HAL_PCD_SetupStageCallback  usbd_conf.o
    0x08001ae4   0x08001ae4   0x0000002a   Code   RO          486    .text.HAL_PCD_Start  stm32f0xx_hal_pcd.o
    0x08001b0e   0x08001b0e   0x00000002   PAD
    0x08001b10   0x08001b10   0x00000024   Code   RO         1204    .text.HAL_PCD_SuspendCallback  usbd_conf.o
    0x08001b34   0x08001b34   0x000001d8   Code   RO          673    .text.HAL_RCCEx_PeriphCLKConfig  stm32f0xx_hal_rcc_ex.o
    0x08001d0c   0x08001d0c   0x000001f8   Code   RO          641    .text.HAL_RCC_ClockConfig  stm32f0xx_hal_rcc.o
    0x08001f04   0x08001f04   0x000005d8   Code   RO          639    .text.HAL_RCC_OscConfig  stm32f0xx_hal_rcc.o
    0x080024dc   0x080024dc   0x00000034   Code   RO          126    .text.HAL_SYSTICK_Config  stm32f0xx_hal_cortex.o
    0x08002510   0x08002510   0x00000002   Code   RO          975    .text.HardFault_Handler  stm32f0xx_it.o
    0x08002512   0x08002512   0x00000002   PAD
    0x08002514   0x08002514   0x00000054   Code   RO         1126    .text.MX_USB_DEVICE_Init  usb_device.o
    0x08002568   0x08002568   0x00000002   Code   RO          973    .text.NMI_Handler   stm32f0xx_it.o
    0x0800256a   0x0800256a   0x00000002   Code   RO          979    .text.PendSV_Handler  stm32f0xx_it.o
    0x0800256c   0x0800256c   0x00000002   Code   RO          977    .text.SVC_Handler   stm32f0xx_it.o
    0x0800256e   0x0800256e   0x00000008   Code   RO          981    .text.SysTick_Handler  stm32f0xx_it.o
    0x08002576   0x08002576   0x00000002   PAD
    0x08002578   0x08002578   0x00000074   Code   RO          945    .text.SystemClock_Config  main.o
    0x080025ec   0x080025ec   0x00000058   Code   RO           42    .text.SystemInit    system_stm32f0xx.o
    0x08002644   0x08002644   0x00000062   Code   RO         1000    .text.USBD_CDC_DataIn  usbd_cdc.o
    0x080026a6   0x080026a6   0x00000034   Code   RO         1002    .text.USBD_CDC_DataOut  usbd_cdc.o
    0x080026da   0x080026da   0x00000044   Code   RO          994    .text.USBD_CDC_DeInit  usbd_cdc.o
    0x0800271e   0x0800271e   0x0000002a   Code   RO          998    .text.USBD_CDC_EP0_RxReady  usbd_cdc.o
    0x08002748   0x08002748   0x0000000c   Code   RO         1010    .text.USBD_CDC_GetDeviceQualifierDescriptor  usbd_cdc.o
    0x08002754   0x08002754   0x0000000c   Code   RO         1006    .text.USBD_CDC_GetFSCfgDesc  usbd_cdc.o
    0x08002760   0x08002760   0x0000000c   Code   RO         1004    .text.USBD_CDC_GetHSCfgDesc  usbd_cdc.o
    0x0800276c   0x0800276c   0x0000000c   Code   RO         1008    .text.USBD_CDC_GetOtherSpeedCfgDesc  usbd_cdc.o
    0x08002778   0x08002778   0x00000086   Code   RO          992    .text.USBD_CDC_Init  usbd_cdc.o
    0x080027fe   0x080027fe   0x0000002c   Code   RO         1020    .text.USBD_CDC_ReceivePacket  usbd_cdc.o
    0x0800282a   0x0800282a   0x00000012   Code   RO         1012    .text.USBD_CDC_RegisterInterface  usbd_cdc.o
    0x0800283c   0x0800283c   0x00000010   Code   RO         1016    .text.USBD_CDC_SetRxBuffer  usbd_cdc.o
    0x0800284c   0x0800284c   0x00000014   Code   RO         1014    .text.USBD_CDC_SetTxBuffer  usbd_cdc.o
    0x08002860   0x08002860   0x000000c0   Code   RO          996    .text.USBD_CDC_Setup  usbd_cdc.o
    0x08002920   0x08002920   0x00000036   Code   RO         1018    .text.USBD_CDC_TransmitPacket  usbd_cdc.o
    0x08002956   0x08002956   0x00000010   Code   RO         1049    .text.USBD_ClrClassConfig  usbd_core.o
    0x08002966   0x08002966   0x00000012   Code   RO         1110    .text.USBD_CtlContinueRx  usbd_ioreq.o
    0x08002978   0x08002978   0x00000012   Code   RO         1106    .text.USBD_CtlContinueSendData  usbd_ioreq.o
    0x0800298a   0x0800298a   0x00000014   Code   RO         1085    .text.USBD_CtlError  usbd_ctlreq.o
    0x0800299e   0x0800299e   0x00000024   Code   RO         1108    .text.USBD_CtlPrepareRx  usbd_ioreq.o
    0x080029c2   0x080029c2   0x0000001a   Code   RO         1114    .text.USBD_CtlReceiveStatus  usbd_ioreq.o
    0x080029dc   0x080029dc   0x0000001e   Code   RO         1104    .text.USBD_CtlSendData  usbd_ioreq.o
    0x080029fa   0x080029fa   0x0000001a   Code   RO         1112    .text.USBD_CtlSendStatus  usbd_ioreq.o
    0x08002a14   0x08002a14   0x00000020   Code   RO         1173    .text.USBD_FS_ConfigStrDescriptor  usbd_desc.o
    0x08002a34   0x08002a34   0x0000000c   Code   RO         1163    .text.USBD_FS_DeviceDescriptor  usbd_desc.o
    0x08002a40   0x08002a40   0x00000024   Code   RO         1175    .text.USBD_FS_InterfaceStrDescriptor  usbd_desc.o
    0x08002a64   0x08002a64   0x0000000c   Code   RO         1165    .text.USBD_FS_LangIDStrDescriptor  usbd_desc.o
    0x08002a70   0x08002a70   0x00000028   Code   RO         1167    .text.USBD_FS_ManufacturerStrDescriptor  usbd_desc.o
    0x08002a98   0x08002a98   0x00000030   Code   RO         1169    .text.USBD_FS_ProductStrDescriptor  usbd_desc.o
    0x08002ac8   0x08002ac8   0x00000110   Code   RO         1171    .text.USBD_FS_SerialStrDescriptor  usbd_desc.o
    0x08002bd8   0x08002bd8   0x000000ae   Code   RO         1093    .text.USBD_GetString  usbd_ctlreq.o
    0x08002c86   0x08002c86   0x0000002e   Code   RO         1035    .text.USBD_Init     usbd_core.o
    0x08002cb4   0x08002cb4   0x00000020   Code   RO         1232    .text.USBD_LL_ClearStallEP  usbd_conf.o
    0x08002cd4   0x08002cd4   0x00000020   Code   RO         1226    .text.USBD_LL_CloseEP  usbd_conf.o
    0x08002cf4   0x08002cf4   0x000000d0   Code   RO         1055    .text.USBD_LL_DataInStage  usbd_core.o
    0x08002dc4   0x08002dc4   0x00000086   Code   RO         1053    .text.USBD_LL_DataOutStage  usbd_core.o
    0x08002e4a   0x08002e4a   0x0000000e   Code   RO         1242    .text.USBD_LL_GetRxDataSize  usbd_conf.o
    0x08002e58   0x08002e58   0x00000084   Code   RO         1216    .text.USBD_LL_Init  usbd_conf.o
    0x08002edc   0x08002edc   0x00000026   Code   RO         1234    .text.USBD_LL_IsStallEP  usbd_conf.o
    0x08002f02   0x08002f02   0x00000002   PAD
    0x08002f04   0x08002f04   0x00000028   Code   RO         1224    .text.USBD_LL_OpenEP  usbd_conf.o
    0x08002f2c   0x08002f2c   0x00000020   Code   RO         1240    .text.USBD_LL_PrepareReceive  usbd_conf.o
    0x08002f4c   0x08002f4c   0x00000054   Code   RO         1057    .text.USBD_LL_Reset  usbd_core.o
    0x08002fa0   0x08002fa0   0x00000014   Code   RO         1063    .text.USBD_LL_Resume  usbd_core.o
    0x08002fb4   0x08002fb4   0x0000001c   Code   RO         1065    .text.USBD_LL_SOF   usbd_core.o
    0x08002fd0   0x08002fd0   0x00000006   Code   RO         1059    .text.USBD_LL_SetSpeed  usbd_core.o
    0x08002fd6   0x08002fd6   0x00000002   PAD
    0x08002fd8   0x08002fd8   0x00000020   Code   RO         1236    .text.USBD_LL_SetUSBAddress  usbd_conf.o
    0x08002ff8   0x08002ff8   0x0000006a   Code   RO         1051    .text.USBD_LL_SetupStage  usbd_core.o
    0x08003062   0x08003062   0x00000002   PAD
    0x08003064   0x08003064   0x00000020   Code   RO         1230    .text.USBD_LL_StallEP  usbd_conf.o
    0x08003084   0x08003084   0x00000024   Code   RO         1220    .text.USBD_LL_Start  usbd_conf.o
    0x080030a8   0x080030a8   0x00000012   Code   RO         1061    .text.USBD_LL_Suspend  usbd_core.o
    0x080030ba   0x080030ba   0x00000002   PAD
    0x080030bc   0x080030bc   0x00000024   Code   RO         1238    .text.USBD_LL_Transmit  usbd_conf.o
    0x080030e0   0x080030e0   0x00000028   Code   RO         1091    .text.USBD_ParseSetupRequest  usbd_ctlreq.o
    0x08003108   0x08003108   0x00000012   Code   RO         1039    .text.USBD_RegisterClass  usbd_core.o
    0x0800311a   0x0800311a   0x0000001c   Code   RO         1047    .text.USBD_SetClassConfig  usbd_core.o
    0x08003136   0x08003136   0x0000000a   Code   RO         1041    .text.USBD_Start    usbd_core.o
    0x08003140   0x08003140   0x00000278   Code   RO         1083    .text.USBD_StdDevReq  usbd_ctlreq.o
    0x080033b8   0x080033b8   0x00000152   Code   RO         1089    .text.USBD_StdEPReq  usbd_ctlreq.o
    0x0800350a   0x0800350a   0x00000072   Code   RO         1087    .text.USBD_StdItfReq  usbd_ctlreq.o
    0x0800357c   0x0800357c   0x00000002   Code   RO         1248    .text.USBD_static_free  usbd_conf.o
    0x0800357e   0x0800357e   0x00000002   PAD
    0x08003580   0x08003580   0x00000008   Code   RO         1246    .text.USBD_static_malloc  usbd_conf.o
    0x08003588   0x08003588   0x00000230   Code   RO          896    .text.USB_ActivateEndpoint  stm32f0xx_ll_usb.o
    0x080037b8   0x080037b8   0x000000b0   Code   RO          898    .text.USB_DeactivateEndpoint  stm32f0xx_ll_usb.o
    0x08003868   0x08003868   0x00000010   Code   RO          914    .text.USB_DevConnect  stm32f0xx_ll_usb.o
    0x08003878   0x08003878   0x00000014   Code   RO          890    .text.USB_DevInit   stm32f0xx_ll_usb.o
    0x0800388c   0x0800388c   0x00000014   Code   RO          886    .text.USB_DisableGlobalInt  stm32f0xx_ll_usb.o
    0x080038a0   0x080038a0   0x0000006c   Code   RO          906    .text.USB_EPClearStall  stm32f0xx_ll_usb.o
    0x0800390c   0x0800390c   0x0000003c   Code   RO          904    .text.USB_EPSetStall  stm32f0xx_ll_usb.o
    0x08003948   0x08003948   0x0000094c   Code   RO          900    .text.USB_EPStartXfer  stm32f0xx_ll_usb.o
    0x08004294   0x08004294   0x00000018   Code   RO          884    .text.USB_EnableGlobalInt  stm32f0xx_ll_usb.o
    0x080042ac   0x080042ac   0x00000010   Code   RO          983    .text.USB_IRQHandler  stm32f0xx_it.o
    0x080042bc   0x080042bc   0x00000006   Code   RO          918    .text.USB_ReadInterrupts  stm32f0xx_ll_usb.o
    0x080042c2   0x080042c2   0x00000090   Code   RO          924    .text.USB_ReadPMA   stm32f0xx_ll_usb.o
    0x08004352   0x08004352   0x00000012   Code   RO          912    .text.USB_SetDevAddress  stm32f0xx_ll_usb.o
    0x08004364   0x08004364   0x00000050   Code   RO         1147    .text.USB_Status_Init  usbd_cdc_if.o
    0x080043b4   0x080043b4   0x00000098   Code   RO          902    .text.USB_WritePMA  stm32f0xx_ll_usb.o
    0x0800444c   0x0800444c   0x00000002   Code   RO          949    .text.assert_failed  main.o
    0x0800444e   0x0800444e   0x00000002   PAD
    0x08004450   0x08004450   0x000001e4   Code   RO         1300    .text.jump_to_app   open_bootloader.o
    0x08004634   0x08004634   0x0000005c   Code   RO         1277    .text.logger_init   logger.o
    0x08004690   0x08004690   0x000000a0   Code   RO         1279    .text.logger_log    logger.o
    0x08004730   0x08004730   0x00000130   Code   RO          943    .text.main          main.o
    0x08004860   0x08004860   0x00000038   Code   RO         1570    i.__0snprintf       mc_p.l(printfa.o)
    0x08004898   0x08004898   0x00000030   Code   RO         1574    i.__0vsnprintf      mc_p.l(printfa.o)
    0x080048c8   0x080048c8   0x0000002e   Code   RO         1649    i.__ARM_clz         mf_p.l(depilogue.o)
    0x080048f6   0x080048f6   0x0000000e   Code   RO         1653    i.__scatterload_copy  mc_p.l(handlers.o)
    0x08004904   0x08004904   0x00000002   Code   RO         1654    i.__scatterload_null  mc_p.l(handlers.o)
    0x08004906   0x08004906   0x0000000e   Code   RO         1655    i.__scatterload_zeroinit  mc_p.l(handlers.o)
    0x08004914   0x08004914   0x00000174   Code   RO         1576    i._fp_digits        mc_p.l(printfa.o)
    0x08004a88   0x08004a88   0x000006ec   Code   RO         1577    i._printf_core      mc_p.l(printfa.o)
    0x08005174   0x08005174   0x00000020   Code   RO         1578    i._printf_post_padding  mc_p.l(printfa.o)
    0x08005194   0x08005194   0x0000002c   Code   RO         1579    i._printf_pre_padding  mc_p.l(printfa.o)
    0x080051c0   0x080051c0   0x00000016   Code   RO         1580    i._snputc           mc_p.l(printfa.o)
    0x080051d6   0x080051d6   0x00000010   Data   RO           47    .rodata.AHBPrescTable  system_stm32f0xx.o
    0x080051e6   0x080051e6   0x00000020   Data   RO          664    .rodata.cst16       stm32f0xx_hal_rcc.o
    0x08005206   0x08005206   0x00000002   PAD
    0x08005208   0x08005208   0x00000018   Data   RO         1291    .rodata.level_strings  logger.o
    0x08005220   0x08005220   0x00000044   Data   RO          142    .rodata.str1.1      stm32f0xx_hal_cortex.o
    0x08005264   0x08005264   0x00000042   Data   RO          261    .rodata.str1.1      stm32f0xx_hal_gpio.o
    0x080052a6   0x080052a6   0x00000041   Data   RO          544    .rodata.str1.1      stm32f0xx_hal_pcd.o
    0x080052e7   0x080052e7   0x00000041   Data   RO          663    .rodata.str1.1      stm32f0xx_hal_rcc.o
    0x08005328   0x08005328   0x00000044   Data   RO          697    .rodata.str1.1      stm32f0xx_hal_rcc_ex.o
    0x0800536c   0x0800536c   0x00000040   Data   RO          951    .rodata.str1.1      main.o
    0x080053ac   0x080053ac   0x00000034   Data   RO         1290    .rodata.str1.1      logger.o
    0x080053e0   0x080053e0   0x00000020   Data   RO         1652    Region$$Table       anon$$obj.o


    Execution Region RW_IRAM1 (Exec base: 0x20000000, Load base: 0x08005400, Size: 0x00001478, Max: 0x00004000, ABSOLUTE, COMPRESSED[0x000000c0])

    Exec Addr    Load Addr    Size         Type   Attr      Idx    E Section Name        Object

    0x20000000   COMPRESSED   0x00000008   Data   RW          104    .data..L_MergedGlobals  stm32f0xx_hal.o
    0x20000008   COMPRESSED   0x0000001c   Data   RW         1177    .data.FS_Desc       usbd_desc.o
    0x20000024   COMPRESSED   0x00000004   Data   RW           46    .data.SystemCoreClock  system_stm32f0xx.o
    0x20000028   COMPRESSED   0x00000038   Data   RW         1022    .data.USBD_CDC      usbd_cdc.o
    0x20000060   COMPRESSED   0x00000043   Data   RW         1024    .data.USBD_CDC_CfgFSDesc  usbd_cdc.o
    0x200000a3   COMPRESSED   0x00000001   PAD
    0x200000a4   COMPRESSED   0x00000043   Data   RW         1023    .data.USBD_CDC_CfgHSDesc  usbd_cdc.o
    0x200000e7   COMPRESSED   0x00000001   PAD
    0x200000e8   COMPRESSED   0x0000000a   Data   RW         1026    .data.USBD_CDC_DeviceQualifierDesc  usbd_cdc.o
    0x200000f2   COMPRESSED   0x00000002   PAD
    0x200000f4   COMPRESSED   0x00000043   Data   RW         1025    .data.USBD_CDC_OtherSpeedCfgDesc  usbd_cdc.o
    0x20000137   COMPRESSED   0x00000001   PAD
    0x20000138   COMPRESSED   0x00000012   Data   RW         1178    .data.USBD_FS_DeviceDesc  usbd_desc.o
    0x2000014a   COMPRESSED   0x00000002   PAD
    0x2000014c   COMPRESSED   0x00000010   Data   RW         1151    .data.USBD_Interface_fops_FS  usbd_cdc_if.o
    0x2000015c   COMPRESSED   0x00000004   Data   RW         1179    .data.USBD_LangIDDesc  usbd_desc.o
    0x20000160   COMPRESSED   0x0000001a   Data   RW         1180    .data.USBD_StringSerial  usbd_desc.o
    0x2000017a   COMPRESSED   0x00000006   PAD
    0x20000180        -       0x0000002e   Zero   RW          953    .bss..L_MergedGlobals  main.o
    0x200001ae        -       0x00000001   Zero   RW         1095    .bss.USBD_SetConfig.cfgidx  usbd_ctlreq.o
    0x200001af   COMPRESSED   0x00000001   PAD
    0x200001b0        -       0x00000200   Zero   RW         1181    .bss.USBD_StrDesc   usbd_desc.o
    0x200003b0        -       0x00000220   Zero   RW         1251    .bss.USBD_static_malloc.mem  usbd_conf.o
    0x200005d0        -       0x00000200   Zero   RW         1154    .bss.UserRxBufferFS  usbd_cdc_if.o
    0x200007d0        -       0x00000200   Zero   RW         1152    .bss.UserTxBufferFS  usbd_cdc_if.o
    0x200009d0        -       0x000002c4   Zero   RW         1128    .bss.hUsbDeviceFS   usb_device.o
    0x20000c94        -       0x000002dc   Zero   RW         1250    .bss.hpcd_USB_FS    usbd_conf.o
    0x20000f70        -       0x00000102   Zero   RW         1289    .bss.logger         logger.o
    0x20001072   COMPRESSED   0x00000002   PAD
    0x20001074        -       0x00000004   Zero   RW          103    .bss.uwTick         stm32f0xx_hal.o
    0x20001078        -       0x00000400   Zero   RW          933    STACK               startup_stm32f072xb.o


==============================================================================

Image component sizes


      Code (inc. data)   RO Data    RW Data    ZI Data      Debug   Object Name

       252         72         76          0        258       5881   logger.o
       426         52         64          0         46       3836   main.o
       484        120          0          0          0       3688   open_bootloader.o
        28          8        192          0       1024        712   startup_stm32f072xb.o
       192         20          0          8          4       5685   stm32f0xx_hal.o
       168         28         68          0          0       6013   stm32f0xx_hal_cortex.o
       704         28         66          0          0       5568   stm32f0xx_hal_gpio.o
        46          4          0          0          0       1250   stm32f0xx_hal_msp.o
      3482         96         65          0          0      16925   stm32f0xx_hal_pcd.o
        96          0          0          0          0       5921   stm32f0xx_hal_pcd_ex.o
      2000         64         97          0          0       9005   stm32f0xx_hal_rcc.o
       472         20         68          0          0       7084   stm32f0xx_hal_rcc_ex.o
        32          4          0          0          0       1287   stm32f0xx_it.o
      3684        136          0          0          0      24347   stm32f0xx_ll_usb.o
        88         16         16          4          0       1872   system_stm32f0xx.o
        84         16          0          0        708       2946   usb_device.o
       786         16          0        267          0      10387   usbd_cdc.o
       296         20          0         16       1024       5071   usbd_cdc_if.o
       728         32          0          0       1276      15492   usbd_conf.o
       722          0          0          0          0       7988   usbd_core.o
      1318         28          0          0          1       8681   usbd_ctlreq.o
       452         92          0         76        512       4371   usbd_desc.o
       154          0          0          0          0       4515   usbd_ioreq.o

    ----------------------------------------------------------------------
     16718        872        746        380       4860     158525   Object Totals
         0          0         32          0          0          0   (incl. Generated)
        24          0          2          9          7          0   (incl. Padding)

    ----------------------------------------------------------------------

      Code (inc. data)   RO Data    RW Data    ZI Data      Debug   Library Member Name

        86          0          0          0          0          0   __dczerorl2.o
         0          0          0          0          0          0   entry.o
         0          0          0          0          0          0   entry10a.o
         0          0          0          0          0          0   entry11a.o
         8          4          0          0          0          0   entry2.o
         4          0          0          0          0          0   entry5.o
         0          0          0          0          0          0   entry7b.o
         0          0          0          0          0          0   entry8b.o
         8          4          0          0          0          0   entry9a.o
        30          0          0          0          0          0   handlers.o
        36          8          0          0          0         68   init.o
         0          0          0          0          0          0   iusefp.o
        32          0          0          0          0         68   llshl.o
        38          0          0          0          0         68   llsshr.o
        34          0          0          0          0         68   llushr.o
        36          0          0          0          0         60   memcpya.o
        36          0          0          0          0        100   memseta.o
      2346        100          0          0          0        552   printfa.o
        14          0          0          0          0         60   strlen.o
        30          0          0          0          0         72   strncmp.o
        62          0          0          0          0         72   uidiv_div0.o
        96          0          0          0          0         84   uldiv.o
        40          2          0          0          0         68   cdrcmple.o
       356          4          0          0          0        140   dadd.o
       240          6          0          0          0         84   ddiv.o
       236          0          0          0          0        216   depilogue.o
        64         10          0          0          0         68   dfixul.o
       208          6          0          0          0         88   dmul.o

    ----------------------------------------------------------------------
      4040        144          0          0          0       1936   Library Totals
         0          0          0          0          0          0   (incl. Padding)

    ----------------------------------------------------------------------

      Code (inc. data)   RO Data    RW Data    ZI Data      Debug   Library Name

      2896        116          0          0          0       1272   mc_p.l
      1144         28          0          0          0        664   mf_p.l

    ----------------------------------------------------------------------
      4040        144          0          0          0       1936   Library Totals

    ----------------------------------------------------------------------

==============================================================================


      Code (inc. data)   RO Data    RW Data    ZI Data      Debug   

     20758       1016        746        380       4860     159333   Grand Totals
     20758       1016        746        192       4860     159333   ELF Image Totals (compressed)
     20758       1016        746        192          0          0   ROM Totals

==============================================================================

    Total RO  Size (Code + RO Data)                21504 (  21.00kB)
    Total RW  Size (RW Data + ZI Data)              5240 (   5.12kB)
    Total ROM Size (Code + RO Data + RW Data)      21696 (  21.19kB)

==============================================================================

